Archive member included to satisfy reference by file (symbol)

/opt/st/stm32cubeide_1.13.1/plugins/com.st.stm32cube.ide.mcu.externaltools.gnu-tools-for-stm32.11.3.rel1.linux64_1.1.100.202309141235/tools/bin/../lib/gcc/arm-none-eabi/11.3.1/../../../../arm-none-eabi/lib/thumb/v7e-m+fp/hard/libc_nano.a(libc_a-exit.o)
                              /opt/st/stm32cubeide_1.13.1/plugins/com.st.stm32cube.ide.mcu.externaltools.gnu-tools-for-stm32.11.3.rel1.linux64_1.1.100.202309141235/tools/bin/../lib/gcc/arm-none-eabi/11.3.1/../../../../arm-none-eabi/lib/thumb/v7e-m+fp/hard/crt0.o (exit)
/opt/st/stm32cubeide_1.13.1/plugins/com.st.stm32cube.ide.mcu.externaltools.gnu-tools-for-stm32.11.3.rel1.linux64_1.1.100.202309141235/tools/bin/../lib/gcc/arm-none-eabi/11.3.1/../../../../arm-none-eabi/lib/thumb/v7e-m+fp/hard/libc_nano.a(libc_a-malloc.o)
                              ./Application/User/main.o (malloc)
/opt/st/stm32cubeide_1.13.1/plugins/com.st.stm32cube.ide.mcu.externaltools.gnu-tools-for-stm32.11.3.rel1.linux64_1.1.100.202309141235/tools/bin/../lib/gcc/arm-none-eabi/11.3.1/../../../../arm-none-eabi/lib/thumb/v7e-m+fp/hard/libc_nano.a(libc_a-mallocr.o)
                              /opt/st/stm32cubeide_1.13.1/plugins/com.st.stm32cube.ide.mcu.externaltools.gnu-tools-for-stm32.11.3.rel1.linux64_1.1.100.202309141235/tools/bin/../lib/gcc/arm-none-eabi/11.3.1/../../../../arm-none-eabi/lib/thumb/v7e-m+fp/hard/libc_nano.a(libc_a-malloc.o) (_malloc_r)
/opt/st/stm32cubeide_1.13.1/plugins/com.st.stm32cube.ide.mcu.externaltools.gnu-tools-for-stm32.11.3.rel1.linux64_1.1.100.202309141235/tools/bin/../lib/gcc/arm-none-eabi/11.3.1/../../../../arm-none-eabi/lib/thumb/v7e-m+fp/hard/libc_nano.a(libc_a-mlock.o)
                              /opt/st/stm32cubeide_1.13.1/plugins/com.st.stm32cube.ide.mcu.externaltools.gnu-tools-for-stm32.11.3.rel1.linux64_1.1.100.202309141235/tools/bin/../lib/gcc/arm-none-eabi/11.3.1/../../../../arm-none-eabi/lib/thumb/v7e-m+fp/hard/libc_nano.a(libc_a-mallocr.o) (__malloc_lock)
/opt/st/stm32cubeide_1.13.1/plugins/com.st.stm32cube.ide.mcu.externaltools.gnu-tools-for-stm32.11.3.rel1.linux64_1.1.100.202309141235/tools/bin/../lib/gcc/arm-none-eabi/11.3.1/../../../../arm-none-eabi/lib/thumb/v7e-m+fp/hard/libc_nano.a(libc_a-realloc.o)
                              ./Application/User/main.o (realloc)
/opt/st/stm32cubeide_1.13.1/plugins/com.st.stm32cube.ide.mcu.externaltools.gnu-tools-for-stm32.11.3.rel1.linux64_1.1.100.202309141235/tools/bin/../lib/gcc/arm-none-eabi/11.3.1/../../../../arm-none-eabi/lib/thumb/v7e-m+fp/hard/libc_nano.a(libc_a-reallocr.o)
                              /opt/st/stm32cubeide_1.13.1/plugins/com.st.stm32cube.ide.mcu.externaltools.gnu-tools-for-stm32.11.3.rel1.linux64_1.1.100.202309141235/tools/bin/../lib/gcc/arm-none-eabi/11.3.1/../../../../arm-none-eabi/lib/thumb/v7e-m+fp/hard/libc_nano.a(libc_a-realloc.o) (_realloc_r)
/opt/st/stm32cubeide_1.13.1/plugins/com.st.stm32cube.ide.mcu.externaltools.gnu-tools-for-stm32.11.3.rel1.linux64_1.1.100.202309141235/tools/bin/../lib/gcc/arm-none-eabi/11.3.1/../../../../arm-none-eabi/lib/thumb/v7e-m+fp/hard/libc_nano.a(libc_a-findfp.o)
                              /opt/st/stm32cubeide_1.13.1/plugins/com.st.stm32cube.ide.mcu.externaltools.gnu-tools-for-stm32.11.3.rel1.linux64_1.1.100.202309141235/tools/bin/../lib/gcc/arm-none-eabi/11.3.1/../../../../arm-none-eabi/lib/thumb/v7e-m+fp/hard/libc_nano.a(libc_a-exit.o) (__stdio_exit_handler)
/opt/st/stm32cubeide_1.13.1/plugins/com.st.stm32cube.ide.mcu.externaltools.gnu-tools-for-stm32.11.3.rel1.linux64_1.1.100.202309141235/tools/bin/../lib/gcc/arm-none-eabi/11.3.1/../../../../arm-none-eabi/lib/thumb/v7e-m+fp/hard/libc_nano.a(libc_a-fwalk.o)
                              /opt/st/stm32cubeide_1.13.1/plugins/com.st.stm32cube.ide.mcu.externaltools.gnu-tools-for-stm32.11.3.rel1.linux64_1.1.100.202309141235/tools/bin/../lib/gcc/arm-none-eabi/11.3.1/../../../../arm-none-eabi/lib/thumb/v7e-m+fp/hard/libc_nano.a(libc_a-findfp.o) (_fwalk_sglue)
/opt/st/stm32cubeide_1.13.1/plugins/com.st.stm32cube.ide.mcu.externaltools.gnu-tools-for-stm32.11.3.rel1.linux64_1.1.100.202309141235/tools/bin/../lib/gcc/arm-none-eabi/11.3.1/../../../../arm-none-eabi/lib/thumb/v7e-m+fp/hard/libc_nano.a(libc_a-printf.o)
                              ./Application/User/main.o (printf)
/opt/st/stm32cubeide_1.13.1/plugins/com.st.stm32cube.ide.mcu.externaltools.gnu-tools-for-stm32.11.3.rel1.linux64_1.1.100.202309141235/tools/bin/../lib/gcc/arm-none-eabi/11.3.1/../../../../arm-none-eabi/lib/thumb/v7e-m+fp/hard/libc_nano.a(libc_a-putchar.o)
                              ./Application/User/main.o (putchar)
/opt/st/stm32cubeide_1.13.1/plugins/com.st.stm32cube.ide.mcu.externaltools.gnu-tools-for-stm32.11.3.rel1.linux64_1.1.100.202309141235/tools/bin/../lib/gcc/arm-none-eabi/11.3.1/../../../../arm-none-eabi/lib/thumb/v7e-m+fp/hard/libc_nano.a(libc_a-puts.o)
                              ./Application/User/main.o (puts)
[...]
Memory Configuration

Name             Origin             Length             Attributes
RAM              0x0000000020000000 0x0000000000018000 xrw
SRAM2            0x0000000010000000 0x0000000000008000 xrw
ROM              0x0000000008000000 0x0000000000100000 xr
*default*        0x0000000000000000 0xffffffffffffffff

Linker script and memory map

LOAD /opt/st/stm32cubeide_1.13.1/plugins/com.st.stm32cube.ide.mcu.externaltools.gnu-tools-for-stm32.11.3.rel1.linux64_1.1.100.202309141235/tools/bin/../lib/gcc/arm-none-eabi/11.3.1/thumb/v7e-m+fp/hard/crti.o
LOAD /opt/st/stm32cubeide_1.13.1/plugins/com.st.stm32cube.ide.mcu.externaltools.gnu-tools-for-stm32.11.3.rel1.linux64_1.1.100.202309141235/tools/bin/../lib/gcc/arm-none-eabi/11.3.1/thumb/v7e-m+fp/hard/crtbegin.o
LOAD /opt/st/stm32cubeide_1.13.1/plugins/com.st.stm32cube.ide.mcu.externaltools.gnu-tools-for-stm32.11.3.rel1.linux64_1.1.100.202309141235/tools/bin/../lib/gcc/arm-none-eabi/11.3.1/../../../../arm-none-eabi/lib/thumb/v7e-m+fp/hard/crt0.o
LOAD ./Application/Startup/startup_stm32l475vgtx.o
LOAD ./Application/User/main.o
LOAD ./Application/User/stm32l4xx_hal_msp.o
LOAD ./Application/User/stm32l4xx_it.o
LOAD ./Application/User/syscalls.o
LOAD ./Application/User/sysmem.o
LOAD ./Application/User/usbh_conf.o
LOAD ./Drivers/BSP/stm32l475e_iot01.o
LOAD ./Drivers/CMSIS/system_stm32l4xx.o
LOAD ./Drivers/STM32L4xx_HAL_Driver/stm32l4xx_hal.o
LOAD ./Drivers/STM32L4xx_HAL_Driver/stm32l4xx_hal_cortex.o
LOAD ./Drivers/STM32L4xx_HAL_Driver/stm32l4xx_hal_dma.o
LOAD ./Drivers/STM32L4xx_HAL_Driver/stm32l4xx_hal_flash.o
LOAD ./Drivers/STM32L4xx_HAL_Driver/stm32l4xx_hal_flash_ex.o
LOAD ./Drivers/STM32L4xx_HAL_Driver/stm32l4xx_hal_gpio.o
LOAD ./Drivers/STM32L4xx_HAL_Driver/stm32l4xx_hal_hcd.o
LOAD ./Drivers/STM32L4xx_HAL_Driver/stm32l4xx_hal_i2c.o
LOAD ./Drivers/STM32L4xx_HAL_Driver/stm32l4xx_hal_i2c_ex.o
LOAD ./Drivers/STM32L4xx_HAL_Driver/stm32l4xx_hal_pwr.o
LOAD ./Drivers/STM32L4xx_HAL_Driver/stm32l4xx_hal_pwr_ex.o
LOAD ./Drivers/STM32L4xx_HAL_Driver/stm32l4xx_hal_rcc.o
LOAD ./Drivers/STM32L4xx_HAL_Driver/stm32l4xx_hal_rcc_ex.o
LOAD ./Drivers/STM32L4xx_HAL_Driver/stm32l4xx_hal_rtc.o
LOAD ./Drivers/STM32L4xx_HAL_Driver/stm32l4xx_hal_rtc_ex.o
LOAD ./Drivers/STM32L4xx_HAL_Driver/stm32l4xx_hal_uart.o
LOAD ./Drivers/STM32L4xx_HAL_Driver/stm32l4xx_hal_uart_ex.o
LOAD ./Drivers/STM32L4xx_HAL_Driver/stm32l4xx_ll_usb.o
LOAD ./Middlewares/FatFs/Core/diskio.o
LOAD ./Middlewares/FatFs/Core/ff.o
LOAD ./Middlewares/FatFs/Core/ff_gen_drv.o
LOAD ./Middlewares/FatFs/Drivers/usbh_diskio_dma.o
LOAD ./Middlewares/FatFs/Option/syscall.o
LOAD ./Middlewares/FatFs/Option/unicode.o
LOAD ./Middlewares/STM32_USBH_Library/Class/MSC/usbh_msc.o
LOAD ./Middlewares/STM32_USBH_Library/Class/MSC/usbh_msc_bot.o
LOAD ./Middlewares/STM32_USBH_Library/Class/MSC/usbh_msc_scsi.o
LOAD ./Middlewares/STM32_USBH_Library/Core/usbh_core.o
LOAD ./Middlewares/STM32_USBH_Library/Core/usbh_ctlreq.o
LOAD ./Middlewares/STM32_USBH_Library/Core/usbh_ioreq.o
LOAD ./Middlewares/STM32_USBH_Library/Core/usbh_pipes.o
START GROUP
LOAD /opt/st/stm32cubeide_1.13.1/plugins/com.st.stm32cube.ide.mcu.externaltools.gnu-tools-for-stm32.11.3.rel1.linux64_1.1.100.202309141235/tools/bin/../lib/gcc/arm-none-eabi/11.3.1/../../../../arm-none-eabi/lib/thumb/v7e-m+fp/hard/libc_nano.a
LOAD /opt/st/stm32cubeide_1.13.1/plugins/com.st.stm32cube.ide.mcu.externaltools.gnu-tools-for-stm32.11.3.rel1.linux64_1.1.100.202309141235/tools/bin/../lib/gcc/arm-none-eabi/11.3.1/../../../../arm-none-eabi/lib/thumb/v7e-m+fp/hard/libm.a
END GROUP
START GROUP
LOAD /opt/st/stm32cubeide_1.13.1/plugins/com.st.stm32cube.ide.mcu.externaltools.gnu-tools-for-stm32.11.3.rel1.linux64_1.1.100.202309141235/tools/bin/../lib/gcc/arm-none-eabi/11.3.1/thumb/v7e-m+fp/hard/libgcc.a
LOAD /opt/st/stm32cubeide_1.13.1/plugins/com.st.stm32cube.ide.mcu.externaltools.gnu-tools-for-stm32.11.3.rel1.linux64_1.1.100.202309141235/tools/bin/../lib/gcc/arm-none-eabi/11.3.1/../../../../arm-none-eabi/lib/thumb/v7e-m+fp/hard/libc_nano.a
END GROUP
START GROUP
LOAD /opt/st/stm32cubeide_1.13.1/plugins/com.st.stm32cube.ide.mcu.externaltools.gnu-tools-for-stm32.11.3.rel1.linux64_1.1.100.202309141235/tools/bin/../lib/gcc/arm-none-eabi/11.3.1/thumb/v7e-m+fp/hard/libgcc.a
LOAD /opt/st/stm32cubeide_1.13.1/plugins/com.st.stm32cube.ide.mcu.externaltools.gnu-tools-for-stm32.11.3.rel1.linux64_1.1.100.202309141235/tools/bin/../lib/gcc/arm-none-eabi/11.3.1/../../../../arm-none-eabi/lib/thumb/v7e-m+fp/hard/libc_nano.a
LOAD /opt/st/stm32cubeide_1.13.1/plugins/com.st.stm32cube.ide.mcu.externaltools.gnu-tools-for-stm32.11.3.rel1.linux64_1.1.100.202309141235/tools/bin/../lib/gcc/arm-none-eabi/11.3.1/../../../../arm-none-eabi/lib/thumb/v7e-m+fp/hard/libnosys.a
END GROUP
START GROUP
LOAD /opt/st/stm32cubeide_1.13.1/plugins/com.st.stm32cube.ide.mcu.externaltools.gnu-tools-for-stm32.11.3.rel1.linux64_1.1.100.202309141235/tools/bin/../lib/gcc/arm-none-eabi/11.3.1/thumb/v7e-m+fp/hard/libgcc.a
LOAD /opt/st/stm32cubeide_1.13.1/plugins/com.st.stm32cube.ide.mcu.externaltools.gnu-tools-for-stm32.11.3.rel1.linux64_1.1.100.202309141235/tools/bin/../lib/gcc/arm-none-eabi/11.3.1/../../../../arm-none-eabi/lib/thumb/v7e-m+fp/hard/libc_nano.a
LOAD /opt/st/stm32cubeide_1.13.1/plugins/com.st.stm32cube.ide.mcu.externaltools.gnu-tools-for-stm32.11.3.rel1.linux64_1.1.100.202309141235/tools/bin/../lib/gcc/arm-none-eabi/11.3.1/../../../../arm-none-eabi/lib/thumb/v7e-m+fp/hard/libnosys.a
END GROUP
LOAD /opt/st/stm32cubeide_1.13.1/plugins/com.st.stm32cube.ide.mcu.externaltools.gnu-tools-for-stm32.11.3.rel1.linux64_1.1.100.202309141235/tools/bin/../lib/gcc/arm-none-eabi/11.3.1/thumb/v7e-m+fp/hard/crtend.o
LOAD /opt/st/stm32cubeide_1.13.1/plugins/com.st.stm32cube.ide.mcu.externaltools.gnu-tools-for-stm32.11.3.rel1.linux64_1.1.100.202309141235/tools/bin/../lib/gcc/arm-none-eabi/11.3.1/thumb/v7e-m+fp/hard/crtn.o
                0x0000000020018000                _estack = (ORIGIN (RAM) + LENGTH (RAM))
                0x0000000000004000                _Min_Heap_Size = 0x4000
                0x0000000000004000                _Min_Stack_Size = 0x4000

.isr_vector     0x0000000008000000      0x188
                0x0000000008000000                . = ALIGN (0x4)
 *(.isr_vector)
 .isr_vector    0x0000000008000000      0x188 ./Application/Startup/startup_stm32l475vgtx.o
                0x0000000008000000                g_pfnVectors
                0x0000000008000188                . = ALIGN (0x4)

.text           0x0000000008000190     0xde14
                0x0000000008000190                . = ALIGN (0x4)
 *(.text)
 .text          0x0000000008000190       0x40 /opt/st/stm32cubeide_1.13.1/plugins/com.st.stm32cube.ide.mcu.externaltools.gnu-tools-for-stm32.11.3.rel1.linux64_1.1.100.202309141235/tools/bin/../lib/gcc/arm-none-eabi/11.3.1/thumb/v7e-m+fp/hard/crtbegin.o
 .text          0x00000000080001d0       0x10 /opt/st/stm32cubeide_1.13.1/plugins/com.st.stm32cube.ide.mcu.externaltools.gnu-tools-for-stm32.11.3.rel1.linux64_1.1.100.202309141235/tools/bin/../lib/gcc/arm-none-eabi/11.3.1/../../../../arm-none-eabi/lib/thumb/v7e-m+fp/hard/libc_nano.a(libc_a-strlen.o)
                0x00000000080001d0                strlen
 .text          0x00000000080001e0       0xa0 /opt/st/stm32cubeide_1.13.1/plugins/com.st.stm32cube.ide.mcu.externaltools.gnu-tools-for-stm32.11.3.rel1.linux64_1.1.100.202309141235/tools/bin/../lib/gcc/arm-none-eabi/11.3.1/../../../../arm-none-eabi/lib/thumb/v7e-m+fp/hard/libc_nano.a(libc_a-memchr.o)
                0x00000000080001e0                memchr
 .text          0x0000000008000280       0x30 /opt/st/stm32cubeide_1.13.1/plugins/com.st.stm32cube.ide.mcu.externaltools.gnu-tools-for-stm32.11.3.rel1.linux64_1.1.100.202309141235/tools/bin/../lib/gcc/arm-none-eabi/11.3.1/thumb/v7e-m+fp/hard/libgcc.a(_aeabi_uldivmod.o)
                0x0000000008000280                __aeabi_uldivmod
 .text          0x00000000080002b0      0x2c8 /opt/st/stm32cubeide_1.13.1/plugins/com.st.stm32cube.ide.mcu.externaltools.gnu-tools-for-stm32.11.3.rel1.linux64_1.1.100.202309141235/tools/bin/../lib/gcc/arm-none-eabi/11.3.1/thumb/v7e-m+fp/hard/libgcc.a(_udivmoddi4.o)
                0x00000000080002b0                __udivmoddi4
 .text          0x0000000008000578        0x4 /opt/st/stm32cubeide_1.13.1/plugins/com.st.stm32cube.ide.mcu.externaltools.gnu-tools-for-stm32.11.3.rel1.linux64_1.1.100.202309141235/tools/bin/../lib/gcc/arm-none-eabi/11.3.1/thumb/v7e-m+fp/hard/libgcc.a(_dvmd_tls.o)
                0x0000000008000578                __aeabi_ldiv0
                0x0000000008000578                __aeabi_idiv0
 *(.text*)
 .text.Reset_Handler
                0x000000000800057c       0x50 ./Application/Startup/startup_stm32l475vgtx.o
                0x000000000800057c                Reset_Handler
 .text.Default_Handler
                0x00000000080005cc        0x2 ./Application/Startup/startup_stm32l475vgtx.o
                0x00000000080005cc                RTC_Alarm_IRQHandler
                0x00000000080005cc                EXTI2_IRQHandler
                0x00000000080005cc                TIM8_TRG_COM_IRQHandler
                0x00000000080005cc                TIM8_CC_IRQHandler
                0x00000000080005cc                TIM1_CC_IRQHandler
                0x00000000080005cc                TSC_IRQHandler
                0x00000000080005cc                TAMP_STAMP_IRQHandler
                0x00000000080005cc                EXTI3_IRQHandler
                0x00000000080005cc                LPTIM2_IRQHandler
                0x00000000080005cc                DFSDM1_FLT1_IRQHandler
                0x00000000080005cc                I2C3_ER_IRQHandler
                0x00000000080005cc                DFSDM1_FLT2_IRQHandler
                0x00000000080005cc                EXTI0_IRQHandler
                0x00000000080005cc                I2C2_EV_IRQHandler
                0x00000000080005cc                CAN1_RX0_IRQHandler
                0x00000000080005cc                FPU_IRQHandler
                0x00000000080005cc                TIM1_UP_TIM16_IRQHandler
                0x00000000080005cc                ADC1_2_IRQHandler
                0x00000000080005cc                SPI1_IRQHandler
                0x00000000080005cc                TIM6_DAC_IRQHandler
                0x00000000080005cc                TIM8_UP_IRQHandler
                0x00000000080005cc                DMA2_Channel2_IRQHandler
                0x00000000080005cc                DMA1_Channel4_IRQHandler
                0x00000000080005cc                SAI2_IRQHandler
                0x00000000080005cc                DFSDM1_FLT3_IRQHandler
                0x00000000080005cc                USART3_IRQHandler
                0x00000000080005cc                DMA1_Channel7_IRQHandler
                0x00000000080005cc                CAN1_RX1_IRQHandler
                0x00000000080005cc                UART5_IRQHandler
                0x00000000080005cc                ADC3_IRQHandler
                0x00000000080005cc                TIM4_IRQHandler
                0x00000000080005cc                DMA2_Channel1_IRQHandler
                0x00000000080005cc                QUADSPI_IRQHandler
                0x00000000080005cc                I2C1_EV_IRQHandler
                0x00000000080005cc                DMA1_Channel6_IRQHandler
                0x00000000080005cc                UART4_IRQHandler
                0x00000000080005cc                DMA2_Channel4_IRQHandler
                0x00000000080005cc                TIM3_IRQHandler
                0x00000000080005cc                RCC_IRQHandler
                0x00000000080005cc                DMA1_Channel1_IRQHandler
                0x00000000080005cc                Default_Handler
                0x00000000080005cc                DMA2_Channel7_IRQHandler
                0x00000000080005cc                EXTI15_10_IRQHandler
                0x00000000080005cc                TIM7_IRQHandler
                0x00000000080005cc                SDMMC1_IRQHandler
                0x00000000080005cc                TIM5_IRQHandler
                0x00000000080005cc                I2C3_EV_IRQHandler
                0x00000000080005cc                EXTI9_5_IRQHandler
                0x00000000080005cc                RTC_WKUP_IRQHandler
                0x00000000080005cc                PVD_PVM_IRQHandler
                0x00000000080005cc                SPI2_IRQHandler
                0x00000000080005cc                CAN1_TX_IRQHandler
                0x00000000080005cc                DMA2_Channel5_IRQHandler
                0x00000000080005cc                DMA1_Channel5_IRQHandler
                0x00000000080005cc                EXTI4_IRQHandler
                0x00000000080005cc                RNG_IRQHandler
                0x00000000080005cc                TIM1_TRG_COM_TIM17_IRQHandler
                0x00000000080005cc                DMA1_Channel3_IRQHandler
                0x00000000080005cc                COMP_IRQHandler
                0x00000000080005cc                WWDG_IRQHandler
                0x00000000080005cc                LPUART1_IRQHandler
                0x00000000080005cc                DMA2_Channel6_IRQHandler
                0x00000000080005cc                TIM2_IRQHandler
                0x00000000080005cc                EXTI1_IRQHandler
                0x00000000080005cc                USART2_IRQHandler
                0x00000000080005cc                DFSDM1_FLT0_IRQHandler
                0x00000000080005cc                I2C2_ER_IRQHandler
                0x00000000080005cc                DMA1_Channel2_IRQHandler
                0x00000000080005cc                TIM8_BRK_IRQHandler
                0x00000000080005cc                CAN1_SCE_IRQHandler
                0x00000000080005cc                FLASH_IRQHandler
                0x00000000080005cc                SPI3_IRQHandler
                0x00000000080005cc                I2C1_ER_IRQHandler
                0x00000000080005cc                FMC_IRQHandler
                0x00000000080005cc                SWPMI1_IRQHandler
                0x00000000080005cc                LPTIM1_IRQHandler
                0x00000000080005cc                SAI1_IRQHandler
                0x00000000080005cc                DMA2_Channel3_IRQHandler
                0x00000000080005cc                TIM1_BRK_TIM15_IRQHandler
 *fill*         0x00000000080005ce        0x2 
 .text.main     0x00000000080005d0      0x3e0 ./Application/User/main.o
                0x00000000080005d0                main
 .text.MSC_Application
                0x00000000080009b0      0x124 ./Application/User/main.o
                0x00000000080009b0                MSC_Application
 .text.USBH_UserProcess
                0x0000000008000ad4       0x74 ./Application/User/main.o
 .text.initRxBuffer
                0x0000000008000b48       0x4c ./Application/User/main.o
                0x0000000008000b48                initRxBuffer
 .text.deinitRxBuffer
                0x0000000008000b94       0x34 ./Application/User/main.o
                0x0000000008000b94                deinitRxBuffer
 .text.__io_putchar
                0x0000000008000bc8       0x24 ./Application/User/main.o
                0x0000000008000bc8                __io_putchar
 .text.SystemClock_Config
                0x0000000008000bec       0xf4 ./Application/User/main.o
 .text.MX_RTC_Init
                0x0000000008000ce0       0xb8 ./Application/User/main.o
 .text.Error_Handler
                0x0000000008000d98       0x24 ./Application/User/main.o
 .text.HAL_UART_MspInit
                0x0000000008000dbc      0x134 ./Application/User/stm32l4xx_hal_msp.o
                0x0000000008000dbc                HAL_UART_MspInit
 .text.NMI_Handler
                0x0000000008000ef0        0xe ./Application/User/stm32l4xx_it.o
                0x0000000008000ef0                NMI_Handler
 .text.HardFault_Handler
                0x0000000008000efe        0x6 ./Application/User/stm32l4xx_it.o
                0x0000000008000efe                HardFault_Handler
 .text.MemManage_Handler
                0x0000000008000f04        0x6 ./Application/User/stm32l4xx_it.o
                0x0000000008000f04                MemManage_Handler
 .text.BusFault_Handler
                0x0000000008000f0a        0x6 ./Application/User/stm32l4xx_it.o
                0x0000000008000f0a                BusFault_Handler
 .text.UsageFault_Handler
                0x0000000008000f10        0x6 ./Application/User/stm32l4xx_it.o
                0x0000000008000f10                UsageFault_Handler
 .text.SVC_Handler
                0x0000000008000f16        0xe ./Application/User/stm32l4xx_it.o
                0x0000000008000f16                SVC_Handler
 .text.DebugMon_Handler
                0x0000000008000f24        0xe ./Application/User/stm32l4xx_it.o
                0x0000000008000f24                DebugMon_Handler
 .text.PendSV_Handler
                0x0000000008000f32        0xe ./Application/User/stm32l4xx_it.o
                0x0000000008000f32                PendSV_Handler
 .text.SysTick_Handler
                0x0000000008000f40        0xc ./Application/User/stm32l4xx_it.o
                0x0000000008000f40                SysTick_Handler
 .text.OTG_FS_IRQHandler
                0x0000000008000f4c       0x14 ./Application/User/stm32l4xx_it.o
                0x0000000008000f4c                OTG_FS_IRQHandler
 .text.USART1_IRQHandler
                0x0000000008000f60       0x24 ./Application/User/stm32l4xx_it.o
                0x0000000008000f60                USART1_IRQHandler
 .text._read    0x0000000008000f84       0x3a ./Application/User/syscalls.o
                0x0000000008000f84                _read
 .text._write   0x0000000008000fbe       0x38 ./Application/User/syscalls.o
                0x0000000008000fbe                _write
 .text._close   0x0000000008000ff6       0x18 ./Application/User/syscalls.o
                0x0000000008000ff6                _close
 .text._fstat   0x000000000800100e       0x20 ./Application/User/syscalls.o
                0x000000000800100e                _fstat
 .text._isatty  0x000000000800102e       0x16 ./Application/User/syscalls.o
                0x000000000800102e                _isatty
 .text._lseek   0x0000000008001044       0x1a ./Application/User/syscalls.o
                0x0000000008001044                _lseek
 *fill*         0x000000000800105e        0x2 
 .text._sbrk    0x0000000008001060       0x6c ./Application/User/sysmem.o
                0x0000000008001060                _sbrk
 .text.HAL_HCD_MspInit
                0x00000000080010cc       0xd0 ./Application/User/usbh_conf.o
                0x00000000080010cc                HAL_HCD_MspInit
 .text.HAL_HCD_SOF_Callback
                0x000000000800119c       0x1c ./Application/User/usbh_conf.o
                0x000000000800119c                HAL_HCD_SOF_Callback
 .text.HAL_HCD_Connect_Callback
                0x00000000080011b8       0x64 ./Application/User/usbh_conf.o
                0x00000000080011b8                HAL_HCD_Connect_Callback
 .text.HAL_HCD_Disconnect_Callback
                0x000000000800121c       0x1c ./Application/User/usbh_conf.o
                0x000000000800121c                HAL_HCD_Disconnect_Callback
 .text.HAL_HCD_PortEnabled_Callback
                0x0000000008001238       0x1c ./Application/User/usbh_conf.o
                0x0000000008001238                HAL_HCD_PortEnabled_Callback
 .text.HAL_HCD_PortDisabled_Callback
                0x0000000008001254       0x1c ./Application/User/usbh_conf.o
                0x0000000008001254                HAL_HCD_PortDisabled_Callback
 .text.HAL_HCD_HC_NotifyURBChange_Callback
                0x0000000008001270       0x1c ./Application/User/usbh_conf.o
                0x0000000008001270                HAL_HCD_HC_NotifyURBChange_Callback
 .text.USBH_LL_Init
                0x000000000800128c       0x68 ./Application/User/usbh_conf.o
                0x000000000800128c                USBH_LL_Init
 .text.USBH_LL_Start
                0x00000000080012f4       0x1e ./Application/User/usbh_conf.o
                0x00000000080012f4                USBH_LL_Start
 .text.USBH_LL_Stop
                0x0000000008001312       0x1e ./Application/User/usbh_conf.o
                0x0000000008001312                USBH_LL_Stop
 .text.USBH_LL_GetSpeed
                0x0000000008001330       0x40 ./Application/User/usbh_conf.o
                0x0000000008001330                USBH_LL_GetSpeed
 .text.USBH_LL_ResetPort
                0x0000000008001370       0x1e ./Application/User/usbh_conf.o
                0x0000000008001370                USBH_LL_ResetPort
 .text.USBH_LL_GetLastXferSize
                0x000000000800138e       0x26 ./Application/User/usbh_conf.o
                0x000000000800138e                USBH_LL_GetLastXferSize
 .text.USBH_LL_OpenPipe
                0x00000000080013b4       0x42 ./Application/User/usbh_conf.o
                0x00000000080013b4                USBH_LL_OpenPipe
 .text.USBH_LL_ClosePipe
                0x00000000080013f6       0x26 ./Application/User/usbh_conf.o
                0x00000000080013f6                USBH_LL_ClosePipe
 .text.USBH_LL_SubmitURB
                0x000000000800141c       0x48 ./Application/User/usbh_conf.o
                0x000000000800141c                USBH_LL_SubmitURB
 .text.USBH_LL_GetURBState
                0x0000000008001464       0x26 ./Application/User/usbh_conf.o
                0x0000000008001464                USBH_LL_GetURBState
 *fill*         0x000000000800148a        0x2 
 .text.USBH_LL_DriverVBUS
                0x000000000800148c       0x40 ./Application/User/usbh_conf.o
                0x000000000800148c                USBH_LL_DriverVBUS
 .text.USBH_LL_SetToggle
                0x00000000080014cc       0x64 ./Application/User/usbh_conf.o
                0x00000000080014cc                USBH_LL_SetToggle
 .text.USBH_LL_GetToggle
                0x0000000008001530       0x64 ./Application/User/usbh_conf.o
                0x0000000008001530                USBH_LL_GetToggle
 .text.USBH_Delay
                0x0000000008001594       0x16 ./Application/User/usbh_conf.o
                0x0000000008001594                USBH_Delay
 *fill*         0x00000000080015aa        0x2 
 .text.SystemInit
                0x00000000080015ac       0x6c ./Drivers/CMSIS/system_stm32l4xx.o
                0x00000000080015ac                SystemInit
 .text.HAL_Init
                0x0000000008001618       0x30 ./Drivers/STM32L4xx_HAL_Driver/stm32l4xx_hal.o
                0x0000000008001618                HAL_Init
 .text.HAL_MspInit
                0x0000000008001648        0xe ./Drivers/STM32L4xx_HAL_Driver/stm32l4xx_hal.o
                0x0000000008001648                HAL_MspInit
 *fill*         0x0000000008001656        0x2 
 .text.HAL_InitTick
                0x0000000008001658       0x78 ./Drivers/STM32L4xx_HAL_Driver/stm32l4xx_hal.o
                0x0000000008001658                HAL_InitTick
 .text.HAL_IncTick
                0x00000000080016d0       0x28 ./Drivers/STM32L4xx_HAL_Driver/stm32l4xx_hal.o
                0x00000000080016d0                HAL_IncTick
 .text.HAL_GetTick
                0x00000000080016f8       0x18 ./Drivers/STM32L4xx_HAL_Driver/stm32l4xx_hal.o
                0x00000000080016f8                HAL_GetTick
 .text.HAL_Delay
                0x0000000008001710       0x48 ./Drivers/STM32L4xx_HAL_Driver/stm32l4xx_hal.o
                0x0000000008001710                HAL_Delay
 .text.__NVIC_SetPriorityGrouping
                0x0000000008001758       0x48 ./Drivers/STM32L4xx_HAL_Driver/stm32l4xx_hal_cortex.o
 .text.__NVIC_GetPriorityGrouping
                0x00000000080017a0       0x1c ./Drivers/STM32L4xx_HAL_Driver/stm32l4xx_hal_cortex.o
 .text.__NVIC_EnableIRQ
                0x00000000080017bc       0x3c ./Drivers/STM32L4xx_HAL_Driver/stm32l4xx_hal_cortex.o
 .text.__NVIC_SetPriority
                0x00000000080017f8       0x54 ./Drivers/STM32L4xx_HAL_Driver/stm32l4xx_hal_cortex.o
 .text.NVIC_EncodePriority
                0x000000000800184c       0x66 ./Drivers/STM32L4xx_HAL_Driver/stm32l4xx_hal_cortex.o
 *fill*         0x00000000080018b2        0x2 
 .text.SysTick_Config
                0x00000000080018b4       0x44 ./Drivers/STM32L4xx_HAL_Driver/stm32l4xx_hal_cortex.o
 .text.HAL_NVIC_SetPriorityGrouping
                0x00000000080018f8       0x16 ./Drivers/STM32L4xx_HAL_Driver/stm32l4xx_hal_cortex.o
                0x00000000080018f8                HAL_NVIC_SetPriorityGrouping
 .text.HAL_NVIC_SetPriority
                0x000000000800190e       0x38 ./Drivers/STM32L4xx_HAL_Driver/stm32l4xx_hal_cortex.o
                0x000000000800190e                HAL_NVIC_SetPriority
 .text.HAL_NVIC_EnableIRQ
                0x0000000008001946       0x1c ./Drivers/STM32L4xx_HAL_Driver/stm32l4xx_hal_cortex.o
                0x0000000008001946                HAL_NVIC_EnableIRQ
 .text.HAL_SYSTICK_Config
                0x0000000008001962       0x18 ./Drivers/STM32L4xx_HAL_Driver/stm32l4xx_hal_cortex.o
                0x0000000008001962                HAL_SYSTICK_Config
 .text.HAL_DMA_Abort
                0x000000000800197a       0x7c ./Drivers/STM32L4xx_HAL_Driver/stm32l4xx_hal_dma.o
                0x000000000800197a                HAL_DMA_Abort
 .text.HAL_DMA_Abort_IT
                0x00000000080019f6       0x82 ./Drivers/STM32L4xx_HAL_Driver/stm32l4xx_hal_dma.o
                0x00000000080019f6                HAL_DMA_Abort_IT
 .text.HAL_GPIO_Init
                0x0000000008001a78      0x354 ./Drivers/STM32L4xx_HAL_Driver/stm32l4xx_hal_gpio.o
                0x0000000008001a78                HAL_GPIO_Init
 .text.HAL_GPIO_WritePin
                0x0000000008001dcc       0x30 ./Drivers/STM32L4xx_HAL_Driver/stm32l4xx_hal_gpio.o
                0x0000000008001dcc                HAL_GPIO_WritePin
 .text.HAL_HCD_Init
                0x0000000008001dfc       0xf6 ./Drivers/STM32L4xx_HAL_Driver/stm32l4xx_hal_hcd.o
                0x0000000008001dfc                HAL_HCD_Init
 .text.HAL_HCD_HC_Init
                0x0000000008001ef2      0x144 ./Drivers/STM32L4xx_HAL_Driver/stm32l4xx_hal_hcd.o
                0x0000000008001ef2                HAL_HCD_HC_Init
 .text.HAL_HCD_HC_Halt
                0x0000000008002036       0x46 ./Drivers/STM32L4xx_HAL_Driver/stm32l4xx_hal_hcd.o
                0x0000000008002036                HAL_HCD_HC_Halt
 .text.HAL_HCD_HC_SubmitRequest
                0x000000000800207c      0x2dc ./Drivers/STM32L4xx_HAL_Driver/stm32l4xx_hal_hcd.o
                0x000000000800207c                HAL_HCD_HC_SubmitRequest
 .text.HAL_HCD_IRQHandler
                0x0000000008002358      0x21e ./Drivers/STM32L4xx_HAL_Driver/stm32l4xx_hal_hcd.o
                0x0000000008002358                HAL_HCD_IRQHandler
 .text.HAL_HCD_Start
                0x0000000008002576       0x46 ./Drivers/STM32L4xx_HAL_Driver/stm32l4xx_hal_hcd.o
                0x0000000008002576                HAL_HCD_Start
 .text.HAL_HCD_Stop
                0x00000000080025bc       0x3a ./Drivers/STM32L4xx_HAL_Driver/stm32l4xx_hal_hcd.o
                0x00000000080025bc                HAL_HCD_Stop
 .text.HAL_HCD_ResetPort
                0x00000000080025f6       0x1c ./Drivers/STM32L4xx_HAL_Driver/stm32l4xx_hal_hcd.o
                0x00000000080025f6                HAL_HCD_ResetPort
 .text.HAL_HCD_HC_GetURBState
                0x0000000008002612       0x2a ./Drivers/STM32L4xx_HAL_Driver/stm32l4xx_hal_hcd.o
                0x0000000008002612                HAL_HCD_HC_GetURBState
 .text.HAL_HCD_HC_GetXferCount
                0x000000000800263c       0x2a ./Drivers/STM32L4xx_HAL_Driver/stm32l4xx_hal_hcd.o
                0x000000000800263c                HAL_HCD_HC_GetXferCount
 .text.HAL_HCD_GetCurrentFrame
                0x0000000008002666       0x1c ./Drivers/STM32L4xx_HAL_Driver/stm32l4xx_hal_hcd.o
                0x0000000008002666                HAL_HCD_GetCurrentFrame
 .text.HAL_HCD_GetCurrentSpeed
                0x0000000008002682       0x1c ./Drivers/STM32L4xx_HAL_Driver/stm32l4xx_hal_hcd.o
                0x0000000008002682                HAL_HCD_GetCurrentSpeed
 .text.HAL_HCD_HC_ClearHubInfo
                0x000000000800269e       0x42 ./Drivers/STM32L4xx_HAL_Driver/stm32l4xx_hal_hcd.o
                0x000000000800269e                HAL_HCD_HC_ClearHubInfo
 .text.HCD_HC_IN_IRQHandler
                0x00000000080026e0      0x876 ./Drivers/STM32L4xx_HAL_Driver/stm32l4xx_hal_hcd.o
 .text.HCD_HC_OUT_IRQHandler
                0x0000000008002f56      0x5ac ./Drivers/STM32L4xx_HAL_Driver/stm32l4xx_hal_hcd.o
 .text.HCD_RXQLVL_IRQHandler
                0x0000000008003502      0x1be ./Drivers/STM32L4xx_HAL_Driver/stm32l4xx_hal_hcd.o
 .text.HCD_Port_IRQHandler
                0x00000000080036c0       0xe6 ./Drivers/STM32L4xx_HAL_Driver/stm32l4xx_hal_hcd.o
 *fill*         0x00000000080037a6        0x2 
 .text.HAL_PWREx_GetVoltageRange
                0x00000000080037a8       0x1c ./Drivers/STM32L4xx_HAL_Driver/stm32l4xx_hal_pwr_ex.o
                0x00000000080037a8                HAL_PWREx_GetVoltageRange
 .text.HAL_PWREx_EnableVddUSB
                0x00000000080037c4       0x20 ./Drivers/STM32L4xx_HAL_Driver/stm32l4xx_hal_pwr_ex.o
                0x00000000080037c4                HAL_PWREx_EnableVddUSB
 .text.HAL_RCC_OscConfig
                0x00000000080037e4      0x7b8 ./Drivers/STM32L4xx_HAL_Driver/stm32l4xx_hal_rcc.o
                0x00000000080037e4                HAL_RCC_OscConfig
 .text.HAL_RCC_ClockConfig
                0x0000000008003f9c      0x200 ./Drivers/STM32L4xx_HAL_Driver/stm32l4xx_hal_rcc.o
                0x0000000008003f9c                HAL_RCC_ClockConfig
 .text.HAL_RCC_GetSysClockFreq
                0x000000000800419c      0x118 ./Drivers/STM32L4xx_HAL_Driver/stm32l4xx_hal_rcc.o
                0x000000000800419c                HAL_RCC_GetSysClockFreq
 .text.HAL_RCC_GetHCLKFreq
                0x00000000080042b4       0x18 ./Drivers/STM32L4xx_HAL_Driver/stm32l4xx_hal_rcc.o
                0x00000000080042b4                HAL_RCC_GetHCLKFreq
 .text.HAL_RCC_GetPCLK1Freq
                0x00000000080042cc       0x2c ./Drivers/STM32L4xx_HAL_Driver/stm32l4xx_hal_rcc.o
                0x00000000080042cc                HAL_RCC_GetPCLK1Freq
 .text.HAL_RCC_GetPCLK2Freq
                0x00000000080042f8       0x2c ./Drivers/STM32L4xx_HAL_Driver/stm32l4xx_hal_rcc.o
                0x00000000080042f8                HAL_RCC_GetPCLK2Freq
 .text.RCC_SetFlashLatencyFromMSIRange
                0x0000000008004324       0xc0 ./Drivers/STM32L4xx_HAL_Driver/stm32l4xx_hal_rcc.o
 .text.HAL_RCCEx_PeriphCLKConfig
                0x00000000080043e4      0x5d4 ./Drivers/STM32L4xx_HAL_Driver/stm32l4xx_hal_rcc_ex.o
                0x00000000080043e4                HAL_RCCEx_PeriphCLKConfig
 .text.HAL_RCCEx_EnableMSIPLLMode
                0x00000000080049b8       0x20 ./Drivers/STM32L4xx_HAL_Driver/stm32l4xx_hal_rcc_ex.o
                0x00000000080049b8                HAL_RCCEx_EnableMSIPLLMode
 .text.RCCEx_PLLSAI1_Config
                0x00000000080049d8      0x1e8 ./Drivers/STM32L4xx_HAL_Driver/stm32l4xx_hal_rcc_ex.o
 .text.RCCEx_PLLSAI2_Config
                0x0000000008004bc0      0x1bc ./Drivers/STM32L4xx_HAL_Driver/stm32l4xx_hal_rcc_ex.o
 .text.HAL_UART_Init
                0x0000000008004d7c       0x9c ./Drivers/STM32L4xx_HAL_Driver/stm32l4xx_hal_uart.o
                0x0000000008004d7c                HAL_UART_Init
 .text.HAL_UART_Transmit
                0x0000000008004e18      0x114 ./Drivers/STM32L4xx_HAL_Driver/stm32l4xx_hal_uart.o
                0x0000000008004e18                HAL_UART_Transmit
 .text.HAL_UART_IRQHandler
                0x0000000008004f2c      0x5d4 ./Drivers/STM32L4xx_HAL_Driver/stm32l4xx_hal_uart.o
                0x0000000008004f2c                HAL_UART_IRQHandler
 .text.HAL_UART_TxCpltCallback
                0x0000000008005500       0x14 ./Drivers/STM32L4xx_HAL_Driver/stm32l4xx_hal_uart.o
                0x0000000008005500                HAL_UART_TxCpltCallback
 .text.HAL_UART_ErrorCallback
                0x0000000008005514       0x14 ./Drivers/STM32L4xx_HAL_Driver/stm32l4xx_hal_uart.o
                0x0000000008005514                HAL_UART_ErrorCallback
 .text.HAL_UARTEx_RxEventCallback
                0x0000000008005528       0x18 ./Drivers/STM32L4xx_HAL_Driver/stm32l4xx_hal_uart.o
                0x0000000008005528                HAL_UARTEx_RxEventCallback
 .text.UART_SetConfig
                0x0000000008005540      0x570 ./Drivers/STM32L4xx_HAL_Driver/stm32l4xx_hal_uart.o
                0x0000000008005540                UART_SetConfig
 .text.UART_AdvFeatureConfig
                0x0000000008005ab0      0x144 ./Drivers/STM32L4xx_HAL_Driver/stm32l4xx_hal_uart.o
                0x0000000008005ab0                UART_AdvFeatureConfig
 .text.UART_CheckIdleState
                0x0000000008005bf4      0x150 ./Drivers/STM32L4xx_HAL_Driver/stm32l4xx_hal_uart.o
                0x0000000008005bf4                UART_CheckIdleState
 .text.UART_WaitOnFlagUntilTimeout
                0x0000000008005d44       0xda ./Drivers/STM32L4xx_HAL_Driver/stm32l4xx_hal_uart.o
                0x0000000008005d44                UART_WaitOnFlagUntilTimeout
 .text.UART_EndRxTransfer
                0x0000000008005e1e       0xc8 ./Drivers/STM32L4xx_HAL_Driver/stm32l4xx_hal_uart.o
 .text.UART_DMAAbortOnError
                0x0000000008005ee6       0x2c ./Drivers/STM32L4xx_HAL_Driver/stm32l4xx_hal_uart.o
 .text.UART_EndTransmit_IT
                0x0000000008005f12       0x54 ./Drivers/STM32L4xx_HAL_Driver/stm32l4xx_hal_uart.o
 .text.HAL_UARTEx_WakeupCallback
                0x0000000008005f66       0x14 ./Drivers/STM32L4xx_HAL_Driver/stm32l4xx_hal_uart_ex.o
                0x0000000008005f66                HAL_UARTEx_WakeupCallback
 .text.USB_CoreInit
                0x0000000008005f7a       0x58 ./Drivers/STM32L4xx_HAL_Driver/stm32l4xx_ll_usb.o
                0x0000000008005f7a                USB_CoreInit
 .text.USB_EnableGlobalInt
                0x0000000008005fd2       0x22 ./Drivers/STM32L4xx_HAL_Driver/stm32l4xx_ll_usb.o
                0x0000000008005fd2                USB_EnableGlobalInt
 .text.USB_DisableGlobalInt
                0x0000000008005ff4       0x22 ./Drivers/STM32L4xx_HAL_Driver/stm32l4xx_ll_usb.o
                0x0000000008005ff4                USB_DisableGlobalInt
 .text.USB_SetCurrentMode
                0x0000000008006016       0x98 ./Drivers/STM32L4xx_HAL_Driver/stm32l4xx_ll_usb.o
                0x0000000008006016                USB_SetCurrentMode
 *fill*         0x00000000080060ae        0x2 
 .text.USB_FlushTxFifo
                0x00000000080060b0       0x68 ./Drivers/STM32L4xx_HAL_Driver/stm32l4xx_ll_usb.o
                0x00000000080060b0                USB_FlushTxFifo
 .text.USB_FlushRxFifo
                0x0000000008006118       0x60 ./Drivers/STM32L4xx_HAL_Driver/stm32l4xx_ll_usb.o
                0x0000000008006118                USB_FlushRxFifo
 .text.USB_WritePacket
                0x0000000008006178       0x74 ./Drivers/STM32L4xx_HAL_Driver/stm32l4xx_ll_usb.o
                0x0000000008006178                USB_WritePacket
 .text.USB_ReadPacket
                0x00000000080061ec       0xb0 ./Drivers/STM32L4xx_HAL_Driver/stm32l4xx_ll_usb.o
                0x00000000080061ec                USB_ReadPacket
 .text.USB_ReadInterrupts
                0x000000000800629c       0x26 ./Drivers/STM32L4xx_HAL_Driver/stm32l4xx_ll_usb.o
                0x000000000800629c                USB_ReadInterrupts
 .text.USB_ReadChInterrupts
                0x00000000080062c2       0x42 ./Drivers/STM32L4xx_HAL_Driver/stm32l4xx_ll_usb.o
                0x00000000080062c2                USB_ReadChInterrupts
 .text.USB_GetMode
                0x0000000008006304       0x1c ./Drivers/STM32L4xx_HAL_Driver/stm32l4xx_ll_usb.o
                0x0000000008006304                USB_GetMode
 .text.USB_CoreReset
                0x0000000008006320       0x68 ./Drivers/STM32L4xx_HAL_Driver/stm32l4xx_ll_usb.o
 .text.USB_HostInit
                0x0000000008006388      0x104 ./Drivers/STM32L4xx_HAL_Driver/stm32l4xx_ll_usb.o
                0x0000000008006388                USB_HostInit
 .text.USB_InitFSLSPClkSel
                0x000000000800648c       0x7a ./Drivers/STM32L4xx_HAL_Driver/stm32l4xx_ll_usb.o
                0x000000000800648c                USB_InitFSLSPClkSel
 .text.USB_ResetPort
                0x0000000008006506       0x54 ./Drivers/STM32L4xx_HAL_Driver/stm32l4xx_ll_usb.o
                0x0000000008006506                USB_ResetPort
 .text.USB_DriveVbus
                0x000000000800655a       0x72 ./Drivers/STM32L4xx_HAL_Driver/stm32l4xx_ll_usb.o
                0x000000000800655a                USB_DriveVbus
 .text.USB_GetHostSpeed
                0x00000000080065cc       0x2e ./Drivers/STM32L4xx_HAL_Driver/stm32l4xx_ll_usb.o
                0x00000000080065cc                USB_GetHostSpeed
 .text.USB_GetCurrentFrame
                0x00000000080065fa       0x22 ./Drivers/STM32L4xx_HAL_Driver/stm32l4xx_ll_usb.o
                0x00000000080065fa                USB_GetCurrentFrame
 .text.USB_HC_Init
                0x000000000800661c      0x218 ./Drivers/STM32L4xx_HAL_Driver/stm32l4xx_ll_usb.o
                0x000000000800661c                USB_HC_Init
 .text.USB_HC_StartXfer
                0x0000000008006834      0x1f0 ./Drivers/STM32L4xx_HAL_Driver/stm32l4xx_ll_usb.o
                0x0000000008006834                USB_HC_StartXfer
 .text.USB_HC_ReadInterrupt
                0x0000000008006a24       0x22 ./Drivers/STM32L4xx_HAL_Driver/stm32l4xx_ll_usb.o
                0x0000000008006a24                USB_HC_ReadInterrupt
 .text.USB_HC_Halt
                0x0000000008006a46      0x240 ./Drivers/STM32L4xx_HAL_Driver/stm32l4xx_ll_usb.o
                0x0000000008006a46                USB_HC_Halt
 .text.USB_StopHost
                0x0000000008006c86      0x124 ./Drivers/STM32L4xx_HAL_Driver/stm32l4xx_ll_usb.o
                0x0000000008006c86                USB_StopHost
 *fill*         0x0000000008006daa        0x2 
 .text.disk_status
                0x0000000008006dac       0x34 ./Middlewares/FatFs/Core/diskio.o
                0x0000000008006dac                disk_status
 .text.disk_initialize
                0x0000000008006de0       0x4c ./Middlewares/FatFs/Core/diskio.o
                0x0000000008006de0                disk_initialize
 .text.disk_read
                0x0000000008006e2c       0x40 ./Middlewares/FatFs/Core/diskio.o
                0x0000000008006e2c                disk_read
 .text.disk_write
                0x0000000008006e6c       0x40 ./Middlewares/FatFs/Core/diskio.o
                0x0000000008006e6c                disk_write
 .text.disk_ioctl
                0x0000000008006eac       0x3c ./Middlewares/FatFs/Core/diskio.o
                0x0000000008006eac                disk_ioctl
 .text.get_fattime
                0x0000000008006ee8       0x10 ./Middlewares/FatFs/Core/diskio.o
                0x0000000008006ee8                get_fattime
 .text.ld_word  0x0000000008006ef8       0x30 ./Middlewares/FatFs/Core/ff.o
 .text.ld_dword
                0x0000000008006f28       0x46 ./Middlewares/FatFs/Core/ff.o
 .text.st_word  0x0000000008006f6e       0x36 ./Middlewares/FatFs/Core/ff.o
 .text.st_dword
                0x0000000008006fa4       0x58 ./Middlewares/FatFs/Core/ff.o
 .text.mem_cpy  0x0000000008006ffc       0x42 ./Middlewares/FatFs/Core/ff.o
 .text.mem_set  0x000000000800703e       0x36 ./Middlewares/FatFs/Core/ff.o
 .text.mem_cmp  0x0000000008007074       0x4e ./Middlewares/FatFs/Core/ff.o
 .text.chk_chr  0x00000000080070c2       0x36 ./Middlewares/FatFs/Core/ff.o
 .text.chk_lock
                0x00000000080070f8       0xb8 ./Middlewares/FatFs/Core/ff.o
 .text.enq_lock
                0x00000000080071b0       0x44 ./Middlewares/FatFs/Core/ff.o
 .text.inc_lock
                0x00000000080071f4      0x11c ./Middlewares/FatFs/Core/ff.o
 .text.dec_lock
                0x0000000008007310       0x78 ./Middlewares/FatFs/Core/ff.o
 .text.clear_lock
                0x0000000008007388       0x48 ./Middlewares/FatFs/Core/ff.o
 .text.sync_window
                0x00000000080073d0       0x88 ./Middlewares/FatFs/Core/ff.o
 .text.move_window
                0x0000000008007458       0x5a ./Middlewares/FatFs/Core/ff.o
 *fill*         0x00000000080074b2        0x2 
 .text.sync_fs  0x00000000080074b4       0xdc ./Middlewares/FatFs/Core/ff.o
 .text.clust2sect
                0x0000000008007590       0x3e ./Middlewares/FatFs/Core/ff.o
 .text.get_fat  0x00000000080075ce      0x150 ./Middlewares/FatFs/Core/ff.o
 .text.put_fat  0x000000000800771e      0x1d4 ./Middlewares/FatFs/Core/ff.o
 .text.remove_chain
                0x00000000080078f2       0xca ./Middlewares/FatFs/Core/ff.o
 .text.create_chain
                0x00000000080079bc      0x130 ./Middlewares/FatFs/Core/ff.o
 .text.clmt_clust
                0x0000000008007aec       0x68 ./Middlewares/FatFs/Core/ff.o
 .text.dir_sdi  0x0000000008007b54       0xf6 ./Middlewares/FatFs/Core/ff.o
 .text.dir_next
                0x0000000008007c4a      0x18a ./Middlewares/FatFs/Core/ff.o
 .text.dir_alloc
                0x0000000008007dd4       0x8e ./Middlewares/FatFs/Core/ff.o
 .text.ld_clust
                0x0000000008007e62       0x3e ./Middlewares/FatFs/Core/ff.o
 .text.st_clust
                0x0000000008007ea0       0x40 ./Middlewares/FatFs/Core/ff.o
 .text.dir_find
                0x0000000008007ee0       0xaa ./Middlewares/FatFs/Core/ff.o
 .text.dir_register
                0x0000000008007f8a       0x64 ./Middlewares/FatFs/Core/ff.o
 *fill*         0x0000000008007fee        0x2 
 .text.create_name
                0x0000000008007ff0      0x128 ./Middlewares/FatFs/Core/ff.o
 .text.follow_path
                0x0000000008008118       0xe2 ./Middlewares/FatFs/Core/ff.o
 .text.get_ldnumber
                0x00000000080081fa       0x88 ./Middlewares/FatFs/Core/ff.o
 *fill*         0x0000000008008282        0x2 
 .text.check_fs
                0x0000000008008284       0xac ./Middlewares/FatFs/Core/ff.o
 .text.find_volume
                0x0000000008008330      0x498 ./Middlewares/FatFs/Core/ff.o
 .text.validate
                0x00000000080087c8       0x6a ./Middlewares/FatFs/Core/ff.o
 *fill*         0x0000000008008832        0x2 
 .text.f_mount  0x0000000008008834       0x8c ./Middlewares/FatFs/Core/ff.o
                0x0000000008008834                f_mount
 .text.f_open   0x00000000080088c0      0x37c ./Middlewares/FatFs/Core/ff.o
                0x00000000080088c0                f_open
 .text.f_read   0x0000000008008c3c      0x27e ./Middlewares/FatFs/Core/ff.o
                0x0000000008008c3c                f_read
 .text.f_write  0x0000000008008eba      0x2ea ./Middlewares/FatFs/Core/ff.o
                0x0000000008008eba                f_write
 .text.f_sync   0x00000000080091a4       0xfc ./Middlewares/FatFs/Core/ff.o
                0x00000000080091a4                f_sync
 .text.f_close  0x00000000080092a0       0x54 ./Middlewares/FatFs/Core/ff.o
                0x00000000080092a0                f_close
 .text.FATFS_LinkDriverEx
                0x00000000080092f4       0x98 ./Middlewares/FatFs/Core/ff_gen_drv.o
                0x00000000080092f4                FATFS_LinkDriverEx
 .text.FATFS_LinkDriver
                0x000000000800938c       0x1e ./Middlewares/FatFs/Core/ff_gen_drv.o
                0x000000000800938c                FATFS_LinkDriver
 *fill*         0x00000000080093aa        0x2 
 .text.FATFS_UnLinkDriverEx
                0x00000000080093ac       0x70 ./Middlewares/FatFs/Core/ff_gen_drv.o
                0x00000000080093ac                FATFS_UnLinkDriverEx
 .text.FATFS_UnLinkDriver
                0x000000000800941c       0x1a ./Middlewares/FatFs/Core/ff_gen_drv.o
                0x000000000800941c                FATFS_UnLinkDriver
 .text.USBH_initialize
                0x0000000008009436       0x18 ./Middlewares/FatFs/Drivers/usbh_diskio_dma.o
                0x0000000008009436                USBH_initialize
 *fill*         0x000000000800944e        0x2 
 .text.USBH_status
                0x0000000008009450       0x38 ./Middlewares/FatFs/Drivers/usbh_diskio_dma.o
                0x0000000008009450                USBH_status
 .text.USBH_read
                0x0000000008009488      0x10c ./Middlewares/FatFs/Drivers/usbh_diskio_dma.o
                0x0000000008009488                USBH_read
 .text.USBH_write
                0x0000000008009594      0x124 ./Middlewares/FatFs/Drivers/usbh_diskio_dma.o
                0x0000000008009594                USBH_write
 .text.USBH_ioctl
                0x00000000080096b8       0xd4 ./Middlewares/FatFs/Drivers/usbh_diskio_dma.o
                0x00000000080096b8                USBH_ioctl
 .text.USBH_MSC_InterfaceInit
                0x000000000800978c      0x244 ./Middlewares/STM32_USBH_Library/Class/MSC/usbh_msc.o
 .text.USBH_MSC_InterfaceDeInit
                0x00000000080099d0       0x8c ./Middlewares/STM32_USBH_Library/Class/MSC/usbh_msc.o
 .text.USBH_MSC_ClassRequest
                0x0000000008009a5c       0xe4 ./Middlewares/STM32_USBH_Library/Class/MSC/usbh_msc.o
 .text.USBH_MSC_Process
                0x0000000008009b40      0x704 ./Middlewares/STM32_USBH_Library/Class/MSC/usbh_msc.o
 .text.USBH_MSC_SOFProcess
                0x000000000800a244       0x16 ./Middlewares/STM32_USBH_Library/Class/MSC/usbh_msc.o
 *fill*         0x000000000800a25a        0x2 
 .text.USBH_MSC_RdWrProcess
                0x000000000800a25c      0x218 ./Middlewares/STM32_USBH_Library/Class/MSC/usbh_msc.o
 .text.USBH_MSC_UnitIsReady
                0x000000000800a474       0x4c ./Middlewares/STM32_USBH_Library/Class/MSC/usbh_msc.o
                0x000000000800a474                USBH_MSC_UnitIsReady
 .text.USBH_MSC_GetLUNInfo
                0x000000000800a4c0       0x48 ./Middlewares/STM32_USBH_Library/Class/MSC/usbh_msc.o
                0x000000000800a4c0                USBH_MSC_GetLUNInfo
 .text.USBH_MSC_Read
                0x000000000800a508       0xd2 ./Middlewares/STM32_USBH_Library/Class/MSC/usbh_msc.o
                0x000000000800a508                USBH_MSC_Read
 .text.USBH_MSC_Write
                0x000000000800a5da       0xd2 ./Middlewares/STM32_USBH_Library/Class/MSC/usbh_msc.o
                0x000000000800a5da                USBH_MSC_Write
 .text.USBH_MSC_BOT_REQ_Reset
                0x000000000800a6ac       0x3a ./Middlewares/STM32_USBH_Library/Class/MSC/usbh_msc_bot.o
                0x000000000800a6ac                USBH_MSC_BOT_REQ_Reset
 .text.USBH_MSC_BOT_REQ_GetMaxLUN
                0x000000000800a6e6       0x3c ./Middlewares/STM32_USBH_Library/Class/MSC/usbh_msc_bot.o
                0x000000000800a6e6                USBH_MSC_BOT_REQ_GetMaxLUN
 *fill*         0x000000000800a722        0x2 
 .text.USBH_MSC_BOT_Init
                0x000000000800a724       0x44 ./Middlewares/STM32_USBH_Library/Class/MSC/usbh_msc_bot.o
                0x000000000800a724                USBH_MSC_BOT_Init
 .text.USBH_MSC_BOT_Process
                0x000000000800a768      0x39c ./Middlewares/STM32_USBH_Library/Class/MSC/usbh_msc_bot.o
                0x000000000800a768                USBH_MSC_BOT_Process
 .text.USBH_MSC_BOT_Abort
                0x000000000800ab04       0x58 ./Middlewares/STM32_USBH_Library/Class/MSC/usbh_msc_bot.o
 .text.USBH_MSC_DecodeCSW
                0x000000000800ab5c       0x88 ./Middlewares/STM32_USBH_Library/Class/MSC/usbh_msc_bot.o
 .text.USBH_MSC_SCSI_TestUnitReady
                0x000000000800abe4       0x86 ./Middlewares/STM32_USBH_Library/Class/MSC/usbh_msc_scsi.o
                0x000000000800abe4                USBH_MSC_SCSI_TestUnitReady
 .text.USBH_MSC_SCSI_ReadCapacity
                0x000000000800ac6a       0xf6 ./Middlewares/STM32_USBH_Library/Class/MSC/usbh_msc_scsi.o
                0x000000000800ac6a                USBH_MSC_SCSI_ReadCapacity
 .text.USBH_MSC_SCSI_Inquiry
                0x000000000800ad60      0x14a ./Middlewares/STM32_USBH_Library/Class/MSC/usbh_msc_scsi.o
                0x000000000800ad60                USBH_MSC_SCSI_Inquiry
 .text.USBH_MSC_SCSI_RequestSense
                0x000000000800aeaa       0xf2 ./Middlewares/STM32_USBH_Library/Class/MSC/usbh_msc_scsi.o
                0x000000000800aeaa                USBH_MSC_SCSI_RequestSense
 .text.USBH_MSC_SCSI_Write
                0x000000000800af9c       0xd6 ./Middlewares/STM32_USBH_Library/Class/MSC/usbh_msc_scsi.o
                0x000000000800af9c                USBH_MSC_SCSI_Write
 .text.USBH_MSC_SCSI_Read
                0x000000000800b072       0xd6 ./Middlewares/STM32_USBH_Library/Class/MSC/usbh_msc_scsi.o
                0x000000000800b072                USBH_MSC_SCSI_Read
 .text.USBH_Init
                0x000000000800b148       0x90 ./Middlewares/STM32_USBH_Library/Core/usbh_core.o
                0x000000000800b148                USBH_Init
 .text.DeInitStateMachine
                0x000000000800b1d8       0xe8 ./Middlewares/STM32_USBH_Library/Core/usbh_core.o
 .text.USBH_RegisterClass
                0x000000000800b2c0       0x84 ./Middlewares/STM32_USBH_Library/Core/usbh_core.o
                0x000000000800b2c0                USBH_RegisterClass
 .text.USBH_SelectInterface
                0x000000000800b344       0xd0 ./Middlewares/STM32_USBH_Library/Core/usbh_core.o
                0x000000000800b344                USBH_SelectInterface
 .text.USBH_FindInterface
                0x000000000800b414       0x8c ./Middlewares/STM32_USBH_Library/Core/usbh_core.o
                0x000000000800b414                USBH_FindInterface
 .text.USBH_Start
                0x000000000800b4a0       0x20 ./Middlewares/STM32_USBH_Library/Core/usbh_core.o
                0x000000000800b4a0                USBH_Start
 .text.USBH_Process
                0x000000000800b4c0      0x4bc ./Middlewares/STM32_USBH_Library/Core/usbh_core.o
                0x000000000800b4c0                USBH_Process
 .text.USBH_HandleEnum
                0x000000000800b97c      0x4f0 ./Middlewares/STM32_USBH_Library/Core/usbh_core.o
 .text.USBH_LL_SetTimer
                0x000000000800be6c       0x1e ./Middlewares/STM32_USBH_Library/Core/usbh_core.o
                0x000000000800be6c                USBH_LL_SetTimer
 .text.USBH_LL_IncTimer
                0x000000000800be8a       0x24 ./Middlewares/STM32_USBH_Library/Core/usbh_core.o
                0x000000000800be8a                USBH_LL_IncTimer
 .text.USBH_HandleSof
                0x000000000800beae       0x30 ./Middlewares/STM32_USBH_Library/Core/usbh_core.o
 .text.USBH_LL_PortEnabled
                0x000000000800bede       0x1c ./Middlewares/STM32_USBH_Library/Core/usbh_core.o
                0x000000000800bede                USBH_LL_PortEnabled
 .text.USBH_LL_PortDisabled
                0x000000000800befa       0x1c ./Middlewares/STM32_USBH_Library/Core/usbh_core.o
                0x000000000800befa                USBH_LL_PortDisabled
 .text.USBH_LL_Connect
                0x000000000800bf16       0x2e ./Middlewares/STM32_USBH_Library/Core/usbh_core.o
                0x000000000800bf16                USBH_LL_Connect
 .text.USBH_LL_Disconnect
                0x000000000800bf44       0x48 ./Middlewares/STM32_USBH_Library/Core/usbh_core.o
                0x000000000800bf44                USBH_LL_Disconnect
 .text.USBH_Get_DevDesc
                0x000000000800bf8c       0x74 ./Middlewares/STM32_USBH_Library/Core/usbh_ctlreq.o
                0x000000000800bf8c                USBH_Get_DevDesc
 .text.USBH_Get_CfgDesc
                0x000000000800c000       0x70 ./Middlewares/STM32_USBH_Library/Core/usbh_ctlreq.o
                0x000000000800c000                USBH_Get_CfgDesc
 .text.USBH_Get_StringDesc
                0x000000000800c070       0x84 ./Middlewares/STM32_USBH_Library/Core/usbh_ctlreq.o
                0x000000000800c070                USBH_Get_StringDesc
 .text.USBH_GetDescriptor
                0x000000000800c0f4       0x6a ./Middlewares/STM32_USBH_Library/Core/usbh_ctlreq.o
                0x000000000800c0f4                USBH_GetDescriptor
 .text.USBH_SetAddress
                0x000000000800c15e       0x48 ./Middlewares/STM32_USBH_Library/Core/usbh_ctlreq.o
                0x000000000800c15e                USBH_SetAddress
 .text.USBH_SetCfg
                0x000000000800c1a6       0x46 ./Middlewares/STM32_USBH_Library/Core/usbh_ctlreq.o
                0x000000000800c1a6                USBH_SetCfg
 .text.USBH_SetFeature
                0x000000000800c1ec       0x48 ./Middlewares/STM32_USBH_Library/Core/usbh_ctlreq.o
                0x000000000800c1ec                USBH_SetFeature
 .text.USBH_ClrFeature
                0x000000000800c234       0x48 ./Middlewares/STM32_USBH_Library/Core/usbh_ctlreq.o
                0x000000000800c234                USBH_ClrFeature
 .text.USBH_ParseDevDesc
                0x000000000800c27c      0x168 ./Middlewares/STM32_USBH_Library/Core/usbh_ctlreq.o
 .text.USBH_ParseCfgDesc
                0x000000000800c3e4      0x1f2 ./Middlewares/STM32_USBH_Library/Core/usbh_ctlreq.o
 .text.USBH_ParseInterfaceDesc
                0x000000000800c5d6       0x68 ./Middlewares/STM32_USBH_Library/Core/usbh_ctlreq.o
 .text.USBH_ParseEPDesc
                0x000000000800c63e      0x1d2 ./Middlewares/STM32_USBH_Library/Core/usbh_ctlreq.o
 .text.USBH_ParseStringDesc
                0x000000000800c810       0x66 ./Middlewares/STM32_USBH_Library/Core/usbh_ctlreq.o
 .text.USBH_GetNextDesc
                0x000000000800c876       0x36 ./Middlewares/STM32_USBH_Library/Core/usbh_ctlreq.o
                0x000000000800c876                USBH_GetNextDesc
 .text.USBH_CtlReq
                0x000000000800c8ac       0x7a ./Middlewares/STM32_USBH_Library/Core/usbh_ctlreq.o
                0x000000000800c8ac                USBH_CtlReq
 *fill*         0x000000000800c926        0x2 
 .text.USBH_HandleControl
                0x000000000800c928      0x304 ./Middlewares/STM32_USBH_Library/Core/usbh_ctlreq.o
 .text.USBH_CtlSendSetup
                0x000000000800cc2c       0x34 ./Middlewares/STM32_USBH_Library/Core/usbh_ioreq.o
                0x000000000800cc2c                USBH_CtlSendSetup
 .text.USBH_CtlSendData
                0x000000000800cc60       0x4a ./Middlewares/STM32_USBH_Library/Core/usbh_ioreq.o
                0x000000000800cc60                USBH_CtlSendData
 .text.USBH_CtlReceiveData
                0x000000000800ccaa       0x3c ./Middlewares/STM32_USBH_Library/Core/usbh_ioreq.o
                0x000000000800ccaa                USBH_CtlReceiveData
 .text.USBH_BulkSendData
                0x000000000800cce6       0x4a ./Middlewares/STM32_USBH_Library/Core/usbh_ioreq.o
                0x000000000800cce6                USBH_BulkSendData
 .text.USBH_BulkReceiveData
                0x000000000800cd30       0x3c ./Middlewares/STM32_USBH_Library/Core/usbh_ioreq.o
                0x000000000800cd30                USBH_BulkReceiveData
 .text.USBH_OpenPipe
                0x000000000800cd6c       0x3e ./Middlewares/STM32_USBH_Library/Core/usbh_pipes.o
                0x000000000800cd6c                USBH_OpenPipe
 .text.USBH_ClosePipe
                0x000000000800cdaa       0x20 ./Middlewares/STM32_USBH_Library/Core/usbh_pipes.o
                0x000000000800cdaa                USBH_ClosePipe
 .text.USBH_AllocPipe
                0x000000000800cdca       0x44 ./Middlewares/STM32_USBH_Library/Core/usbh_pipes.o
                0x000000000800cdca                USBH_AllocPipe
 .text.USBH_FreePipe
                0x000000000800ce0e       0x40 ./Middlewares/STM32_USBH_Library/Core/usbh_pipes.o
                0x000000000800ce0e                USBH_FreePipe
 .text.USBH_GetFreePipe
                0x000000000800ce4e       0x4a ./Middlewares/STM32_USBH_Library/Core/usbh_pipes.o
 .text.malloc   0x000000000800ce98       0x10 /opt/st/stm32cubeide_1.13.1/plugins/com.st.stm32cube.ide.mcu.externaltools.gnu-tools-for-stm32.11.3.rel1.linux64_1.1.100.202309141235/tools/bin/../lib/gcc/arm-none-eabi/11.3.1/../../../../arm-none-eabi/lib/thumb/v7e-m+fp/hard/libc_nano.a(libc_a-malloc.o)
                0x000000000800ce98                malloc
 .text.free     0x000000000800cea8       0x10 /opt/st/stm32cubeide_1.13.1/plugins/com.st.stm32cube.ide.mcu.externaltools.gnu-tools-for-stm32.11.3.rel1.linux64_1.1.100.202309141235/tools/bin/../lib/gcc/arm-none-eabi/11.3.1/../../../../arm-none-eabi/lib/thumb/v7e-m+fp/hard/libc_nano.a(libc_a-malloc.o)
                0x000000000800cea8                free
 .text.sbrk_aligned
                0x000000000800ceb8       0x40 /opt/st/stm32cubeide_1.13.1/plugins/com.st.stm32cube.ide.mcu.externaltools.gnu-tools-for-stm32.11.3.rel1.linux64_1.1.100.202309141235/tools/bin/../lib/gcc/arm-none-eabi/11.3.1/../../../../arm-none-eabi/lib/thumb/v7e-m+fp/hard/libc_nano.a(libc_a-mallocr.o)
 .text._malloc_r
                0x000000000800cef8      0x100 /opt/st/stm32cubeide_1.13.1/plugins/com.st.stm32cube.ide.mcu.externaltools.gnu-tools-for-stm32.11.3.rel1.linux64_1.1.100.202309141235/tools/bin/../lib/gcc/arm-none-eabi/11.3.1/../../../../arm-none-eabi/lib/thumb/v7e-m+fp/hard/libc_nano.a(libc_a-mallocr.o)
                0x000000000800cef8                _malloc_r
 .text.__malloc_lock
                0x000000000800cff8        0xc /opt/st/stm32cubeide_1.13.1/plugins/com.st.stm32cube.ide.mcu.externaltools.gnu-tools-for-stm32.11.3.rel1.linux64_1.1.100.202309141235/tools/bin/../lib/gcc/arm-none-eabi/11.3.1/../../../../arm-none-eabi/lib/thumb/v7e-m+fp/hard/libc_nano.a(libc_a-mlock.o)
                0x000000000800cff8                __malloc_lock
 .text.__malloc_unlock
                0x000000000800d004        0xc /opt/st/stm32cubeide_1.13.1/plugins/com.st.stm32cube.ide.mcu.externaltools.gnu-tools-for-stm32.11.3.rel1.linux64_1.1.100.202309141235/tools/bin/../lib/gcc/arm-none-eabi/11.3.1/../../../../arm-none-eabi/lib/thumb/v7e-m+fp/hard/libc_nano.a(libc_a-mlock.o)
                0x000000000800d004                __malloc_unlock
 .text.realloc  0x000000000800d010       0x10 /opt/st/stm32cubeide_1.13.1/plugins/com.st.stm32cube.ide.mcu.externaltools.gnu-tools-for-stm32.11.3.rel1.linux64_1.1.100.202309141235/tools/bin/../lib/gcc/arm-none-eabi/11.3.1/../../../../arm-none-eabi/lib/thumb/v7e-m+fp/hard/libc_nano.a(libc_a-realloc.o)
                0x000000000800d010                realloc
 .text._realloc_r
                0x000000000800d020       0x5e /opt/st/stm32cubeide_1.13.1/plugins/com.st.stm32cube.ide.mcu.externaltools.gnu-tools-for-stm32.11.3.rel1.linux64_1.1.100.202309141235/tools/bin/../lib/gcc/arm-none-eabi/11.3.1/../../../../arm-none-eabi/lib/thumb/v7e-m+fp/hard/libc_nano.a(libc_a-reallocr.o)
                0x000000000800d020                _realloc_r
 *fill*         0x000000000800d07e        0x2 
 .text.std      0x000000000800d080       0x6c /opt/st/stm32cubeide_1.13.1/plugins/com.st.stm32cube.ide.mcu.externaltools.gnu-tools-for-stm32.11.3.rel1.linux64_1.1.100.202309141235/tools/bin/../lib/gcc/arm-none-eabi/11.3.1/../../../../arm-none-eabi/lib/thumb/v7e-m+fp/hard/libc_nano.a(libc_a-findfp.o)
 .text.stdio_exit_handler
                0x000000000800d0ec       0x18 /opt/st/stm32cubeide_1.13.1/plugins/com.st.stm32cube.ide.mcu.externaltools.gnu-tools-for-stm32.11.3.rel1.linux64_1.1.100.202309141235/tools/bin/../lib/gcc/arm-none-eabi/11.3.1/../../../../arm-none-eabi/lib/thumb/v7e-m+fp/hard/libc_nano.a(libc_a-findfp.o)
 .text.cleanup_stdio
                0x000000000800d104       0x40 /opt/st/stm32cubeide_1.13.1/plugins/com.st.stm32cube.ide.mcu.externaltools.gnu-tools-for-stm32.11.3.rel1.linux64_1.1.100.202309141235/tools/bin/../lib/gcc/arm-none-eabi/11.3.1/../../../../arm-none-eabi/lib/thumb/v7e-m+fp/hard/libc_nano.a(libc_a-findfp.o)
 .text.global_stdio_init.part.0
                0x000000000800d144       0x3c /opt/st/stm32cubeide_1.13.1/plugins/com.st.stm32cube.ide.mcu.externaltools.gnu-tools-for-stm32.11.3.rel1.linux64_1.1.100.202309141235/tools/bin/../lib/gcc/arm-none-eabi/11.3.1/../../../../arm-none-eabi/lib/thumb/v7e-m+fp/hard/libc_nano.a(libc_a-findfp.o)
 .text.__sfp_lock_acquire
                0x000000000800d180        0xc /opt/st/stm32cubeide_1.13.1/plugins/com.st.stm32cube.ide.mcu.externaltools.gnu-tools-for-stm32.11.3.rel1.linux64_1.1.100.202309141235/tools/bin/../lib/gcc/arm-none-eabi/11.3.1/../../../../arm-none-eabi/lib/thumb/v7e-m+fp/hard/libc_nano.a(libc_a-findfp.o)
                0x000000000800d180                __sfp_lock_acquire
 .text.__sfp_lock_release
                0x000000000800d18c        0xc /opt/st/stm32cubeide_1.13.1/plugins/com.st.stm32cube.ide.mcu.externaltools.gnu-tools-for-stm32.11.3.rel1.linux64_1.1.100.202309141235/tools/bin/../lib/gcc/arm-none-eabi/11.3.1/../../../../arm-none-eabi/lib/thumb/v7e-m+fp/hard/libc_nano.a(libc_a-findfp.o)
                0x000000000800d18c                __sfp_lock_release
 .text.__sinit  0x000000000800d198       0x30 /opt/st/stm32cubeide_1.13.1/plugins/com.st.stm32cube.ide.mcu.externaltools.gnu-tools-for-stm32.11.3.rel1.linux64_1.1.100.202309141235/tools/bin/../lib/gcc/arm-none-eabi/11.3.1/../../../../arm-none-eabi/lib/thumb/v7e-m+fp/hard/libc_nano.a(libc_a-findfp.o)
                0x000000000800d198                __sinit
 .text._fwalk_sglue
                0x000000000800d1c8       0x3c /opt/st/stm32cubeide_1.13.1/plugins/com.st.stm32cube.ide.mcu.externaltools.gnu-tools-for-stm32.11.3.rel1.linux64_1.1.100.202309141235/tools/bin/../lib/gcc/arm-none-eabi/11.3.1/../../../../arm-none-eabi/lib/thumb/v7e-m+fp/hard/libc_nano.a(libc_a-fwalk.o)
                0x000000000800d1c8                _fwalk_sglue
 .text.printf   0x000000000800d204       0x24 /opt/st/stm32cubeide_1.13.1/plugins/com.st.stm32cube.ide.mcu.externaltools.gnu-tools-for-stm32.11.3.rel1.linux64_1.1.100.202309141235/tools/bin/../lib/gcc/arm-none-eabi/11.3.1/../../../../arm-none-eabi/lib/thumb/v7e-m+fp/hard/libc_nano.a(libc_a-printf.o)
                0x000000000800d204                printf
                0x000000000800d204                iprintf
 .text.putchar  0x000000000800d228       0x10 /opt/st/stm32cubeide_1.13.1/plugins/com.st.stm32cube.ide.mcu.externaltools.gnu-tools-for-stm32.11.3.rel1.linux64_1.1.100.202309141235/tools/bin/../lib/gcc/arm-none-eabi/11.3.1/../../../../arm-none-eabi/lib/thumb/v7e-m+fp/hard/libc_nano.a(libc_a-putchar.o)
                0x000000000800d228                putchar
 .text._puts_r  0x000000000800d238       0xa8 /opt/st/stm32cubeide_1.13.1/plugins/com.st.stm32cube.ide.mcu.externaltools.gnu-tools-for-stm32.11.3.rel1.linux64_1.1.100.202309141235/tools/bin/../lib/gcc/arm-none-eabi/11.3.1/../../../../arm-none-eabi/lib/thumb/v7e-m+fp/hard/libc_nano.a(libc_a-puts.o)
                0x000000000800d238                _puts_r
 .text.puts     0x000000000800d2e0       0x10 /opt/st/stm32cubeide_1.13.1/plugins/com.st.stm32cube.ide.mcu.externaltools.gnu-tools-for-stm32.11.3.rel1.linux64_1.1.100.202309141235/tools/bin/../lib/gcc/arm-none-eabi/11.3.1/../../../../arm-none-eabi/lib/thumb/v7e-m+fp/hard/libc_nano.a(libc_a-puts.o)
                0x000000000800d2e0                puts
 .text.__sread  0x000000000800d2f0       0x22 /opt/st/stm32cubeide_1.13.1/plugins/com.st.stm32cube.ide.mcu.externaltools.gnu-tools-for-stm32.11.3.rel1.linux64_1.1.100.202309141235/tools/bin/../lib/gcc/arm-none-eabi/11.3.1/../../../../arm-none-eabi/lib/thumb/v7e-m+fp/hard/libc_nano.a(libc_a-stdio.o)
                0x000000000800d2f0                __sread
 .text.__swrite
                0x000000000800d312       0x38 /opt/st/stm32cubeide_1.13.1/plugins/com.st.stm32cube.ide.mcu.externaltools.gnu-tools-for-stm32.11.3.rel1.linux64_1.1.100.202309141235/tools/bin/../lib/gcc/arm-none-eabi/11.3.1/../../../../arm-none-eabi/lib/thumb/v7e-m+fp/hard/libc_nano.a(libc_a-stdio.o)
                0x000000000800d312                __swrite
 .text.__sseek  0x000000000800d34a       0x24 /opt/st/stm32cubeide_1.13.1/plugins/com.st.stm32cube.ide.mcu.externaltools.gnu-tools-for-stm32.11.3.rel1.linux64_1.1.100.202309141235/tools/bin/../lib/gcc/arm-none-eabi/11.3.1/../../../../arm-none-eabi/lib/thumb/v7e-m+fp/hard/libc_nano.a(libc_a-stdio.o)
                0x000000000800d34a                __sseek
 .text.__sclose
                0x000000000800d36e        0x8 /opt/st/stm32cubeide_1.13.1/plugins/com.st.stm32cube.ide.mcu.externaltools.gnu-tools-for-stm32.11.3.rel1.linux64_1.1.100.202309141235/tools/bin/../lib/gcc/arm-none-eabi/11.3.1/../../../../arm-none-eabi/lib/thumb/v7e-m+fp/hard/libc_nano.a(libc_a-stdio.o)
                0x000000000800d36e                __sclose
 .text.__swbuf_r
                0x000000000800d376       0x7a /opt/st/stm32cubeide_1.13.1/plugins/com.st.stm32cube.ide.mcu.externaltools.gnu-tools-for-stm32.11.3.rel1.linux64_1.1.100.202309141235/tools/bin/../lib/gcc/arm-none-eabi/11.3.1/../../../../arm-none-eabi/lib/thumb/v7e-m+fp/hard/libc_nano.a(libc_a-wbuf.o)
                0x000000000800d376                __swbuf_r
 .text.__swsetup_r
                0x000000000800d3f0       0xb0 /opt/st/stm32cubeide_1.13.1/plugins/com.st.stm32cube.ide.mcu.externaltools.gnu-tools-for-stm32.11.3.rel1.linux64_1.1.100.202309141235/tools/bin/../lib/gcc/arm-none-eabi/11.3.1/../../../../arm-none-eabi/lib/thumb/v7e-m+fp/hard/libc_nano.a(libc_a-wsetup.o)
                0x000000000800d3f0                __swsetup_r
 .text.memset   0x000000000800d4a0       0x10 /opt/st/stm32cubeide_1.13.1/plugins/com.st.stm32cube.ide.mcu.externaltools.gnu-tools-for-stm32.11.3.rel1.linux64_1.1.100.202309141235/tools/bin/../lib/gcc/arm-none-eabi/11.3.1/../../../../arm-none-eabi/lib/thumb/v7e-m+fp/hard/libc_nano.a(libc_a-memset.o)
                0x000000000800d4a0                memset
 .text.strcat   0x000000000800d4b0       0x1e /opt/st/stm32cubeide_1.13.1/plugins/com.st.stm32cube.ide.mcu.externaltools.gnu-tools-for-stm32.11.3.rel1.linux64_1.1.100.202309141235/tools/bin/../lib/gcc/arm-none-eabi/11.3.1/../../../../arm-none-eabi/lib/thumb/v7e-m+fp/hard/libc_nano.a(libc_a-strcat.o)
                0x000000000800d4b0                strcat
 .text.strchr   0x000000000800d4ce       0x1a /opt/st/stm32cubeide_1.13.1/plugins/com.st.stm32cube.ide.mcu.externaltools.gnu-tools-for-stm32.11.3.rel1.linux64_1.1.100.202309141235/tools/bin/../lib/gcc/arm-none-eabi/11.3.1/../../../../arm-none-eabi/lib/thumb/v7e-m+fp/hard/libc_nano.a(libc_a-strchr.o)
                0x000000000800d4ce                strchr
 .text.strncpy  0x000000000800d4e8       0x26 /opt/st/stm32cubeide_1.13.1/plugins/com.st.stm32cube.ide.mcu.externaltools.gnu-tools-for-stm32.11.3.rel1.linux64_1.1.100.202309141235/tools/bin/../lib/gcc/arm-none-eabi/11.3.1/../../../../arm-none-eabi/lib/thumb/v7e-m+fp/hard/libc_nano.a(libc_a-strncpy.o)
                0x000000000800d4e8                strncpy
 .text.strstr   0x000000000800d50e       0x2c /opt/st/stm32cubeide_1.13.1/plugins/com.st.stm32cube.ide.mcu.externaltools.gnu-tools-for-stm32.11.3.rel1.linux64_1.1.100.202309141235/tools/bin/../lib/gcc/arm-none-eabi/11.3.1/../../../../arm-none-eabi/lib/thumb/v7e-m+fp/hard/libc_nano.a(libc_a-strstr.o)
                0x000000000800d50e                strstr
 *fill*         0x000000000800d53a        0x2 
 .text._close_r
                0x000000000800d53c       0x20 /opt/st/stm32cubeide_1.13.1/plugins/com.st.stm32cube.ide.mcu.externaltools.gnu-tools-for-stm32.11.3.rel1.linux64_1.1.100.202309141235/tools/bin/../lib/gcc/arm-none-eabi/11.3.1/../../../../arm-none-eabi/lib/thumb/v7e-m+fp/hard/libc_nano.a(libc_a-closer.o)
                0x000000000800d53c                _close_r
 .text._lseek_r
                0x000000000800d55c       0x24 /opt/st/stm32cubeide_1.13.1/plugins/com.st.stm32cube.ide.mcu.externaltools.gnu-tools-for-stm32.11.3.rel1.linux64_1.1.100.202309141235/tools/bin/../lib/gcc/arm-none-eabi/11.3.1/../../../../arm-none-eabi/lib/thumb/v7e-m+fp/hard/libc_nano.a(libc_a-lseekr.o)
                0x000000000800d55c                _lseek_r
 .text._read_r  0x000000000800d580       0x24 /opt/st/stm32cubeide_1.13.1/plugins/com.st.stm32cube.ide.mcu.externaltools.gnu-tools-for-stm32.11.3.rel1.linux64_1.1.100.202309141235/tools/bin/../lib/gcc/arm-none-eabi/11.3.1/../../../../arm-none-eabi/lib/thumb/v7e-m+fp/hard/libc_nano.a(libc_a-readr.o)
                0x000000000800d580                _read_r
 .text._sbrk_r  0x000000000800d5a4       0x20 /opt/st/stm32cubeide_1.13.1/plugins/com.st.stm32cube.ide.mcu.externaltools.gnu-tools-for-stm32.11.3.rel1.linux64_1.1.100.202309141235/tools/bin/../lib/gcc/arm-none-eabi/11.3.1/../../../../arm-none-eabi/lib/thumb/v7e-m+fp/hard/libc_nano.a(libc_a-sbrkr.o)
                0x000000000800d5a4                _sbrk_r
 .text._write_r
                0x000000000800d5c4       0x24 /opt/st/stm32cubeide_1.13.1/plugins/com.st.stm32cube.ide.mcu.externaltools.gnu-tools-for-stm32.11.3.rel1.linux64_1.1.100.202309141235/tools/bin/../lib/gcc/arm-none-eabi/11.3.1/../../../../arm-none-eabi/lib/thumb/v7e-m+fp/hard/libc_nano.a(libc_a-writer.o)
                0x000000000800d5c4                _write_r
 .text.__errno  0x000000000800d5e8        0xc /opt/st/stm32cubeide_1.13.1/plugins/com.st.stm32cube.ide.mcu.externaltools.gnu-tools-for-stm32.11.3.rel1.linux64_1.1.100.202309141235/tools/bin/../lib/gcc/arm-none-eabi/11.3.1/../../../../arm-none-eabi/lib/thumb/v7e-m+fp/hard/libc_nano.a(libc_a-errno.o)
                0x000000000800d5e8                __errno
 .text.__libc_init_array
                0x000000000800d5f4       0x48 /opt/st/stm32cubeide_1.13.1/plugins/com.st.stm32cube.ide.mcu.externaltools.gnu-tools-for-stm32.11.3.rel1.linux64_1.1.100.202309141235/tools/bin/../lib/gcc/arm-none-eabi/11.3.1/../../../../arm-none-eabi/lib/thumb/v7e-m+fp/hard/libc_nano.a(libc_a-init.o)
                0x000000000800d5f4                __libc_init_array
 .text.__retarget_lock_init_recursive
                0x000000000800d63c        0x2 /opt/st/stm32cubeide_1.13.1/plugins/com.st.stm32cube.ide.mcu.externaltools.gnu-tools-for-stm32.11.3.rel1.linux64_1.1.100.202309141235/tools/bin/../lib/gcc/arm-none-eabi/11.3.1/../../../../arm-none-eabi/lib/thumb/v7e-m+fp/hard/libc_nano.a(libc_a-lock.o)
                0x000000000800d63c                __retarget_lock_init_recursive
 .text.__retarget_lock_acquire_recursive
                0x000000000800d63e        0x2 /opt/st/stm32cubeide_1.13.1/plugins/com.st.stm32cube.ide.mcu.externaltools.gnu-tools-for-stm32.11.3.rel1.linux64_1.1.100.202309141235/tools/bin/../lib/gcc/arm-none-eabi/11.3.1/../../../../arm-none-eabi/lib/thumb/v7e-m+fp/hard/libc_nano.a(libc_a-lock.o)
                0x000000000800d63e                __retarget_lock_acquire_recursive
 .text.__retarget_lock_release_recursive
                0x000000000800d640        0x2 /opt/st/stm32cubeide_1.13.1/plugins/com.st.stm32cube.ide.mcu.externaltools.gnu-tools-for-stm32.11.3.rel1.linux64_1.1.100.202309141235/tools/bin/../lib/gcc/arm-none-eabi/11.3.1/../../../../arm-none-eabi/lib/thumb/v7e-m+fp/hard/libc_nano.a(libc_a-lock.o)
                0x000000000800d640                __retarget_lock_release_recursive
 .text.strcpy   0x000000000800d642       0x10 /opt/st/stm32cubeide_1.13.1/plugins/com.st.stm32cube.ide.mcu.externaltools.gnu-tools-for-stm32.11.3.rel1.linux64_1.1.100.202309141235/tools/bin/../lib/gcc/arm-none-eabi/11.3.1/../../../../arm-none-eabi/lib/thumb/v7e-m+fp/hard/libc_nano.a(libc_a-strcpy.o)
                0x000000000800d642                strcpy
 .text.memcpy   0x000000000800d652       0x1c /opt/st/stm32cubeide_1.13.1/plugins/com.st.stm32cube.ide.mcu.externaltools.gnu-tools-for-stm32.11.3.rel1.linux64_1.1.100.202309141235/tools/bin/../lib/gcc/arm-none-eabi/11.3.1/../../../../arm-none-eabi/lib/thumb/v7e-m+fp/hard/libc_nano.a(libc_a-memcpy-stub.o)
                0x000000000800d652                memcpy
 *fill*         0x000000000800d66e        0x2 
 .text._free_r  0x000000000800d670       0x98 /opt/st/stm32cubeide_1.13.1/plugins/com.st.stm32cube.ide.mcu.externaltools.gnu-tools-for-stm32.11.3.rel1.linux64_1.1.100.202309141235/tools/bin/../lib/gcc/arm-none-eabi/11.3.1/../../../../arm-none-eabi/lib/thumb/v7e-m+fp/hard/libc_nano.a(libc_a-freer.o)
                0x000000000800d670                _free_r
 .text._malloc_usable_size_r
                0x000000000800d708       0x10 /opt/st/stm32cubeide_1.13.1/plugins/com.st.stm32cube.ide.mcu.externaltools.gnu-tools-for-stm32.11.3.rel1.linux64_1.1.100.202309141235/tools/bin/../lib/gcc/arm-none-eabi/11.3.1/../../../../arm-none-eabi/lib/thumb/v7e-m+fp/hard/libc_nano.a(libc_a-msizer.o)
                0x000000000800d708                _malloc_usable_size_r
 .text.__sfputc_r
                0x000000000800d718       0x2e /opt/st/stm32cubeide_1.13.1/plugins/com.st.stm32cube.ide.mcu.externaltools.gnu-tools-for-stm32.11.3.rel1.linux64_1.1.100.202309141235/tools/bin/../lib/gcc/arm-none-eabi/11.3.1/../../../../arm-none-eabi/lib/thumb/v7e-m+fp/hard/libc_nano.a(libc_a-nano-vfprintf.o)
 .text.__sfputs_r
                0x000000000800d746       0x24 /opt/st/stm32cubeide_1.13.1/plugins/com.st.stm32cube.ide.mcu.externaltools.gnu-tools-for-stm32.11.3.rel1.linux64_1.1.100.202309141235/tools/bin/../lib/gcc/arm-none-eabi/11.3.1/../../../../arm-none-eabi/lib/thumb/v7e-m+fp/hard/libc_nano.a(libc_a-nano-vfprintf.o)
                0x000000000800d746                __sfputs_r
 *fill*         0x000000000800d76a        0x2 
 .text._vfprintf_r
                0x000000000800d76c      0x234 /opt/st/stm32cubeide_1.13.1/plugins/com.st.stm32cube.ide.mcu.externaltools.gnu-tools-for-stm32.11.3.rel1.linux64_1.1.100.202309141235/tools/bin/../lib/gcc/arm-none-eabi/11.3.1/../../../../arm-none-eabi/lib/thumb/v7e-m+fp/hard/libc_nano.a(libc_a-nano-vfprintf.o)
                0x000000000800d76c                _vfiprintf_r
                0x000000000800d76c                _vfprintf_r
 .text._printf_common
                0x000000000800d9a0       0xda /opt/st/stm32cubeide_1.13.1/plugins/com.st.stm32cube.ide.mcu.externaltools.gnu-tools-for-stm32.11.3.rel1.linux64_1.1.100.202309141235/tools/bin/../lib/gcc/arm-none-eabi/11.3.1/../../../../arm-none-eabi/lib/thumb/v7e-m+fp/hard/libc_nano.a(libc_a-nano-vfprintf_i.o)
                0x000000000800d9a0                _printf_common
 *fill*         0x000000000800da7a        0x2 
 .text._printf_i
                0x000000000800da7c      0x244 /opt/st/stm32cubeide_1.13.1/plugins/com.st.stm32cube.ide.mcu.externaltools.gnu-tools-for-stm32.11.3.rel1.linux64_1.1.100.202309141235/tools/bin/../lib/gcc/arm-none-eabi/11.3.1/../../../../arm-none-eabi/lib/thumb/v7e-m+fp/hard/libc_nano.a(libc_a-nano-vfprintf_i.o)
                0x000000000800da7c                _printf_i
 .text.__sflush_r
                0x000000000800dcc0      0x10c /opt/st/stm32cubeide_1.13.1/plugins/com.st.stm32cube.ide.mcu.externaltools.gnu-tools-for-stm32.11.3.rel1.linux64_1.1.100.202309141235/tools/bin/../lib/gcc/arm-none-eabi/11.3.1/../../../../arm-none-eabi/lib/thumb/v7e-m+fp/hard/libc_nano.a(libc_a-fflush.o)
                0x000000000800dcc0                __sflush_r
 .text._fflush_r
                0x000000000800ddcc       0x50 /opt/st/stm32cubeide_1.13.1/plugins/com.st.stm32cube.ide.mcu.externaltools.gnu-tools-for-stm32.11.3.rel1.linux64_1.1.100.202309141235/tools/bin/../lib/gcc/arm-none-eabi/11.3.1/../../../../arm-none-eabi/lib/thumb/v7e-m+fp/hard/libc_nano.a(libc_a-fflush.o)
                0x000000000800ddcc                _fflush_r
 .text.__swhatbuf_r
                0x000000000800de1c       0x4c /opt/st/stm32cubeide_1.13.1/plugins/com.st.stm32cube.ide.mcu.externaltools.gnu-tools-for-stm32.11.3.rel1.linux64_1.1.100.202309141235/tools/bin/../lib/gcc/arm-none-eabi/11.3.1/../../../../arm-none-eabi/lib/thumb/v7e-m+fp/hard/libc_nano.a(libc_a-makebuf.o)
                0x000000000800de1c                __swhatbuf_r
 .text.__smakebuf_r
                0x000000000800de68       0x78 /opt/st/stm32cubeide_1.13.1/plugins/com.st.stm32cube.ide.mcu.externaltools.gnu-tools-for-stm32.11.3.rel1.linux64_1.1.100.202309141235/tools/bin/../lib/gcc/arm-none-eabi/11.3.1/../../../../arm-none-eabi/lib/thumb/v7e-m+fp/hard/libc_nano.a(libc_a-makebuf.o)
                0x000000000800de68                __smakebuf_r
 .text._putc_r  0x000000000800dee0       0x68 /opt/st/stm32cubeide_1.13.1/plugins/com.st.stm32cube.ide.mcu.externaltools.gnu-tools-for-stm32.11.3.rel1.linux64_1.1.100.202309141235/tools/bin/../lib/gcc/arm-none-eabi/11.3.1/../../../../arm-none-eabi/lib/thumb/v7e-m+fp/hard/libc_nano.a(libc_a-putc.o)
                0x000000000800dee0                _putc_r
 .text._fstat_r
                0x000000000800df48       0x24 /opt/st/stm32cubeide_1.13.1/plugins/com.st.stm32cube.ide.mcu.externaltools.gnu-tools-for-stm32.11.3.rel1.linux64_1.1.100.202309141235/tools/bin/../lib/gcc/arm-none-eabi/11.3.1/../../../../arm-none-eabi/lib/thumb/v7e-m+fp/hard/libc_nano.a(libc_a-fstatr.o)
                0x000000000800df48                _fstat_r
 .text._isatty_r
                0x000000000800df6c       0x20 /opt/st/stm32cubeide_1.13.1/plugins/com.st.stm32cube.ide.mcu.externaltools.gnu-tools-for-stm32.11.3.rel1.linux64_1.1.100.202309141235/tools/bin/../lib/gcc/arm-none-eabi/11.3.1/../../../../arm-none-eabi/lib/thumb/v7e-m+fp/hard/libc_nano.a(libc_a-isattyr.o)
                0x000000000800df6c                _isatty_r
 *(.glue_7)
 .glue_7        0x000000000800df8c        0x0 linker stubs
 *(.glue_7t)
 .glue_7t       0x000000000800df8c        0x0 linker stubs
 *(.eh_frame)
 .eh_frame      0x000000000800df8c        0x0 /opt/st/stm32cubeide_1.13.1/plugins/com.st.stm32cube.ide.mcu.externaltools.gnu-tools-for-stm32.11.3.rel1.linux64_1.1.100.202309141235/tools/bin/../lib/gcc/arm-none-eabi/11.3.1/thumb/v7e-m+fp/hard/crtbegin.o
 *(.init)
 .init          0x000000000800df8c        0x4 /opt/st/stm32cubeide_1.13.1/plugins/com.st.stm32cube.ide.mcu.externaltools.gnu-tools-for-stm32.11.3.rel1.linux64_1.1.100.202309141235/tools/bin/../lib/gcc/arm-none-eabi/11.3.1/thumb/v7e-m+fp/hard/crti.o
                0x000000000800df8c                _init
 .init          0x000000000800df90        0x8 /opt/st/stm32cubeide_1.13.1/plugins/com.st.stm32cube.ide.mcu.externaltools.gnu-tools-for-stm32.11.3.rel1.linux64_1.1.100.202309141235/tools/bin/../lib/gcc/arm-none-eabi/11.3.1/thumb/v7e-m+fp/hard/crtn.o
 *(.fini)
 .fini          0x000000000800df98        0x4 /opt/st/stm32cubeide_1.13.1/plugins/com.st.stm32cube.ide.mcu.externaltools.gnu-tools-for-stm32.11.3.rel1.linux64_1.1.100.202309141235/tools/bin/../lib/gcc/arm-none-eabi/11.3.1/thumb/v7e-m+fp/hard/crti.o
                0x000000000800df98                _fini
 .fini          0x000000000800df9c        0x8 /opt/st/stm32cubeide_1.13.1/plugins/com.st.stm32cube.ide.mcu.externaltools.gnu-tools-for-stm32.11.3.rel1.linux64_1.1.100.202309141235/tools/bin/../lib/gcc/arm-none-eabi/11.3.1/thumb/v7e-m+fp/hard/crtn.o
                0x000000000800dfa4                . = ALIGN (0x4)
                0x000000000800dfa4                _etext = .

.vfp11_veneer   0x000000000800dfa4        0x0
 .vfp11_veneer  0x000000000800dfa4        0x0 linker stubs

.v4_bx          0x000000000800dfa4        0x0
 .v4_bx         0x000000000800dfa4        0x0 linker stubs

.iplt           0x000000000800dfa4        0x0
 .iplt          0x000000000800dfa4        0x0 /opt/st/stm32cubeide_1.13.1/plugins/com.st.stm32cube.ide.mcu.externaltools.gnu-tools-for-stm32.11.3.rel1.linux64_1.1.100.202309141235/tools/bin/../lib/gcc/arm-none-eabi/11.3.1/thumb/v7e-m+fp/hard/crtbegin.o

.rodata         0x000000000800dfa4      0x9e4
                0x000000000800dfa4                . = ALIGN (0x4)
 *(.rodata)
 .rodata        0x000000000800dfa4      0x2b3 ./Application/User/main.o
 *fill*         0x000000000800e257        0x1 
 .rodata        0x000000000800e258       0x26 ./Application/User/usbh_conf.o
 *fill*         0x000000000800e27e        0x2 
 .rodata        0x000000000800e280       0x44 ./Middlewares/FatFs/Core/ff.o
 .rodata        0x000000000800e2c4       0x3d ./Middlewares/FatFs/Drivers/usbh_diskio_dma.o
 *fill*         0x000000000800e301        0x3 
 .rodata        0x000000000800e304      0x138 ./Middlewares/STM32_USBH_Library/Class/MSC/usbh_msc.o
 .rodata        0x000000000800e43c      0x338 ./Middlewares/STM32_USBH_Library/Core/usbh_core.o
 .rodata        0x000000000800e774      0x101 ./Middlewares/STM32_USBH_Library/Core/usbh_ctlreq.o
 *(.rodata*)
 *fill*         0x000000000800e875        0x3 
 .rodata.AHBPrescTable
                0x000000000800e878       0x10 ./Drivers/CMSIS/system_stm32l4xx.o
                0x000000000800e878                AHBPrescTable
 .rodata.APBPrescTable
                0x000000000800e888        0x8 ./Drivers/CMSIS/system_stm32l4xx.o
                0x000000000800e888                APBPrescTable
 .rodata.MSIRangeTable
                0x000000000800e890       0x30 ./Drivers/CMSIS/system_stm32l4xx.o
                0x000000000800e890                MSIRangeTable
 .rodata.ExCvt  0x000000000800e8c0       0x80 ./Middlewares/FatFs/Core/ff.o
 .rodata.USBH_Driver
                0x000000000800e940       0x14 ./Middlewares/FatFs/Drivers/usbh_diskio_dma.o
                0x000000000800e940                USBH_Driver
 .rodata._vfprintf_r.str1.1
                0x000000000800e954       0x11 /opt/st/stm32cubeide_1.13.1/plugins/com.st.stm32cube.ide.mcu.externaltools.gnu-tools-for-stm32.11.3.rel1.linux64_1.1.100.202309141235/tools/bin/../lib/gcc/arm-none-eabi/11.3.1/../../../../arm-none-eabi/lib/thumb/v7e-m+fp/hard/libc_nano.a(libc_a-nano-vfprintf.o)
 .rodata._printf_i.str1.1
                0x000000000800e965       0x22 /opt/st/stm32cubeide_1.13.1/plugins/com.st.stm32cube.ide.mcu.externaltools.gnu-tools-for-stm32.11.3.rel1.linux64_1.1.100.202309141235/tools/bin/../lib/gcc/arm-none-eabi/11.3.1/../../../../arm-none-eabi/lib/thumb/v7e-m+fp/hard/libc_nano.a(libc_a-nano-vfprintf_i.o)
                0x000000000800e988                . = ALIGN (0x4)
 *fill*         0x000000000800e987        0x1 

.ARM.extab      0x000000000800e988        0x0
                0x000000000800e988                . = ALIGN (0x4)
 *(.ARM.extab* .gnu.linkonce.armextab.*)
                0x000000000800e988                . = ALIGN (0x4)

.ARM            0x000000000800e988        0x8
                0x000000000800e988                . = ALIGN (0x4)
                0x000000000800e988                __exidx_start = .
 *(.ARM.exidx*)
 .ARM.exidx     0x000000000800e988        0x8 /opt/st/stm32cubeide_1.13.1/plugins/com.st.stm32cube.ide.mcu.externaltools.gnu-tools-for-stm32.11.3.rel1.linux64_1.1.100.202309141235/tools/bin/../lib/gcc/arm-none-eabi/11.3.1/thumb/v7e-m+fp/hard/libgcc.a(_udivmoddi4.o)
                0x000000000800e990                __exidx_end = .
                0x000000000800e990                . = ALIGN (0x4)

.rel.dyn        0x000000000800e990        0x0
 .rel.iplt      0x000000000800e990        0x0 /opt/st/stm32cubeide_1.13.1/plugins/com.st.stm32cube.ide.mcu.externaltools.gnu-tools-for-stm32.11.3.rel1.linux64_1.1.100.202309141235/tools/bin/../lib/gcc/arm-none-eabi/11.3.1/thumb/v7e-m+fp/hard/crtbegin.o

.preinit_array  0x000000000800e990        0x0
                0x000000000800e990                . = ALIGN (0x4)
                0x000000000800e990                PROVIDE (__preinit_array_start = .)
 *(.preinit_array*)
                0x000000000800e990                PROVIDE (__preinit_array_end = .)
                0x000000000800e990                . = ALIGN (0x4)

.init_array     0x000000000800e990        0x4
                0x000000000800e990                . = ALIGN (0x4)
                0x000000000800e990                PROVIDE (__init_array_start = .)
 *(SORT_BY_NAME(.init_array.*))
 *(.init_array*)
 .init_array    0x000000000800e990        0x4 /opt/st/stm32cubeide_1.13.1/plugins/com.st.stm32cube.ide.mcu.externaltools.gnu-tools-for-stm32.11.3.rel1.linux64_1.1.100.202309141235/tools/bin/../lib/gcc/arm-none-eabi/11.3.1/thumb/v7e-m+fp/hard/crtbegin.o
                0x000000000800e994                PROVIDE (__init_array_end = .)
                0x000000000800e994                . = ALIGN (0x4)

.fini_array     0x000000000800e994        0x4
                0x000000000800e994                . = ALIGN (0x4)
                [!provide]                        PROVIDE (__fini_array_start = .)
 *(SORT_BY_NAME(.fini_array.*))
 *(.fini_array*)
 .fini_array    0x000000000800e994        0x4 /opt/st/stm32cubeide_1.13.1/plugins/com.st.stm32cube.ide.mcu.externaltools.gnu-tools-for-stm32.11.3.rel1.linux64_1.1.100.202309141235/tools/bin/../lib/gcc/arm-none-eabi/11.3.1/thumb/v7e-m+fp/hard/crtbegin.o
                [!provide]                        PROVIDE (__fini_array_end = .)
                0x000000000800e998                . = ALIGN (0x4)
                0x000000000800e998                _sidata = LOADADDR (.data)

.data           0x0000000020000000       0x8c load address 0x000000000800e998
                0x0000000020000000                . = ALIGN (0x4)
                0x0000000020000000                _sdata = .
 *(.data)
 *(.data*)
 .data.header   0x0000000020000000        0x4 ./Application/User/main.o
                0x0000000020000000                header
 .data.SystemCoreClock
                0x0000000020000004        0x4 ./Drivers/CMSIS/system_stm32l4xx.o
                0x0000000020000004                SystemCoreClock
 .data.uwTickPrio
                0x0000000020000008        0x4 ./Drivers/STM32L4xx_HAL_Driver/stm32l4xx_hal.o
                0x0000000020000008                uwTickPrio
 .data.uwTickFreq
                0x000000002000000c        0x1 ./Drivers/STM32L4xx_HAL_Driver/stm32l4xx_hal.o
                0x000000002000000c                uwTickFreq
 *fill*         0x000000002000000d        0x3 
 .data.USBH_msc
                0x0000000020000010       0x20 ./Middlewares/STM32_USBH_Library/Class/MSC/usbh_msc.o
                0x0000000020000010                USBH_msc
 .data.__sglue  0x0000000020000030        0xc /opt/st/stm32cubeide_1.13.1/plugins/com.st.stm32cube.ide.mcu.externaltools.gnu-tools-for-stm32.11.3.rel1.linux64_1.1.100.202309141235/tools/bin/../lib/gcc/arm-none-eabi/11.3.1/../../../../arm-none-eabi/lib/thumb/v7e-m+fp/hard/libc_nano.a(libc_a-findfp.o)
                0x0000000020000030                __sglue
 .data._impure_data
                0x000000002000003c       0x4c /opt/st/stm32cubeide_1.13.1/plugins/com.st.stm32cube.ide.mcu.externaltools.gnu-tools-for-stm32.11.3.rel1.linux64_1.1.100.202309141235/tools/bin/../lib/gcc/arm-none-eabi/11.3.1/../../../../arm-none-eabi/lib/thumb/v7e-m+fp/hard/libc_nano.a(libc_a-impure.o)
                0x000000002000003c                _impure_data
 .data._impure_ptr
                0x0000000020000088        0x4 /opt/st/stm32cubeide_1.13.1/plugins/com.st.stm32cube.ide.mcu.externaltools.gnu-tools-for-stm32.11.3.rel1.linux64_1.1.100.202309141235/tools/bin/../lib/gcc/arm-none-eabi/11.3.1/../../../../arm-none-eabi/lib/thumb/v7e-m+fp/hard/libc_nano.a(libc_a-impure.o)
                0x0000000020000088                _impure_ptr
 *(.RamFunc)
 *(.RamFunc*)
                0x000000002000008c                . = ALIGN (0x4)
                0x000000002000008c                _edata = .
                0x000000000800ea24                _sisram2 = LOADADDR (.sram2)

.igot.plt       0x000000002000008c        0x0 load address 0x000000000800ea24
 .igot.plt      0x000000002000008c        0x0 /opt/st/stm32cubeide_1.13.1/plugins/com.st.stm32cube.ide.mcu.externaltools.gnu-tools-for-stm32.11.3.rel1.linux64_1.1.100.202309141235/tools/bin/../lib/gcc/arm-none-eabi/11.3.1/thumb/v7e-m+fp/hard/crtbegin.o

.sram2          0x0000000010000000        0x0 load address 0x000000000800ea24
                0x0000000010000000                . = ALIGN (0x4)
                0x0000000010000000                _ssram2 = .
 *(.sram2)
 *(.sram2*)
                0x0000000010000000                . = ALIGN (0x4)
                0x0000000010000000                _esram2 = .
                0x0000000010000000                . = ALIGN (0x4)

.bss            0x000000002000008c     0x17b8
                0x000000002000008c                _sbss = .
                0x000000002000008c                __bss_start__ = _sbss
 *(.bss)
 .bss           0x000000002000008c       0x1c /opt/st/stm32cubeide_1.13.1/plugins/com.st.stm32cube.ide.mcu.externaltools.gnu-tools-for-stm32.11.3.rel1.linux64_1.1.100.202309141235/tools/bin/../lib/gcc/arm-none-eabi/11.3.1/thumb/v7e-m+fp/hard/crtbegin.o
 *(.bss*)
 .bss.USBDISKFatFs
                0x00000000200000a8      0x230 ./Application/User/main.o
                0x00000000200000a8                USBDISKFatFs
 .bss.MyFile    0x00000000200002d8      0x230 ./Application/User/main.o
                0x00000000200002d8                MyFile
 .bss.USBDISKPath
                0x0000000020000508        0x4 ./Application/User/main.o
                0x0000000020000508                USBDISKPath
 .bss.hUSBHost  0x000000002000050c      0x4d8 ./Application/User/main.o
                0x000000002000050c                hUSBHost
 .bss.hrtc      0x00000000200009e4       0x24 ./Application/User/main.o
                0x00000000200009e4                hrtc
 .bss.Appli_state
                0x0000000020000a08        0x1 ./Application/User/main.o
                0x0000000020000a08                Appli_state
 *fill*         0x0000000020000a09        0x3 
 .bss.UartHandle
                0x0000000020000a0c       0x88 ./Application/User/main.o
                0x0000000020000a0c                UartHandle
 .bss.Uart4Handle
                0x0000000020000a94       0x88 ./Application/User/main.o
                0x0000000020000a94                Uart4Handle
 .bss.rxBuffer  0x0000000020000b1c        0x4 ./Application/User/main.o
                0x0000000020000b1c                rxBuffer
 .bss.tx_buff   0x0000000020000b20      0x400 ./Application/User/main.o
                0x0000000020000b20                tx_buff
 .bss.sdata     0x0000000020000f20        0x1 ./Application/User/main.o
                0x0000000020000f20                sdata
 *fill*         0x0000000020000f21        0x3 
 .bss.data      0x0000000020000f24        0x4 ./Application/User/main.o
                0x0000000020000f24                data
 .bss.SN        0x0000000020000f28        0xa ./Application/User/main.o
                0x0000000020000f28                SN
 *fill*         0x0000000020000f32        0x2 
 .bss.buf_index
                0x0000000020000f34        0x4 ./Application/User/main.o
                0x0000000020000f34                buf_index
 .bss.buf_size  0x0000000020000f38        0x4 ./Application/User/main.o
                0x0000000020000f38                buf_size
 .bss.txflag    0x0000000020000f3c        0x4 ./Application/User/main.o
                0x0000000020000f3c                txflag
 .bss.__sbrk_heap_end
                0x0000000020000f40        0x4 ./Application/User/sysmem.o
 .bss.hhcd      0x0000000020000f44      0x344 ./Application/User/usbh_conf.o
                0x0000000020000f44                hhcd
 .bss.USBH_fatfs
                0x0000000020001288      0x230 ./Application/User/usbh_conf.o
                0x0000000020001288                USBH_fatfs
 .bss.uwTick    0x00000000200014b8        0x4 ./Drivers/STM32L4xx_HAL_Driver/stm32l4xx_hal.o
                0x00000000200014b8                uwTick
 .bss.FatFs     0x00000000200014bc        0x8 ./Middlewares/FatFs/Core/ff.o
 .bss.Fsid      0x00000000200014c4        0x2 ./Middlewares/FatFs/Core/ff.o
 *fill*         0x00000000200014c6        0x2 
 .bss.Files     0x00000000200014c8       0x20 ./Middlewares/FatFs/Core/ff.o
 .bss.disk      0x00000000200014e8       0x10 ./Middlewares/FatFs/Core/ff_gen_drv.o
                0x00000000200014e8                disk
 .bss.scratch   0x00000000200014f8      0x200 ./Middlewares/FatFs/Drivers/usbh_diskio_dma.o
 .bss.__malloc_free_list
                0x00000000200016f8        0x4 /opt/st/stm32cubeide_1.13.1/plugins/com.st.stm32cube.ide.mcu.externaltools.gnu-tools-for-stm32.11.3.rel1.linux64_1.1.100.202309141235/tools/bin/../lib/gcc/arm-none-eabi/11.3.1/../../../../arm-none-eabi/lib/thumb/v7e-m+fp/hard/libc_nano.a(libc_a-mallocr.o)
                0x00000000200016f8                __malloc_free_list
 .bss.__malloc_sbrk_start
                0x00000000200016fc        0x4 /opt/st/stm32cubeide_1.13.1/plugins/com.st.stm32cube.ide.mcu.externaltools.gnu-tools-for-stm32.11.3.rel1.linux64_1.1.100.202309141235/tools/bin/../lib/gcc/arm-none-eabi/11.3.1/../../../../arm-none-eabi/lib/thumb/v7e-m+fp/hard/libc_nano.a(libc_a-mallocr.o)
                0x00000000200016fc                __malloc_sbrk_start
 .bss.__sf      0x0000000020001700      0x138 /opt/st/stm32cubeide_1.13.1/plugins/com.st.stm32cube.ide.mcu.externaltools.gnu-tools-for-stm32.11.3.rel1.linux64_1.1.100.202309141235/tools/bin/../lib/gcc/arm-none-eabi/11.3.1/../../../../arm-none-eabi/lib/thumb/v7e-m+fp/hard/libc_nano.a(libc_a-findfp.o)
                0x0000000020001700                __sf
 .bss.__stdio_exit_handler
                0x0000000020001838        0x4 /opt/st/stm32cubeide_1.13.1/plugins/com.st.stm32cube.ide.mcu.externaltools.gnu-tools-for-stm32.11.3.rel1.linux64_1.1.100.202309141235/tools/bin/../lib/gcc/arm-none-eabi/11.3.1/../../../../arm-none-eabi/lib/thumb/v7e-m+fp/hard/libc_nano.a(libc_a-findfp.o)
                0x0000000020001838                __stdio_exit_handler
 .bss.errno     0x000000002000183c        0x4 /opt/st/stm32cubeide_1.13.1/plugins/com.st.stm32cube.ide.mcu.externaltools.gnu-tools-for-stm32.11.3.rel1.linux64_1.1.100.202309141235/tools/bin/../lib/gcc/arm-none-eabi/11.3.1/../../../../arm-none-eabi/lib/thumb/v7e-m+fp/hard/libc_nano.a(libc_a-reent.o)
                0x000000002000183c                errno
 .bss.__lock___malloc_recursive_mutex
                0x0000000020001840        0x1 /opt/st/stm32cubeide_1.13.1/plugins/com.st.stm32cube.ide.mcu.externaltools.gnu-tools-for-stm32.11.3.rel1.linux64_1.1.100.202309141235/tools/bin/../lib/gcc/arm-none-eabi/11.3.1/../../../../arm-none-eabi/lib/thumb/v7e-m+fp/hard/libc_nano.a(libc_a-lock.o)
                0x0000000020001840                __lock___malloc_recursive_mutex
 .bss.__lock___sfp_recursive_mutex
                0x0000000020001841        0x1 /opt/st/stm32cubeide_1.13.1/plugins/com.st.stm32cube.ide.mcu.externaltools.gnu-tools-for-stm32.11.3.rel1.linux64_1.1.100.202309141235/tools/bin/../lib/gcc/arm-none-eabi/11.3.1/../../../../arm-none-eabi/lib/thumb/v7e-m+fp/hard/libc_nano.a(libc_a-lock.o)
                0x0000000020001841                __lock___sfp_recursive_mutex
 *(COMMON)
                0x0000000020001844                . = ALIGN (0x4)
 *fill*         0x0000000020001842        0x2 
                0x0000000020001844                _ebss = .