Archive member included to satisfy reference by file (symbol)

/opt/st/stm32cubeide_1.13.1/plugins/com.st.stm32cube.ide.mcu.externaltools.gnu-tools-for-stm32.11.3.rel1.linux64_1.1.100.202309141235/tools/bin/../lib/gcc/arm-none-eabi/11.3.1/../../../../arm-none-eabi/lib/thumb/v7e-m+fp/hard/libc_nano.a(libc_a-exit.o)
                              /opt/st/stm32cubeide_1.13.1/plugins/com.st.stm32cube.ide.mcu.externaltools.gnu-tools-for-stm32.11.3.rel1.linux64_1.1.100.202309141235/tools/bin/../lib/gcc/arm-none-eabi/11.3.1/../../../../arm-none-eabi/lib/thumb/v7e-m+fp/hard/crt0.o (exit)
/opt/st/stm32cubeide_1.13.1/plugins/com.st.stm32cube.ide.mcu.externaltools.gnu-tools-for-stm32.11.3.rel1.linux64_1.1.100.202309141235/tools/bin/../lib/gcc/arm-none-eabi/11.3.1/../../../../arm-none-eabi/lib/thumb/v7e-m+fp/hard/libc_nano.a(libc_a-malloc.o)
                              ./Application/User/main.o (malloc)
/opt/st/stm32cubeide_1.13.1/plugins/com.st.stm32cube.ide.mcu.externaltools.gnu-tools-for-stm32.11.3.rel1.linux64_1.1.100.202309141235/tools/bin/../lib/gcc/arm-none-eabi/11.3.1/../../../../arm-none-eabi/lib/thumb/v7e-m+fp/hard/libc_nano.a(libc_a-mallocr.o)
                              /opt/st/stm32cubeide_1.13.1/plugins/com.st.stm32cube.ide.mcu.externaltools.gnu-tools-for-stm32.11.3.rel1.linux64_1.1.100.202309141235/tools/bin/../lib/gcc/arm-none-eabi/11.3.1/../../../../arm-none-eabi/lib/thumb/v7e-m+fp/hard/libc_nano.a(libc_a-malloc.o) (_malloc_r)
/opt/st/stm32cubeide_1.13.1/plugins/com.st.stm32cube.ide.mcu.externaltools.gnu-tools-for-stm32.11.3.rel1.linux64_1.1.100.202309141235/tools/bin/../lib/gcc/arm-none-eabi/11.3.1/../../../../arm-none-eabi/lib/thumb/v7e-m+fp/hard/libc_nano.a(libc_a-mlock.o)
                              /opt/st/stm32cubeide_1.13.1/plugins/com.st.stm32cube.ide.mcu.externaltools.gnu-tools-for-stm32.11.3.rel1.linux64_1.1.100.202309141235/tools/bin/../lib/gcc/arm-none-eabi/11.3.1/../../../../arm-none-eabi/lib/thumb/v7e-m+fp/hard/libc_nano.a(libc_a-mallocr.o) (__malloc_lock)
/opt/st/stm32cubeide_1.13.1/plugins/com.st.stm32cube.ide.mcu.externaltools.gnu-tools-for-stm32.11.3.rel1.linux64_1.1.100.202309141235/tools/bin/../lib/gcc/arm-none-eabi/11.3.1/../../../../arm-none-eabi/lib/thumb/v7e-m+fp/hard/libc_nano.a(libc_a-realloc.o)
                              ./Application/User/main.o (realloc)
/opt/st/stm32cubeide_1.13.1/plugins/com.st.stm32cube.ide.mcu.externaltools.gnu-tools-for-stm32.11.3.rel1.linux64_1.1.100.202309141235/tools/bin/../lib/gcc/arm-none-eabi/11.3.1/../../../../arm-none-eabi/lib/thumb/v7e-m+fp/hard/libc_nano.a(libc_a-reallocr.o)
                              /opt/st/stm32cubeide_1.13.1/plugins/com.st.stm32cube.ide.mcu.externaltools.gnu-tools-for-stm32.11.3.rel1.linux64_1.1.100.202309141235/tools/bin/../lib/gcc/arm-none-eabi/11.3.1/../../../../arm-none-eabi/lib/thumb/v7e-m+fp/hard/libc_nano.a(libc_a-realloc.o) (_realloc_r)
/opt/st/stm32cubeide_1.13.1/plugins/com.st.stm32cube.ide.mcu.externaltools.gnu-tools-for-stm32.11.3.rel1.linux64_1.1.100.202309141235/tools/bin/../lib/gcc/arm-none-eabi/11.3.1/../../../../arm-none-eabi/lib/thumb/v7e-m+fp/hard/libc_nano.a(libc_a-findfp.o)
                              /opt/st/stm32cubeide_1.13.1/plugins/com.st.stm32cube.ide.mcu.externaltools.gnu-tools-for-stm32.11.3.rel1.linux64_1.1.100.202309141235/tools/bin/../lib/gcc/arm-none-eabi/11.3.1/../../../../arm-none-eabi/lib/thumb/v7e-m+fp/hard/libc_nano.a(libc_a-exit.o) (__stdio_exit_handler)
/opt/st/stm32cubeide_1.13.1/plugins/com.st.stm32cube.ide.mcu.externaltools.gnu-tools-for-stm32.11.3.rel1.linux64_1.1.100.202309141235/tools/bin/../lib/gcc/arm-none-eabi/11.3.1/../../../../arm-none-eabi/lib/thumb/v7e-m+fp/hard/libc_nano.a(libc_a-fwalk.o)
                              /opt/st/stm32cubeide_1.13.1/plugins/com.st.stm32cube.ide.mcu.externaltools.gnu-tools-for-stm32.11.3.rel1.linux64_1.1.100.202309141235/tools/bin/../lib/gcc/arm-none-eabi/11.3.1/../../../../arm-none-eabi/lib/thumb/v7e-m+fp/hard/libc_nano.a(libc_a-findfp.o) (_fwalk_sglue)
/opt/st/stm32cubeide_1.13.1/plugins/com.st.stm32cube.ide.mcu.externaltools.gnu-tools-for-stm32.11.3.rel1.linux64_1.1.100.202309141235/tools/bin/../lib/gcc/arm-none-eabi/11.3.1/../../../../arm-none-eabi/lib/thumb/v7e-m+fp/hard/libc_nano.a(libc_a-printf.o)
                              ./Application/User/main.o (printf)
/opt/st/stm32cubeide_1.13.1/plugins/com.st.stm32cube.ide.mcu.externaltools.gnu-tools-for-stm32.11.3.rel1.linux64_1.1.100.202309141235/tools/bin/../lib/gcc/arm-none-eabi/11.3.1/../../../../arm-none-eabi/lib/thumb/v7e-m+fp/hard/libc_nano.a(libc_a-putchar.o)
                              ./Application/User/main.o (putchar)
/opt/st/stm32cubeide_1.13.1/plugins/com.st.stm32cube.ide.mcu.externaltools.gnu-tools-for-stm32.11.3.rel1.linux64_1.1.100.202309141235/tools/bin/../lib/gcc/arm-none-eabi/11.3.1/../../../../arm-none-eabi/lib/thumb/v7e-m+fp/hard/libc_nano.a(libc_a-puts.o)
                              ./Application/User/main.o (puts)
[...]
Memory Configuration

Name             Origin             Length             Attributes
RAM              0x0000000020000000 0x0000000000018000 xrw
SRAM2            0x0000000010000000 0x0000000000008000 xrw
ROM              0x0000000008000000 0x0000000000100000 xr
*default*        0x0000000000000000 0xffffffffffffffff

Linker script and memory map

LOAD /opt/st/stm32cubeide_1.13.1/plugins/com.st.stm32cube.ide.mcu.externaltools.gnu-tools-for-stm32.11.3.rel1.linux64_1.1.100.202309141235/tools/bin/../lib/gcc/arm-none-eabi/11.3.1/thumb/v7e-m+fp/hard/crti.o
LOAD /opt/st/stm32cubeide_1.13.1/plugins/com.st.stm32cube.ide.mcu.externaltools.gnu-tools-for-stm32.11.3.rel1.linux64_1.1.100.202309141235/tools/bin/../lib/gcc/arm-none-eabi/11.3.1/thumb/v7e-m+fp/hard/crtbegin.o
LOAD /opt/st/stm32cubeide_1.13.1/plugins/com.st.stm32cube.ide.mcu.externaltools.gnu-tools-for-stm32.11.3.rel1.linux64_1.1.100.202309141235/tools/bin/../lib/gcc/arm-none-eabi/11.3.1/../../../../arm-none-eabi/lib/thumb/v7e-m+fp/hard/crt0.o
LOAD ./Application/Startup/startup_stm32l475vgtx.o
LOAD ./Application/User/main.o
LOAD ./Application/User/stm32l4xx_hal_msp.o
LOAD ./Application/User/stm32l4xx_it.o
LOAD ./Application/User/syscalls.o
LOAD ./Application/User/sysmem.o
LOAD ./Application/User/usbh_conf.o
LOAD ./Drivers/BSP/stm32l475e_iot01.o
LOAD ./Drivers/CMSIS/system_stm32l4xx.o
LOAD ./Drivers/STM32L4xx_HAL_Driver/stm32l4xx_hal.o
LOAD ./Drivers/STM32L4xx_HAL_Driver/stm32l4xx_hal_cortex.o
LOAD ./Drivers/STM32L4xx_HAL_Driver/stm32l4xx_hal_dma.o
LOAD ./Drivers/STM32L4xx_HAL_Driver/stm32l4xx_hal_flash.o
LOAD ./Drivers/STM32L4xx_HAL_Driver/stm32l4xx_hal_flash_ex.o
LOAD ./Drivers/STM32L4xx_HAL_Driver/stm32l4xx_hal_gpio.o
LOAD ./Drivers/STM32L4xx_HAL_Driver/stm32l4xx_hal_hcd.o
LOAD ./Drivers/STM32L4xx_HAL_Driver/stm32l4xx_hal_i2c.o
LOAD ./Drivers/STM32L4xx_HAL_Driver/stm32l4xx_hal_i2c_ex.o
LOAD ./Drivers/STM32L4xx_HAL_Driver/stm32l4xx_hal_pwr.o
LOAD ./Drivers/STM32L4xx_HAL_Driver/stm32l4xx_hal_pwr_ex.o
LOAD ./Drivers/STM32L4xx_HAL_Driver/stm32l4xx_hal_rcc.o
LOAD ./Drivers/STM32L4xx_HAL_Driver/stm32l4xx_hal_rcc_ex.o
LOAD ./Drivers/STM32L4xx_HAL_Driver/stm32l4xx_hal_uart.o
LOAD ./Drivers/STM32L4xx_HAL_Driver/stm32l4xx_hal_uart_ex.o
LOAD ./Drivers/STM32L4xx_HAL_Driver/stm32l4xx_ll_usb.o
LOAD ./Middlewares/FatFs/Core/diskio.o
LOAD ./Middlewares/FatFs/Core/ff.o
LOAD ./Middlewares/FatFs/Core/ff_gen_drv.o
LOAD ./Middlewares/FatFs/Drivers/usbh_diskio_dma.o
LOAD ./Middlewares/FatFs/Option/syscall.o
LOAD ./Middlewares/FatFs/Option/unicode.o
LOAD ./Middlewares/STM32_USBH_Library/Class/MSC/usbh_msc.o
LOAD ./Middlewares/STM32_USBH_Library/Class/MSC/usbh_msc_bot.o
LOAD ./Middlewares/STM32_USBH_Library/Class/MSC/usbh_msc_scsi.o
LOAD ./Middlewares/STM32_USBH_Library/Core/usbh_core.o
LOAD ./Middlewares/STM32_USBH_Library/Core/usbh_ctlreq.o
LOAD ./Middlewares/STM32_USBH_Library/Core/usbh_ioreq.o
LOAD ./Middlewares/STM32_USBH_Library/Core/usbh_pipes.o
START GROUP
LOAD /opt/st/stm32cubeide_1.13.1/plugins/com.st.stm32cube.ide.mcu.externaltools.gnu-tools-for-stm32.11.3.rel1.linux64_1.1.100.202309141235/tools/bin/../lib/gcc/arm-none-eabi/11.3.1/../../../../arm-none-eabi/lib/thumb/v7e-m+fp/hard/libc_nano.a
LOAD /opt/st/stm32cubeide_1.13.1/plugins/com.st.stm32cube.ide.mcu.externaltools.gnu-tools-for-stm32.11.3.rel1.linux64_1.1.100.202309141235/tools/bin/../lib/gcc/arm-none-eabi/11.3.1/../../../../arm-none-eabi/lib/thumb/v7e-m+fp/hard/libm.a
END GROUP
START GROUP
LOAD /opt/st/stm32cubeide_1.13.1/plugins/com.st.stm32cube.ide.mcu.externaltools.gnu-tools-for-stm32.11.3.rel1.linux64_1.1.100.202309141235/tools/bin/../lib/gcc/arm-none-eabi/11.3.1/thumb/v7e-m+fp/hard/libgcc.a
LOAD /opt/st/stm32cubeide_1.13.1/plugins/com.st.stm32cube.ide.mcu.externaltools.gnu-tools-for-stm32.11.3.rel1.linux64_1.1.100.202309141235/tools/bin/../lib/gcc/arm-none-eabi/11.3.1/../../../../arm-none-eabi/lib/thumb/v7e-m+fp/hard/libc_nano.a
END GROUP
START GROUP
LOAD /opt/st/stm32cubeide_1.13.1/plugins/com.st.stm32cube.ide.mcu.externaltools.gnu-tools-for-stm32.11.3.rel1.linux64_1.1.100.202309141235/tools/bin/../lib/gcc/arm-none-eabi/11.3.1/thumb/v7e-m+fp/hard/libgcc.a
LOAD /opt/st/stm32cubeide_1.13.1/plugins/com.st.stm32cube.ide.mcu.externaltools.gnu-tools-for-stm32.11.3.rel1.linux64_1.1.100.202309141235/tools/bin/../lib/gcc/arm-none-eabi/11.3.1/../../../../arm-none-eabi/lib/thumb/v7e-m+fp/hard/libc_nano.a
LOAD /opt/st/stm32cubeide_1.13.1/plugins/com.st.stm32cube.ide.mcu.externaltools.gnu-tools-for-stm32.11.3.rel1.linux64_1.1.100.202309141235/tools/bin/../lib/gcc/arm-none-eabi/11.3.1/../../../../arm-none-eabi/lib/thumb/v7e-m+fp/hard/libnosys.a
END GROUP
START GROUP
LOAD /opt/st/stm32cubeide_1.13.1/plugins/com.st.stm32cube.ide.mcu.externaltools.gnu-tools-for-stm32.11.3.rel1.linux64_1.1.100.202309141235/tools/bin/../lib/gcc/arm-none-eabi/11.3.1/thumb/v7e-m+fp/hard/libgcc.a
LOAD /opt/st/stm32cubeide_1.13.1/plugins/com.st.stm32cube.ide.mcu.externaltools.gnu-tools-for-stm32.11.3.rel1.linux64_1.1.100.202309141235/tools/bin/../lib/gcc/arm-none-eabi/11.3.1/../../../../arm-none-eabi/lib/thumb/v7e-m+fp/hard/libc_nano.a
LOAD /opt/st/stm32cubeide_1.13.1/plugins/com.st.stm32cube.ide.mcu.externaltools.gnu-tools-for-stm32.11.3.rel1.linux64_1.1.100.202309141235/tools/bin/../lib/gcc/arm-none-eabi/11.3.1/../../../../arm-none-eabi/lib/thumb/v7e-m+fp/hard/libnosys.a
END GROUP
LOAD /opt/st/stm32cubeide_1.13.1/plugins/com.st.stm32cube.ide.mcu.externaltools.gnu-tools-for-stm32.11.3.rel1.linux64_1.1.100.202309141235/tools/bin/../lib/gcc/arm-none-eabi/11.3.1/thumb/v7e-m+fp/hard/crtend.o
LOAD /opt/st/stm32cubeide_1.13.1/plugins/com.st.stm32cube.ide.mcu.externaltools.gnu-tools-for-stm32.11.3.rel1.linux64_1.1.100.202309141235/tools/bin/../lib/gcc/arm-none-eabi/11.3.1/thumb/v7e-m+fp/hard/crtn.o
                0x0000000020018000                _estack = (ORIGIN (RAM) + LENGTH (RAM))
                0x0000000000004000                _Min_Heap_Size = 0x4000
                0x0000000000004000                _Min_Stack_Size = 0x4000

.isr_vector     0x0000000008000000      0x188
                0x0000000008000000                . = ALIGN (0x4)
 *(.isr_vector)
 .isr_vector    0x0000000008000000      0x188 ./Application/Startup/startup_stm32l475vgtx.o
                0x0000000008000000                g_pfnVectors
                0x0000000008000188                . = ALIGN (0x4)

.text           0x0000000008000190     0xdce8
                0x0000000008000190                . = ALIGN (0x4)
 *(.text)
 .text          0x0000000008000190       0x40 /opt/st/stm32cubeide_1.13.1/plugins/com.st.stm32cube.ide.mcu.externaltools.gnu-tools-for-stm32.11.3.rel1.linux64_1.1.100.202309141235/tools/bin/../lib/gcc/arm-none-eabi/11.3.1/thumb/v7e-m+fp/hard/crtbegin.o
 .text          0x00000000080001d0       0x10 /opt/st/stm32cubeide_1.13.1/plugins/com.st.stm32cube.ide.mcu.externaltools.gnu-tools-for-stm32.11.3.rel1.linux64_1.1.100.202309141235/tools/bin/../lib/gcc/arm-none-eabi/11.3.1/../../../../arm-none-eabi/lib/thumb/v7e-m+fp/hard/libc_nano.a(libc_a-strlen.o)
                0x00000000080001d0                strlen
 .text          0x00000000080001e0       0xa0 /opt/st/stm32cubeide_1.13.1/plugins/com.st.stm32cube.ide.mcu.externaltools.gnu-tools-for-stm32.11.3.rel1.linux64_1.1.100.202309141235/tools/bin/../lib/gcc/arm-none-eabi/11.3.1/../../../../arm-none-eabi/lib/thumb/v7e-m+fp/hard/libc_nano.a(libc_a-memchr.o)
                0x00000000080001e0                memchr
 .text          0x0000000008000280       0x30 /opt/st/stm32cubeide_1.13.1/plugins/com.st.stm32cube.ide.mcu.externaltools.gnu-tools-for-stm32.11.3.rel1.linux64_1.1.100.202309141235/tools/bin/../lib/gcc/arm-none-eabi/11.3.1/thumb/v7e-m+fp/hard/libgcc.a(_aeabi_uldivmod.o)
                0x0000000008000280                __aeabi_uldivmod
 .text          0x00000000080002b0      0x2c8 /opt/st/stm32cubeide_1.13.1/plugins/com.st.stm32cube.ide.mcu.externaltools.gnu-tools-for-stm32.11.3.rel1.linux64_1.1.100.202309141235/tools/bin/../lib/gcc/arm-none-eabi/11.3.1/thumb/v7e-m+fp/hard/libgcc.a(_udivmoddi4.o)
                0x00000000080002b0                __udivmoddi4
 .text          0x0000000008000578        0x4 /opt/st/stm32cubeide_1.13.1/plugins/com.st.stm32cube.ide.mcu.externaltools.gnu-tools-for-stm32.11.3.rel1.linux64_1.1.100.202309141235/tools/bin/../lib/gcc/arm-none-eabi/11.3.1/thumb/v7e-m+fp/hard/libgcc.a(_dvmd_tls.o)
                0x0000000008000578                __aeabi_ldiv0
                0x0000000008000578                __aeabi_idiv0
 *(.text*)
 .text.Reset_Handler
                0x000000000800057c       0x50 ./Application/Startup/startup_stm32l475vgtx.o
                0x000000000800057c                Reset_Handler
 .text.Default_Handler
                0x00000000080005cc        0x2 ./Application/Startup/startup_stm32l475vgtx.o
                0x00000000080005cc                RTC_Alarm_IRQHandler
                0x00000000080005cc                EXTI2_IRQHandler
                0x00000000080005cc                TIM8_TRG_COM_IRQHandler
                0x00000000080005cc                TIM8_CC_IRQHandler
                0x00000000080005cc                TIM1_CC_IRQHandler
                0x00000000080005cc                TSC_IRQHandler
                0x00000000080005cc                TAMP_STAMP_IRQHandler
                0x00000000080005cc                EXTI3_IRQHandler
                0x00000000080005cc                LPTIM2_IRQHandler
                0x00000000080005cc                DFSDM1_FLT1_IRQHandler
                0x00000000080005cc                I2C3_ER_IRQHandler
                0x00000000080005cc                DFSDM1_FLT2_IRQHandler
                0x00000000080005cc                EXTI0_IRQHandler
                0x00000000080005cc                I2C2_EV_IRQHandler
                0x00000000080005cc                CAN1_RX0_IRQHandler
                0x00000000080005cc                FPU_IRQHandler
                0x00000000080005cc                TIM1_UP_TIM16_IRQHandler
                0x00000000080005cc                ADC1_2_IRQHandler
                0x00000000080005cc                SPI1_IRQHandler
                0x00000000080005cc                TIM6_DAC_IRQHandler
                0x00000000080005cc                TIM8_UP_IRQHandler
                0x00000000080005cc                DMA2_Channel2_IRQHandler
                0x00000000080005cc                DMA1_Channel4_IRQHandler
                0x00000000080005cc                SAI2_IRQHandler
                0x00000000080005cc                DFSDM1_FLT3_IRQHandler
                0x00000000080005cc                USART3_IRQHandler
                0x00000000080005cc                DMA1_Channel7_IRQHandler
                0x00000000080005cc                CAN1_RX1_IRQHandler
                0x00000000080005cc                UART5_IRQHandler
                0x00000000080005cc                ADC3_IRQHandler
                0x00000000080005cc                TIM4_IRQHandler
                0x00000000080005cc                DMA2_Channel1_IRQHandler
                0x00000000080005cc                QUADSPI_IRQHandler
                0x00000000080005cc                I2C1_EV_IRQHandler
                0x00000000080005cc                DMA1_Channel6_IRQHandler
                0x00000000080005cc                UART4_IRQHandler
                0x00000000080005cc                DMA2_Channel4_IRQHandler
                0x00000000080005cc                TIM3_IRQHandler
                0x00000000080005cc                RCC_IRQHandler
                0x00000000080005cc                DMA1_Channel1_IRQHandler
                0x00000000080005cc                Default_Handler
                0x00000000080005cc                DMA2_Channel7_IRQHandler
                0x00000000080005cc                EXTI15_10_IRQHandler
                0x00000000080005cc                TIM7_IRQHandler
                0x00000000080005cc                SDMMC1_IRQHandler
                0x00000000080005cc                TIM5_IRQHandler
                0x00000000080005cc                I2C3_EV_IRQHandler
                0x00000000080005cc                EXTI9_5_IRQHandler
                0x00000000080005cc                RTC_WKUP_IRQHandler
                0x00000000080005cc                PVD_PVM_IRQHandler
                0x00000000080005cc                SPI2_IRQHandler
                0x00000000080005cc                CAN1_TX_IRQHandler
                0x00000000080005cc                DMA2_Channel5_IRQHandler
                0x00000000080005cc                DMA1_Channel5_IRQHandler
                0x00000000080005cc                EXTI4_IRQHandler
                0x00000000080005cc                RNG_IRQHandler
                0x00000000080005cc                TIM1_TRG_COM_TIM17_IRQHandler
                0x00000000080005cc                DMA1_Channel3_IRQHandler
                0x00000000080005cc                COMP_IRQHandler
                0x00000000080005cc                WWDG_IRQHandler
                0x00000000080005cc                LPUART1_IRQHandler
                0x00000000080005cc                DMA2_Channel6_IRQHandler
                0x00000000080005cc                TIM2_IRQHandler
                0x00000000080005cc                EXTI1_IRQHandler
                0x00000000080005cc                USART2_IRQHandler
                0x00000000080005cc                DFSDM1_FLT0_IRQHandler
                0x00000000080005cc                I2C2_ER_IRQHandler
                0x00000000080005cc                DMA1_Channel2_IRQHandler
                0x00000000080005cc                TIM8_BRK_IRQHandler
                0x00000000080005cc                CAN1_SCE_IRQHandler
                0x00000000080005cc                FLASH_IRQHandler
                0x00000000080005cc                SPI3_IRQHandler
                0x00000000080005cc                I2C1_ER_IRQHandler
                0x00000000080005cc                FMC_IRQHandler
                0x00000000080005cc                SWPMI1_IRQHandler
                0x00000000080005cc                LPTIM1_IRQHandler
                0x00000000080005cc                SAI1_IRQHandler
                0x00000000080005cc                DMA2_Channel3_IRQHandler
                0x00000000080005cc                TIM1_BRK_TIM15_IRQHandler
 *fill*         0x00000000080005ce        0x2 
 .text.main     0x00000000080005d0      0x368 ./Application/User/main.o
                0x00000000080005d0                main
 .text.MSC_Application
                0x0000000008000938      0x11c ./Application/User/main.o
                0x0000000008000938                MSC_Application
 .text.USBH_UserProcess
                0x0000000008000a54       0x74 ./Application/User/main.o
 .text.initRxBuffer
                0x0000000008000ac8       0x4c ./Application/User/main.o
                0x0000000008000ac8                initRxBuffer
 .text.deinitRxBuffer
                0x0000000008000b14       0x34 ./Application/User/main.o
                0x0000000008000b14                deinitRxBuffer
 .text.__io_putchar
                0x0000000008000b48       0x24 ./Application/User/main.o
                0x0000000008000b48                __io_putchar
 .text.SystemClock_Config
                0x0000000008000b6c       0xf4 ./Application/User/main.o
 .text.Error_Handler
                0x0000000008000c60       0x24 ./Application/User/main.o
 .text.HAL_UART_MspInit
                0x0000000008000c84       0xa4 ./Application/User/stm32l4xx_hal_msp.o
                0x0000000008000c84                HAL_UART_MspInit
 .text.NMI_Handler
                0x0000000008000d28        0xe ./Application/User/stm32l4xx_it.o
                0x0000000008000d28                NMI_Handler
 .text.HardFault_Handler
                0x0000000008000d36        0x6 ./Application/User/stm32l4xx_it.o
                0x0000000008000d36                HardFault_Handler
 .text.MemManage_Handler
                0x0000000008000d3c        0x6 ./Application/User/stm32l4xx_it.o
                0x0000000008000d3c                MemManage_Handler
 .text.BusFault_Handler
                0x0000000008000d42        0x6 ./Application/User/stm32l4xx_it.o
                0x0000000008000d42                BusFault_Handler
 .text.UsageFault_Handler
                0x0000000008000d48        0x6 ./Application/User/stm32l4xx_it.o
                0x0000000008000d48                UsageFault_Handler
 .text.SVC_Handler
                0x0000000008000d4e        0xe ./Application/User/stm32l4xx_it.o
                0x0000000008000d4e                SVC_Handler
 .text.DebugMon_Handler
                0x0000000008000d5c        0xe ./Application/User/stm32l4xx_it.o
                0x0000000008000d5c                DebugMon_Handler
 .text.PendSV_Handler
                0x0000000008000d6a        0xe ./Application/User/stm32l4xx_it.o
                0x0000000008000d6a                PendSV_Handler
 .text.SysTick_Handler
                0x0000000008000d78        0xc ./Application/User/stm32l4xx_it.o
                0x0000000008000d78                SysTick_Handler
 .text.OTG_FS_IRQHandler
                0x0000000008000d84       0x14 ./Application/User/stm32l4xx_it.o
                0x0000000008000d84                OTG_FS_IRQHandler
 .text.USART1_IRQHandler
                0x0000000008000d98       0x24 ./Application/User/stm32l4xx_it.o
                0x0000000008000d98                USART1_IRQHandler
 .text._read    0x0000000008000dbc       0x3a ./Application/User/syscalls.o
                0x0000000008000dbc                _read
 .text._write   0x0000000008000df6       0x38 ./Application/User/syscalls.o
                0x0000000008000df6                _write
 .text._close   0x0000000008000e2e       0x18 ./Application/User/syscalls.o
                0x0000000008000e2e                _close
 .text._fstat   0x0000000008000e46       0x20 ./Application/User/syscalls.o
                0x0000000008000e46                _fstat
 .text._isatty  0x0000000008000e66       0x16 ./Application/User/syscalls.o
                0x0000000008000e66                _isatty
 .text._lseek   0x0000000008000e7c       0x1a ./Application/User/syscalls.o
                0x0000000008000e7c                _lseek
 *fill*         0x0000000008000e96        0x2 
 .text._sbrk    0x0000000008000e98       0x6c ./Application/User/sysmem.o
                0x0000000008000e98                _sbrk
 .text.HAL_HCD_MspInit
                0x0000000008000f04       0xd0 ./Application/User/usbh_conf.o
                0x0000000008000f04                HAL_HCD_MspInit
 .text.HAL_HCD_SOF_Callback
                0x0000000008000fd4       0x1c ./Application/User/usbh_conf.o
                0x0000000008000fd4                HAL_HCD_SOF_Callback
 .text.HAL_HCD_Connect_Callback
                0x0000000008000ff0       0x64 ./Application/User/usbh_conf.o
                0x0000000008000ff0                HAL_HCD_Connect_Callback
 .text.HAL_HCD_Disconnect_Callback
                0x0000000008001054       0x1c ./Application/User/usbh_conf.o
                0x0000000008001054                HAL_HCD_Disconnect_Callback
 .text.HAL_HCD_PortEnabled_Callback
                0x0000000008001070       0x1c ./Application/User/usbh_conf.o
                0x0000000008001070                HAL_HCD_PortEnabled_Callback
 .text.HAL_HCD_PortDisabled_Callback
                0x000000000800108c       0x1c ./Application/User/usbh_conf.o
                0x000000000800108c                HAL_HCD_PortDisabled_Callback
 .text.HAL_HCD_HC_NotifyURBChange_Callback
                0x00000000080010a8       0x1c ./Application/User/usbh_conf.o
                0x00000000080010a8                HAL_HCD_HC_NotifyURBChange_Callback
 .text.USBH_LL_Init
                0x00000000080010c4       0x68 ./Application/User/usbh_conf.o
                0x00000000080010c4                USBH_LL_Init
 .text.USBH_LL_Start
                0x000000000800112c       0x1e ./Application/User/usbh_conf.o
                0x000000000800112c                USBH_LL_Start
 .text.USBH_LL_Stop
                0x000000000800114a       0x1e ./Application/User/usbh_conf.o
                0x000000000800114a                USBH_LL_Stop
 .text.USBH_LL_GetSpeed
                0x0000000008001168       0x40 ./Application/User/usbh_conf.o
                0x0000000008001168                USBH_LL_GetSpeed
 .text.USBH_LL_ResetPort
                0x00000000080011a8       0x1e ./Application/User/usbh_conf.o
                0x00000000080011a8                USBH_LL_ResetPort
 .text.USBH_LL_GetLastXferSize
                0x00000000080011c6       0x26 ./Application/User/usbh_conf.o
                0x00000000080011c6                USBH_LL_GetLastXferSize
 .text.USBH_LL_OpenPipe
                0x00000000080011ec       0x42 ./Application/User/usbh_conf.o
                0x00000000080011ec                USBH_LL_OpenPipe
 .text.USBH_LL_ClosePipe
                0x000000000800122e       0x26 ./Application/User/usbh_conf.o
                0x000000000800122e                USBH_LL_ClosePipe
 .text.USBH_LL_SubmitURB
                0x0000000008001254       0x48 ./Application/User/usbh_conf.o
                0x0000000008001254                USBH_LL_SubmitURB
 .text.USBH_LL_GetURBState
                0x000000000800129c       0x26 ./Application/User/usbh_conf.o
                0x000000000800129c                USBH_LL_GetURBState
 *fill*         0x00000000080012c2        0x2 
 .text.USBH_LL_DriverVBUS
                0x00000000080012c4       0x40 ./Application/User/usbh_conf.o
                0x00000000080012c4                USBH_LL_DriverVBUS
 .text.USBH_LL_SetToggle
                0x0000000008001304       0x64 ./Application/User/usbh_conf.o
                0x0000000008001304                USBH_LL_SetToggle
 .text.USBH_LL_GetToggle
                0x0000000008001368       0x64 ./Application/User/usbh_conf.o
                0x0000000008001368                USBH_LL_GetToggle
 .text.USBH_Delay
                0x00000000080013cc       0x16 ./Application/User/usbh_conf.o
                0x00000000080013cc                USBH_Delay
 *fill*         0x00000000080013e2        0x2 
 .text.SystemInit
                0x00000000080013e4       0x6c ./Drivers/CMSIS/system_stm32l4xx.o
                0x00000000080013e4                SystemInit
 .text.HAL_Init
                0x0000000008001450       0x30 ./Drivers/STM32L4xx_HAL_Driver/stm32l4xx_hal.o
                0x0000000008001450                HAL_Init
 .text.HAL_MspInit
                0x0000000008001480        0xe ./Drivers/STM32L4xx_HAL_Driver/stm32l4xx_hal.o
                0x0000000008001480                HAL_MspInit
 *fill*         0x000000000800148e        0x2 
 .text.HAL_InitTick
                0x0000000008001490       0x78 ./Drivers/STM32L4xx_HAL_Driver/stm32l4xx_hal.o
                0x0000000008001490                HAL_InitTick
 .text.HAL_IncTick
                0x0000000008001508       0x28 ./Drivers/STM32L4xx_HAL_Driver/stm32l4xx_hal.o
                0x0000000008001508                HAL_IncTick
 .text.HAL_GetTick
                0x0000000008001530       0x18 ./Drivers/STM32L4xx_HAL_Driver/stm32l4xx_hal.o
                0x0000000008001530                HAL_GetTick
 .text.HAL_Delay
                0x0000000008001548       0x48 ./Drivers/STM32L4xx_HAL_Driver/stm32l4xx_hal.o
                0x0000000008001548                HAL_Delay
 .text.__NVIC_SetPriorityGrouping
                0x0000000008001590       0x48 ./Drivers/STM32L4xx_HAL_Driver/stm32l4xx_hal_cortex.o
 .text.__NVIC_GetPriorityGrouping
                0x00000000080015d8       0x1c ./Drivers/STM32L4xx_HAL_Driver/stm32l4xx_hal_cortex.o
 .text.__NVIC_EnableIRQ
                0x00000000080015f4       0x3c ./Drivers/STM32L4xx_HAL_Driver/stm32l4xx_hal_cortex.o
 .text.__NVIC_SetPriority
                0x0000000008001630       0x54 ./Drivers/STM32L4xx_HAL_Driver/stm32l4xx_hal_cortex.o
 .text.NVIC_EncodePriority
                0x0000000008001684       0x66 ./Drivers/STM32L4xx_HAL_Driver/stm32l4xx_hal_cortex.o
 *fill*         0x00000000080016ea        0x2 
 .text.SysTick_Config
                0x00000000080016ec       0x44 ./Drivers/STM32L4xx_HAL_Driver/stm32l4xx_hal_cortex.o
 .text.HAL_NVIC_SetPriorityGrouping
                0x0000000008001730       0x16 ./Drivers/STM32L4xx_HAL_Driver/stm32l4xx_hal_cortex.o
                0x0000000008001730                HAL_NVIC_SetPriorityGrouping
 .text.HAL_NVIC_SetPriority
                0x0000000008001746       0x38 ./Drivers/STM32L4xx_HAL_Driver/stm32l4xx_hal_cortex.o
                0x0000000008001746                HAL_NVIC_SetPriority
 .text.HAL_NVIC_EnableIRQ
                0x000000000800177e       0x1c ./Drivers/STM32L4xx_HAL_Driver/stm32l4xx_hal_cortex.o
                0x000000000800177e                HAL_NVIC_EnableIRQ
 .text.HAL_SYSTICK_Config
                0x000000000800179a       0x18 ./Drivers/STM32L4xx_HAL_Driver/stm32l4xx_hal_cortex.o
                0x000000000800179a                HAL_SYSTICK_Config
 .text.HAL_DMA_Abort
                0x00000000080017b2       0x7c ./Drivers/STM32L4xx_HAL_Driver/stm32l4xx_hal_dma.o
                0x00000000080017b2                HAL_DMA_Abort
 .text.HAL_DMA_Abort_IT
                0x000000000800182e       0x82 ./Drivers/STM32L4xx_HAL_Driver/stm32l4xx_hal_dma.o
                0x000000000800182e                HAL_DMA_Abort_IT
 .text.HAL_GPIO_Init
                0x00000000080018b0      0x354 ./Drivers/STM32L4xx_HAL_Driver/stm32l4xx_hal_gpio.o
                0x00000000080018b0                HAL_GPIO_Init
 .text.HAL_GPIO_WritePin
                0x0000000008001c04       0x30 ./Drivers/STM32L4xx_HAL_Driver/stm32l4xx_hal_gpio.o
                0x0000000008001c04                HAL_GPIO_WritePin
 .text.HAL_HCD_Init
                0x0000000008001c34       0xf6 ./Drivers/STM32L4xx_HAL_Driver/stm32l4xx_hal_hcd.o
                0x0000000008001c34                HAL_HCD_Init
 .text.HAL_HCD_HC_Init
                0x0000000008001d2a      0x144 ./Drivers/STM32L4xx_HAL_Driver/stm32l4xx_hal_hcd.o
                0x0000000008001d2a                HAL_HCD_HC_Init
 .text.HAL_HCD_HC_Halt
                0x0000000008001e6e       0x46 ./Drivers/STM32L4xx_HAL_Driver/stm32l4xx_hal_hcd.o
                0x0000000008001e6e                HAL_HCD_HC_Halt
 .text.HAL_HCD_HC_SubmitRequest
                0x0000000008001eb4      0x2dc ./Drivers/STM32L4xx_HAL_Driver/stm32l4xx_hal_hcd.o
                0x0000000008001eb4                HAL_HCD_HC_SubmitRequest
 .text.HAL_HCD_IRQHandler
                0x0000000008002190      0x21e ./Drivers/STM32L4xx_HAL_Driver/stm32l4xx_hal_hcd.o
                0x0000000008002190                HAL_HCD_IRQHandler
 .text.HAL_HCD_Start
                0x00000000080023ae       0x46 ./Drivers/STM32L4xx_HAL_Driver/stm32l4xx_hal_hcd.o
                0x00000000080023ae                HAL_HCD_Start
 .text.HAL_HCD_Stop
                0x00000000080023f4       0x3a ./Drivers/STM32L4xx_HAL_Driver/stm32l4xx_hal_hcd.o
                0x00000000080023f4                HAL_HCD_Stop
 .text.HAL_HCD_ResetPort
                0x000000000800242e       0x1c ./Drivers/STM32L4xx_HAL_Driver/stm32l4xx_hal_hcd.o
                0x000000000800242e                HAL_HCD_ResetPort
 .text.HAL_HCD_HC_GetURBState
                0x000000000800244a       0x2a ./Drivers/STM32L4xx_HAL_Driver/stm32l4xx_hal_hcd.o
                0x000000000800244a                HAL_HCD_HC_GetURBState
 .text.HAL_HCD_HC_GetXferCount
                0x0000000008002474       0x2a ./Drivers/STM32L4xx_HAL_Driver/stm32l4xx_hal_hcd.o
                0x0000000008002474                HAL_HCD_HC_GetXferCount
 .text.HAL_HCD_GetCurrentFrame
                0x000000000800249e       0x1c ./Drivers/STM32L4xx_HAL_Driver/stm32l4xx_hal_hcd.o
                0x000000000800249e                HAL_HCD_GetCurrentFrame
 .text.HAL_HCD_GetCurrentSpeed
                0x00000000080024ba       0x1c ./Drivers/STM32L4xx_HAL_Driver/stm32l4xx_hal_hcd.o
                0x00000000080024ba                HAL_HCD_GetCurrentSpeed
 .text.HAL_HCD_HC_ClearHubInfo
                0x00000000080024d6       0x42 ./Drivers/STM32L4xx_HAL_Driver/stm32l4xx_hal_hcd.o
                0x00000000080024d6                HAL_HCD_HC_ClearHubInfo
 .text.HCD_HC_IN_IRQHandler
                0x0000000008002518      0x876 ./Drivers/STM32L4xx_HAL_Driver/stm32l4xx_hal_hcd.o
 .text.HCD_HC_OUT_IRQHandler
                0x0000000008002d8e      0x5ac ./Drivers/STM32L4xx_HAL_Driver/stm32l4xx_hal_hcd.o
 .text.HCD_RXQLVL_IRQHandler
                0x000000000800333a      0x1be ./Drivers/STM32L4xx_HAL_Driver/stm32l4xx_hal_hcd.o
 .text.HCD_Port_IRQHandler
                0x00000000080034f8       0xe6 ./Drivers/STM32L4xx_HAL_Driver/stm32l4xx_hal_hcd.o
 *fill*         0x00000000080035de        0x2 
 .text.HAL_PWREx_GetVoltageRange
                0x00000000080035e0       0x1c ./Drivers/STM32L4xx_HAL_Driver/stm32l4xx_hal_pwr_ex.o
                0x00000000080035e0                HAL_PWREx_GetVoltageRange
 .text.HAL_PWREx_EnableVddUSB
                0x00000000080035fc       0x20 ./Drivers/STM32L4xx_HAL_Driver/stm32l4xx_hal_pwr_ex.o
                0x00000000080035fc                HAL_PWREx_EnableVddUSB
 .text.HAL_RCC_OscConfig
                0x000000000800361c      0x7b8 ./Drivers/STM32L4xx_HAL_Driver/stm32l4xx_hal_rcc.o
                0x000000000800361c                HAL_RCC_OscConfig
 .text.HAL_RCC_ClockConfig
                0x0000000008003dd4      0x200 ./Drivers/STM32L4xx_HAL_Driver/stm32l4xx_hal_rcc.o
                0x0000000008003dd4                HAL_RCC_ClockConfig
 .text.HAL_RCC_GetSysClockFreq
                0x0000000008003fd4      0x118 ./Drivers/STM32L4xx_HAL_Driver/stm32l4xx_hal_rcc.o
                0x0000000008003fd4                HAL_RCC_GetSysClockFreq
 .text.HAL_RCC_GetHCLKFreq
                0x00000000080040ec       0x18 ./Drivers/STM32L4xx_HAL_Driver/stm32l4xx_hal_rcc.o
                0x00000000080040ec                HAL_RCC_GetHCLKFreq
 .text.HAL_RCC_GetPCLK1Freq
                0x0000000008004104       0x2c ./Drivers/STM32L4xx_HAL_Driver/stm32l4xx_hal_rcc.o
                0x0000000008004104                HAL_RCC_GetPCLK1Freq
 .text.HAL_RCC_GetPCLK2Freq
                0x0000000008004130       0x2c ./Drivers/STM32L4xx_HAL_Driver/stm32l4xx_hal_rcc.o
                0x0000000008004130                HAL_RCC_GetPCLK2Freq
 .text.RCC_SetFlashLatencyFromMSIRange
                0x000000000800415c       0xc0 ./Drivers/STM32L4xx_HAL_Driver/stm32l4xx_hal_rcc.o
 .text.HAL_RCCEx_PeriphCLKConfig
                0x000000000800421c      0x5d4 ./Drivers/STM32L4xx_HAL_Driver/stm32l4xx_hal_rcc_ex.o
                0x000000000800421c                HAL_RCCEx_PeriphCLKConfig
 .text.HAL_RCCEx_EnableMSIPLLMode
                0x00000000080047f0       0x20 ./Drivers/STM32L4xx_HAL_Driver/stm32l4xx_hal_rcc_ex.o
                0x00000000080047f0                HAL_RCCEx_EnableMSIPLLMode
 .text.RCCEx_PLLSAI1_Config
                0x0000000008004810      0x1e8 ./Drivers/STM32L4xx_HAL_Driver/stm32l4xx_hal_rcc_ex.o
 .text.RCCEx_PLLSAI2_Config
                0x00000000080049f8      0x1bc ./Drivers/STM32L4xx_HAL_Driver/stm32l4xx_hal_rcc_ex.o
 .text.HAL_UART_Init
                0x0000000008004bb4       0x9c ./Drivers/STM32L4xx_HAL_Driver/stm32l4xx_hal_uart.o
                0x0000000008004bb4                HAL_UART_Init
 .text.HAL_UART_Transmit
                0x0000000008004c50      0x114 ./Drivers/STM32L4xx_HAL_Driver/stm32l4xx_hal_uart.o
                0x0000000008004c50                HAL_UART_Transmit
 .text.HAL_UART_IRQHandler
                0x0000000008004d64      0x5d4 ./Drivers/STM32L4xx_HAL_Driver/stm32l4xx_hal_uart.o
                0x0000000008004d64                HAL_UART_IRQHandler
 .text.HAL_UART_TxCpltCallback
                0x0000000008005338       0x14 ./Drivers/STM32L4xx_HAL_Driver/stm32l4xx_hal_uart.o
                0x0000000008005338                HAL_UART_TxCpltCallback
 .text.HAL_UART_ErrorCallback
                0x000000000800534c       0x14 ./Drivers/STM32L4xx_HAL_Driver/stm32l4xx_hal_uart.o
                0x000000000800534c                HAL_UART_ErrorCallback
 .text.HAL_UARTEx_RxEventCallback
                0x0000000008005360       0x18 ./Drivers/STM32L4xx_HAL_Driver/stm32l4xx_hal_uart.o
                0x0000000008005360                HAL_UARTEx_RxEventCallback
 .text.UART_SetConfig
                0x0000000008005378      0x570 ./Drivers/STM32L4xx_HAL_Driver/stm32l4xx_hal_uart.o
                0x0000000008005378                UART_SetConfig
 .text.UART_AdvFeatureConfig
                0x00000000080058e8      0x144 ./Drivers/STM32L4xx_HAL_Driver/stm32l4xx_hal_uart.o
                0x00000000080058e8                UART_AdvFeatureConfig
 .text.UART_CheckIdleState
                0x0000000008005a2c      0x150 ./Drivers/STM32L4xx_HAL_Driver/stm32l4xx_hal_uart.o
                0x0000000008005a2c                UART_CheckIdleState
 .text.UART_WaitOnFlagUntilTimeout
                0x0000000008005b7c       0xda ./Drivers/STM32L4xx_HAL_Driver/stm32l4xx_hal_uart.o
                0x0000000008005b7c                UART_WaitOnFlagUntilTimeout
 .text.UART_EndRxTransfer
                0x0000000008005c56       0xc8 ./Drivers/STM32L4xx_HAL_Driver/stm32l4xx_hal_uart.o
 .text.UART_DMAAbortOnError
                0x0000000008005d1e       0x2c ./Drivers/STM32L4xx_HAL_Driver/stm32l4xx_hal_uart.o
 .text.UART_EndTransmit_IT
                0x0000000008005d4a       0x54 ./Drivers/STM32L4xx_HAL_Driver/stm32l4xx_hal_uart.o
 .text.HAL_UARTEx_WakeupCallback
                0x0000000008005d9e       0x14 ./Drivers/STM32L4xx_HAL_Driver/stm32l4xx_hal_uart_ex.o
                0x0000000008005d9e                HAL_UARTEx_WakeupCallback
 .text.USB_CoreInit
                0x0000000008005db2       0x58 ./Drivers/STM32L4xx_HAL_Driver/stm32l4xx_ll_usb.o
                0x0000000008005db2                USB_CoreInit
 .text.USB_EnableGlobalInt
                0x0000000008005e0a       0x22 ./Drivers/STM32L4xx_HAL_Driver/stm32l4xx_ll_usb.o
                0x0000000008005e0a                USB_EnableGlobalInt
 .text.USB_DisableGlobalInt
                0x0000000008005e2c       0x22 ./Drivers/STM32L4xx_HAL_Driver/stm32l4xx_ll_usb.o
                0x0000000008005e2c                USB_DisableGlobalInt
 .text.USB_SetCurrentMode
                0x0000000008005e4e       0x98 ./Drivers/STM32L4xx_HAL_Driver/stm32l4xx_ll_usb.o
                0x0000000008005e4e                USB_SetCurrentMode
 *fill*         0x0000000008005ee6        0x2 
 .text.USB_FlushTxFifo
                0x0000000008005ee8       0x68 ./Drivers/STM32L4xx_HAL_Driver/stm32l4xx_ll_usb.o
                0x0000000008005ee8                USB_FlushTxFifo
 .text.USB_FlushRxFifo
                0x0000000008005f50       0x60 ./Drivers/STM32L4xx_HAL_Driver/stm32l4xx_ll_usb.o
                0x0000000008005f50                USB_FlushRxFifo
 .text.USB_WritePacket
                0x0000000008005fb0       0x74 ./Drivers/STM32L4xx_HAL_Driver/stm32l4xx_ll_usb.o
                0x0000000008005fb0                USB_WritePacket
 .text.USB_ReadPacket
                0x0000000008006024       0xb0 ./Drivers/STM32L4xx_HAL_Driver/stm32l4xx_ll_usb.o
                0x0000000008006024                USB_ReadPacket
 .text.USB_ReadInterrupts
                0x00000000080060d4       0x26 ./Drivers/STM32L4xx_HAL_Driver/stm32l4xx_ll_usb.o
                0x00000000080060d4                USB_ReadInterrupts
 .text.USB_ReadChInterrupts
                0x00000000080060fa       0x42 ./Drivers/STM32L4xx_HAL_Driver/stm32l4xx_ll_usb.o
                0x00000000080060fa                USB_ReadChInterrupts
 .text.USB_GetMode
                0x000000000800613c       0x1c ./Drivers/STM32L4xx_HAL_Driver/stm32l4xx_ll_usb.o
                0x000000000800613c                USB_GetMode
 .text.USB_CoreReset
                0x0000000008006158       0x68 ./Drivers/STM32L4xx_HAL_Driver/stm32l4xx_ll_usb.o
 .text.USB_HostInit
                0x00000000080061c0      0x104 ./Drivers/STM32L4xx_HAL_Driver/stm32l4xx_ll_usb.o
                0x00000000080061c0                USB_HostInit
 .text.USB_InitFSLSPClkSel
                0x00000000080062c4       0x7a ./Drivers/STM32L4xx_HAL_Driver/stm32l4xx_ll_usb.o
                0x00000000080062c4                USB_InitFSLSPClkSel
 .text.USB_ResetPort
                0x000000000800633e       0x54 ./Drivers/STM32L4xx_HAL_Driver/stm32l4xx_ll_usb.o
                0x000000000800633e                USB_ResetPort
 .text.USB_DriveVbus
                0x0000000008006392       0x72 ./Drivers/STM32L4xx_HAL_Driver/stm32l4xx_ll_usb.o
                0x0000000008006392                USB_DriveVbus
 .text.USB_GetHostSpeed
                0x0000000008006404       0x2e ./Drivers/STM32L4xx_HAL_Driver/stm32l4xx_ll_usb.o
                0x0000000008006404                USB_GetHostSpeed
 .text.USB_GetCurrentFrame
                0x0000000008006432       0x22 ./Drivers/STM32L4xx_HAL_Driver/stm32l4xx_ll_usb.o
                0x0000000008006432                USB_GetCurrentFrame
 .text.USB_HC_Init
                0x0000000008006454      0x218 ./Drivers/STM32L4xx_HAL_Driver/stm32l4xx_ll_usb.o
                0x0000000008006454                USB_HC_Init
 .text.USB_HC_StartXfer
                0x000000000800666c      0x1f0 ./Drivers/STM32L4xx_HAL_Driver/stm32l4xx_ll_usb.o
                0x000000000800666c                USB_HC_StartXfer
 .text.USB_HC_ReadInterrupt
                0x000000000800685c       0x22 ./Drivers/STM32L4xx_HAL_Driver/stm32l4xx_ll_usb.o
                0x000000000800685c                USB_HC_ReadInterrupt
 .text.USB_HC_Halt
                0x000000000800687e      0x240 ./Drivers/STM32L4xx_HAL_Driver/stm32l4xx_ll_usb.o
                0x000000000800687e                USB_HC_Halt
 .text.USB_StopHost
                0x0000000008006abe      0x124 ./Drivers/STM32L4xx_HAL_Driver/stm32l4xx_ll_usb.o
                0x0000000008006abe                USB_StopHost
 *fill*         0x0000000008006be2        0x2 
 .text.disk_status
                0x0000000008006be4       0x34 ./Middlewares/FatFs/Core/diskio.o
                0x0000000008006be4                disk_status
 .text.disk_initialize
                0x0000000008006c18       0x4c ./Middlewares/FatFs/Core/diskio.o
                0x0000000008006c18                disk_initialize
 .text.disk_read
                0x0000000008006c64       0x40 ./Middlewares/FatFs/Core/diskio.o
                0x0000000008006c64                disk_read
 .text.disk_write
                0x0000000008006ca4       0x40 ./Middlewares/FatFs/Core/diskio.o
                0x0000000008006ca4                disk_write
 .text.disk_ioctl
                0x0000000008006ce4       0x3c ./Middlewares/FatFs/Core/diskio.o
                0x0000000008006ce4                disk_ioctl
 .text.get_fattime
                0x0000000008006d20       0x10 ./Middlewares/FatFs/Core/diskio.o
                0x0000000008006d20                get_fattime
 .text.ld_word  0x0000000008006d30       0x30 ./Middlewares/FatFs/Core/ff.o
 .text.ld_dword
                0x0000000008006d60       0x46 ./Middlewares/FatFs/Core/ff.o
 .text.st_word  0x0000000008006da6       0x36 ./Middlewares/FatFs/Core/ff.o
 .text.st_dword
                0x0000000008006ddc       0x58 ./Middlewares/FatFs/Core/ff.o
 .text.mem_cpy  0x0000000008006e34       0x42 ./Middlewares/FatFs/Core/ff.o
 .text.mem_set  0x0000000008006e76       0x36 ./Middlewares/FatFs/Core/ff.o
 .text.mem_cmp  0x0000000008006eac       0x4e ./Middlewares/FatFs/Core/ff.o
 .text.chk_chr  0x0000000008006efa       0x36 ./Middlewares/FatFs/Core/ff.o
 .text.chk_lock
                0x0000000008006f30       0xb8 ./Middlewares/FatFs/Core/ff.o
 .text.enq_lock
                0x0000000008006fe8       0x44 ./Middlewares/FatFs/Core/ff.o
 .text.inc_lock
                0x000000000800702c      0x11c ./Middlewares/FatFs/Core/ff.o
 .text.dec_lock
                0x0000000008007148       0x78 ./Middlewares/FatFs/Core/ff.o
 .text.clear_lock
                0x00000000080071c0       0x48 ./Middlewares/FatFs/Core/ff.o
 .text.sync_window
                0x0000000008007208       0x88 ./Middlewares/FatFs/Core/ff.o
 .text.move_window
                0x0000000008007290       0x5a ./Middlewares/FatFs/Core/ff.o
 *fill*         0x00000000080072ea        0x2 
 .text.sync_fs  0x00000000080072ec       0xdc ./Middlewares/FatFs/Core/ff.o
 .text.clust2sect
                0x00000000080073c8       0x3e ./Middlewares/FatFs/Core/ff.o
 .text.get_fat  0x0000000008007406      0x150 ./Middlewares/FatFs/Core/ff.o
 .text.put_fat  0x0000000008007556      0x1d4 ./Middlewares/FatFs/Core/ff.o
 .text.remove_chain
                0x000000000800772a       0xca ./Middlewares/FatFs/Core/ff.o
 .text.create_chain
                0x00000000080077f4      0x130 ./Middlewares/FatFs/Core/ff.o
 .text.clmt_clust
                0x0000000008007924       0x68 ./Middlewares/FatFs/Core/ff.o
 .text.dir_sdi  0x000000000800798c       0xf6 ./Middlewares/FatFs/Core/ff.o
 .text.dir_next
                0x0000000008007a82      0x18a ./Middlewares/FatFs/Core/ff.o
 .text.dir_alloc
                0x0000000008007c0c       0x8e ./Middlewares/FatFs/Core/ff.o
 .text.ld_clust
                0x0000000008007c9a       0x3e ./Middlewares/FatFs/Core/ff.o
 .text.st_clust
                0x0000000008007cd8       0x40 ./Middlewares/FatFs/Core/ff.o
 .text.dir_find
                0x0000000008007d18       0xaa ./Middlewares/FatFs/Core/ff.o
 .text.dir_register
                0x0000000008007dc2       0x64 ./Middlewares/FatFs/Core/ff.o
 *fill*         0x0000000008007e26        0x2 
 .text.create_name
                0x0000000008007e28      0x128 ./Middlewares/FatFs/Core/ff.o
 .text.follow_path
                0x0000000008007f50       0xe2 ./Middlewares/FatFs/Core/ff.o
 .text.get_ldnumber
                0x0000000008008032       0x88 ./Middlewares/FatFs/Core/ff.o
 *fill*         0x00000000080080ba        0x2 
 .text.check_fs
                0x00000000080080bc       0xac ./Middlewares/FatFs/Core/ff.o
 .text.find_volume
                0x0000000008008168      0x498 ./Middlewares/FatFs/Core/ff.o
 .text.validate
                0x0000000008008600       0x6a ./Middlewares/FatFs/Core/ff.o
 *fill*         0x000000000800866a        0x2 
 .text.f_mount  0x000000000800866c       0x8c ./Middlewares/FatFs/Core/ff.o
                0x000000000800866c                f_mount
 .text.f_open   0x00000000080086f8      0x37c ./Middlewares/FatFs/Core/ff.o
                0x00000000080086f8                f_open
 .text.f_read   0x0000000008008a74      0x27e ./Middlewares/FatFs/Core/ff.o
                0x0000000008008a74                f_read
 .text.f_write  0x0000000008008cf2      0x2ea ./Middlewares/FatFs/Core/ff.o
                0x0000000008008cf2                f_write
 .text.f_sync   0x0000000008008fdc       0xfc ./Middlewares/FatFs/Core/ff.o
                0x0000000008008fdc                f_sync
 .text.f_close  0x00000000080090d8       0x54 ./Middlewares/FatFs/Core/ff.o
                0x00000000080090d8                f_close
 .text.FATFS_LinkDriverEx
                0x000000000800912c       0x98 ./Middlewares/FatFs/Core/ff_gen_drv.o
                0x000000000800912c                FATFS_LinkDriverEx
 .text.FATFS_LinkDriver
                0x00000000080091c4       0x1e ./Middlewares/FatFs/Core/ff_gen_drv.o
                0x00000000080091c4                FATFS_LinkDriver
 *fill*         0x00000000080091e2        0x2 
 .text.FATFS_UnLinkDriverEx
                0x00000000080091e4       0x70 ./Middlewares/FatFs/Core/ff_gen_drv.o
                0x00000000080091e4                FATFS_UnLinkDriverEx
 .text.FATFS_UnLinkDriver
                0x0000000008009254       0x1a ./Middlewares/FatFs/Core/ff_gen_drv.o
                0x0000000008009254                FATFS_UnLinkDriver
 .text.USBH_initialize
                0x000000000800926e       0x18 ./Middlewares/FatFs/Drivers/usbh_diskio_dma.o
                0x000000000800926e                USBH_initialize
 *fill*         0x0000000008009286        0x2 
 .text.USBH_status
                0x0000000008009288       0x38 ./Middlewares/FatFs/Drivers/usbh_diskio_dma.o
                0x0000000008009288                USBH_status
 .text.USBH_read
                0x00000000080092c0      0x10c ./Middlewares/FatFs/Drivers/usbh_diskio_dma.o
                0x00000000080092c0                USBH_read
 .text.USBH_write
                0x00000000080093cc      0x124 ./Middlewares/FatFs/Drivers/usbh_diskio_dma.o
                0x00000000080093cc                USBH_write
 .text.USBH_ioctl
                0x00000000080094f0       0xd4 ./Middlewares/FatFs/Drivers/usbh_diskio_dma.o
                0x00000000080094f0                USBH_ioctl
 .text.USBH_MSC_InterfaceInit
                0x00000000080095c4      0x244 ./Middlewares/STM32_USBH_Library/Class/MSC/usbh_msc.o
 .text.USBH_MSC_InterfaceDeInit
                0x0000000008009808       0x8c ./Middlewares/STM32_USBH_Library/Class/MSC/usbh_msc.o
 .text.USBH_MSC_ClassRequest
                0x0000000008009894       0xe4 ./Middlewares/STM32_USBH_Library/Class/MSC/usbh_msc.o
 .text.USBH_MSC_Process
                0x0000000008009978      0x704 ./Middlewares/STM32_USBH_Library/Class/MSC/usbh_msc.o
 .text.USBH_MSC_SOFProcess
                0x000000000800a07c       0x16 ./Middlewares/STM32_USBH_Library/Class/MSC/usbh_msc.o
 *fill*         0x000000000800a092        0x2 
 .text.USBH_MSC_RdWrProcess
                0x000000000800a094      0x218 ./Middlewares/STM32_USBH_Library/Class/MSC/usbh_msc.o
 .text.USBH_MSC_UnitIsReady
                0x000000000800a2ac       0x4c ./Middlewares/STM32_USBH_Library/Class/MSC/usbh_msc.o
                0x000000000800a2ac                USBH_MSC_UnitIsReady
 .text.USBH_MSC_GetLUNInfo
                0x000000000800a2f8       0x48 ./Middlewares/STM32_USBH_Library/Class/MSC/usbh_msc.o
                0x000000000800a2f8                USBH_MSC_GetLUNInfo
 .text.USBH_MSC_Read
                0x000000000800a340       0xd2 ./Middlewares/STM32_USBH_Library/Class/MSC/usbh_msc.o
                0x000000000800a340                USBH_MSC_Read
 .text.USBH_MSC_Write
                0x000000000800a412       0xd2 ./Middlewares/STM32_USBH_Library/Class/MSC/usbh_msc.o
                0x000000000800a412                USBH_MSC_Write
 .text.USBH_MSC_BOT_REQ_Reset
                0x000000000800a4e4       0x3a ./Middlewares/STM32_USBH_Library/Class/MSC/usbh_msc_bot.o
                0x000000000800a4e4                USBH_MSC_BOT_REQ_Reset
 .text.USBH_MSC_BOT_REQ_GetMaxLUN
                0x000000000800a51e       0x3c ./Middlewares/STM32_USBH_Library/Class/MSC/usbh_msc_bot.o
                0x000000000800a51e                USBH_MSC_BOT_REQ_GetMaxLUN
 *fill*         0x000000000800a55a        0x2 
 .text.USBH_MSC_BOT_Init
                0x000000000800a55c       0x44 ./Middlewares/STM32_USBH_Library/Class/MSC/usbh_msc_bot.o
                0x000000000800a55c                USBH_MSC_BOT_Init
 .text.USBH_MSC_BOT_Process
                0x000000000800a5a0      0x39c ./Middlewares/STM32_USBH_Library/Class/MSC/usbh_msc_bot.o
                0x000000000800a5a0                USBH_MSC_BOT_Process
 .text.USBH_MSC_BOT_Abort
                0x000000000800a93c       0x58 ./Middlewares/STM32_USBH_Library/Class/MSC/usbh_msc_bot.o
 .text.USBH_MSC_DecodeCSW
                0x000000000800a994       0x88 ./Middlewares/STM32_USBH_Library/Class/MSC/usbh_msc_bot.o
 .text.USBH_MSC_SCSI_TestUnitReady
                0x000000000800aa1c       0x86 ./Middlewares/STM32_USBH_Library/Class/MSC/usbh_msc_scsi.o
                0x000000000800aa1c                USBH_MSC_SCSI_TestUnitReady
 .text.USBH_MSC_SCSI_ReadCapacity
                0x000000000800aaa2       0xf6 ./Middlewares/STM32_USBH_Library/Class/MSC/usbh_msc_scsi.o
                0x000000000800aaa2                USBH_MSC_SCSI_ReadCapacity
 .text.USBH_MSC_SCSI_Inquiry
                0x000000000800ab98      0x14a ./Middlewares/STM32_USBH_Library/Class/MSC/usbh_msc_scsi.o
                0x000000000800ab98                USBH_MSC_SCSI_Inquiry
 .text.USBH_MSC_SCSI_RequestSense
                0x000000000800ace2       0xf2 ./Middlewares/STM32_USBH_Library/Class/MSC/usbh_msc_scsi.o
                0x000000000800ace2                USBH_MSC_SCSI_RequestSense
 .text.USBH_MSC_SCSI_Write
                0x000000000800add4       0xd6 ./Middlewares/STM32_USBH_Library/Class/MSC/usbh_msc_scsi.o
                0x000000000800add4                USBH_MSC_SCSI_Write
 .text.USBH_MSC_SCSI_Read
                0x000000000800aeaa       0xd6 ./Middlewares/STM32_USBH_Library/Class/MSC/usbh_msc_scsi.o
                0x000000000800aeaa                USBH_MSC_SCSI_Read
 .text.USBH_Init
                0x000000000800af80       0x90 ./Middlewares/STM32_USBH_Library/Core/usbh_core.o
                0x000000000800af80                USBH_Init
 .text.DeInitStateMachine
                0x000000000800b010       0xe8 ./Middlewares/STM32_USBH_Library/Core/usbh_core.o
 .text.USBH_RegisterClass
                0x000000000800b0f8       0x84 ./Middlewares/STM32_USBH_Library/Core/usbh_core.o
                0x000000000800b0f8                USBH_RegisterClass
 .text.USBH_SelectInterface
                0x000000000800b17c       0xd0 ./Middlewares/STM32_USBH_Library/Core/usbh_core.o
                0x000000000800b17c                USBH_SelectInterface
 .text.USBH_FindInterface
                0x000000000800b24c       0x8c ./Middlewares/STM32_USBH_Library/Core/usbh_core.o
                0x000000000800b24c                USBH_FindInterface
 .text.USBH_Start
                0x000000000800b2d8       0x20 ./Middlewares/STM32_USBH_Library/Core/usbh_core.o
                0x000000000800b2d8                USBH_Start
 .text.USBH_Process
                0x000000000800b2f8      0x4ec ./Middlewares/STM32_USBH_Library/Core/usbh_core.o
                0x000000000800b2f8                USBH_Process
 .text.USBH_HandleEnum
                0x000000000800b7e4      0x55c ./Middlewares/STM32_USBH_Library/Core/usbh_core.o
 .text.USBH_LL_SetTimer
                0x000000000800bd40       0x1e ./Middlewares/STM32_USBH_Library/Core/usbh_core.o
                0x000000000800bd40                USBH_LL_SetTimer
 .text.USBH_LL_IncTimer
                0x000000000800bd5e       0x24 ./Middlewares/STM32_USBH_Library/Core/usbh_core.o
                0x000000000800bd5e                USBH_LL_IncTimer
 .text.USBH_HandleSof
                0x000000000800bd82       0x30 ./Middlewares/STM32_USBH_Library/Core/usbh_core.o
 .text.USBH_LL_PortEnabled
                0x000000000800bdb2       0x1c ./Middlewares/STM32_USBH_Library/Core/usbh_core.o
                0x000000000800bdb2                USBH_LL_PortEnabled
 .text.USBH_LL_PortDisabled
                0x000000000800bdce       0x1c ./Middlewares/STM32_USBH_Library/Core/usbh_core.o
                0x000000000800bdce                USBH_LL_PortDisabled
 .text.USBH_LL_Connect
                0x000000000800bdea       0x2e ./Middlewares/STM32_USBH_Library/Core/usbh_core.o
                0x000000000800bdea                USBH_LL_Connect
 .text.USBH_LL_Disconnect
                0x000000000800be18       0x48 ./Middlewares/STM32_USBH_Library/Core/usbh_core.o
                0x000000000800be18                USBH_LL_Disconnect
 .text.USBH_Get_DevDesc
                0x000000000800be60       0x74 ./Middlewares/STM32_USBH_Library/Core/usbh_ctlreq.o
                0x000000000800be60                USBH_Get_DevDesc
 .text.USBH_Get_CfgDesc
                0x000000000800bed4       0x70 ./Middlewares/STM32_USBH_Library/Core/usbh_ctlreq.o
                0x000000000800bed4                USBH_Get_CfgDesc
 .text.USBH_Get_StringDesc
                0x000000000800bf44       0x84 ./Middlewares/STM32_USBH_Library/Core/usbh_ctlreq.o
                0x000000000800bf44                USBH_Get_StringDesc
 .text.USBH_GetDescriptor
                0x000000000800bfc8       0x6a ./Middlewares/STM32_USBH_Library/Core/usbh_ctlreq.o
                0x000000000800bfc8                USBH_GetDescriptor
 .text.USBH_SetAddress
                0x000000000800c032       0x48 ./Middlewares/STM32_USBH_Library/Core/usbh_ctlreq.o
                0x000000000800c032                USBH_SetAddress
 .text.USBH_SetCfg
                0x000000000800c07a       0x46 ./Middlewares/STM32_USBH_Library/Core/usbh_ctlreq.o
                0x000000000800c07a                USBH_SetCfg
 .text.USBH_SetFeature
                0x000000000800c0c0       0x48 ./Middlewares/STM32_USBH_Library/Core/usbh_ctlreq.o
                0x000000000800c0c0                USBH_SetFeature
 .text.USBH_ClrFeature
                0x000000000800c108       0x48 ./Middlewares/STM32_USBH_Library/Core/usbh_ctlreq.o
                0x000000000800c108                USBH_ClrFeature
 .text.USBH_ParseDevDesc
                0x000000000800c150      0x168 ./Middlewares/STM32_USBH_Library/Core/usbh_ctlreq.o
 .text.USBH_ParseCfgDesc
                0x000000000800c2b8      0x1f2 ./Middlewares/STM32_USBH_Library/Core/usbh_ctlreq.o
 .text.USBH_ParseInterfaceDesc
                0x000000000800c4aa       0x68 ./Middlewares/STM32_USBH_Library/Core/usbh_ctlreq.o
 .text.USBH_ParseEPDesc
                0x000000000800c512      0x1d2 ./Middlewares/STM32_USBH_Library/Core/usbh_ctlreq.o
 .text.USBH_ParseStringDesc
                0x000000000800c6e4       0x66 ./Middlewares/STM32_USBH_Library/Core/usbh_ctlreq.o
 .text.USBH_GetNextDesc
                0x000000000800c74a       0x36 ./Middlewares/STM32_USBH_Library/Core/usbh_ctlreq.o
                0x000000000800c74a                USBH_GetNextDesc
 .text.USBH_CtlReq
                0x000000000800c780       0x7a ./Middlewares/STM32_USBH_Library/Core/usbh_ctlreq.o
                0x000000000800c780                USBH_CtlReq
 *fill*         0x000000000800c7fa        0x2 
 .text.USBH_HandleControl
                0x000000000800c7fc      0x304 ./Middlewares/STM32_USBH_Library/Core/usbh_ctlreq.o
 .text.USBH_CtlSendSetup
                0x000000000800cb00       0x34 ./Middlewares/STM32_USBH_Library/Core/usbh_ioreq.o
                0x000000000800cb00                USBH_CtlSendSetup
 .text.USBH_CtlSendData
                0x000000000800cb34       0x4a ./Middlewares/STM32_USBH_Library/Core/usbh_ioreq.o
                0x000000000800cb34                USBH_CtlSendData
 .text.USBH_CtlReceiveData
                0x000000000800cb7e       0x3c ./Middlewares/STM32_USBH_Library/Core/usbh_ioreq.o
                0x000000000800cb7e                USBH_CtlReceiveData
 .text.USBH_BulkSendData
                0x000000000800cbba       0x4a ./Middlewares/STM32_USBH_Library/Core/usbh_ioreq.o
                0x000000000800cbba                USBH_BulkSendData
 .text.USBH_BulkReceiveData
                0x000000000800cc04       0x3c ./Middlewares/STM32_USBH_Library/Core/usbh_ioreq.o
                0x000000000800cc04                USBH_BulkReceiveData
 .text.USBH_OpenPipe
                0x000000000800cc40       0x3e ./Middlewares/STM32_USBH_Library/Core/usbh_pipes.o
                0x000000000800cc40                USBH_OpenPipe
 .text.USBH_ClosePipe
                0x000000000800cc7e       0x20 ./Middlewares/STM32_USBH_Library/Core/usbh_pipes.o
                0x000000000800cc7e                USBH_ClosePipe
 .text.USBH_AllocPipe
                0x000000000800cc9e       0x44 ./Middlewares/STM32_USBH_Library/Core/usbh_pipes.o
                0x000000000800cc9e                USBH_AllocPipe
 .text.USBH_FreePipe
                0x000000000800cce2       0x40 ./Middlewares/STM32_USBH_Library/Core/usbh_pipes.o
                0x000000000800cce2                USBH_FreePipe
 .text.USBH_GetFreePipe
                0x000000000800cd22       0x4a ./Middlewares/STM32_USBH_Library/Core/usbh_pipes.o
 .text.malloc   0x000000000800cd6c       0x10 /opt/st/stm32cubeide_1.13.1/plugins/com.st.stm32cube.ide.mcu.externaltools.gnu-tools-for-stm32.11.3.rel1.linux64_1.1.100.202309141235/tools/bin/../lib/gcc/arm-none-eabi/11.3.1/../../../../arm-none-eabi/lib/thumb/v7e-m+fp/hard/libc_nano.a(libc_a-malloc.o)
                0x000000000800cd6c                malloc
 .text.free     0x000000000800cd7c       0x10 /opt/st/stm32cubeide_1.13.1/plugins/com.st.stm32cube.ide.mcu.externaltools.gnu-tools-for-stm32.11.3.rel1.linux64_1.1.100.202309141235/tools/bin/../lib/gcc/arm-none-eabi/11.3.1/../../../../arm-none-eabi/lib/thumb/v7e-m+fp/hard/libc_nano.a(libc_a-malloc.o)
                0x000000000800cd7c                free
 .text.sbrk_aligned
                0x000000000800cd8c       0x40 /opt/st/stm32cubeide_1.13.1/plugins/com.st.stm32cube.ide.mcu.externaltools.gnu-tools-for-stm32.11.3.rel1.linux64_1.1.100.202309141235/tools/bin/../lib/gcc/arm-none-eabi/11.3.1/../../../../arm-none-eabi/lib/thumb/v7e-m+fp/hard/libc_nano.a(libc_a-mallocr.o)
 .text._malloc_r
                0x000000000800cdcc      0x100 /opt/st/stm32cubeide_1.13.1/plugins/com.st.stm32cube.ide.mcu.externaltools.gnu-tools-for-stm32.11.3.rel1.linux64_1.1.100.202309141235/tools/bin/../lib/gcc/arm-none-eabi/11.3.1/../../../../arm-none-eabi/lib/thumb/v7e-m+fp/hard/libc_nano.a(libc_a-mallocr.o)
                0x000000000800cdcc                _malloc_r
 .text.__malloc_lock
                0x000000000800cecc        0xc /opt/st/stm32cubeide_1.13.1/plugins/com.st.stm32cube.ide.mcu.externaltools.gnu-tools-for-stm32.11.3.rel1.linux64_1.1.100.202309141235/tools/bin/../lib/gcc/arm-none-eabi/11.3.1/../../../../arm-none-eabi/lib/thumb/v7e-m+fp/hard/libc_nano.a(libc_a-mlock.o)
                0x000000000800cecc                __malloc_lock
 .text.__malloc_unlock
                0x000000000800ced8        0xc /opt/st/stm32cubeide_1.13.1/plugins/com.st.stm32cube.ide.mcu.externaltools.gnu-tools-for-stm32.11.3.rel1.linux64_1.1.100.202309141235/tools/bin/../lib/gcc/arm-none-eabi/11.3.1/../../../../arm-none-eabi/lib/thumb/v7e-m+fp/hard/libc_nano.a(libc_a-mlock.o)
                0x000000000800ced8                __malloc_unlock
 .text.realloc  0x000000000800cee4       0x10 /opt/st/stm32cubeide_1.13.1/plugins/com.st.stm32cube.ide.mcu.externaltools.gnu-tools-for-stm32.11.3.rel1.linux64_1.1.100.202309141235/tools/bin/../lib/gcc/arm-none-eabi/11.3.1/../../../../arm-none-eabi/lib/thumb/v7e-m+fp/hard/libc_nano.a(libc_a-realloc.o)
                0x000000000800cee4                realloc
 .text._realloc_r
                0x000000000800cef4       0x5e /opt/st/stm32cubeide_1.13.1/plugins/com.st.stm32cube.ide.mcu.externaltools.gnu-tools-for-stm32.11.3.rel1.linux64_1.1.100.202309141235/tools/bin/../lib/gcc/arm-none-eabi/11.3.1/../../../../arm-none-eabi/lib/thumb/v7e-m+fp/hard/libc_nano.a(libc_a-reallocr.o)
                0x000000000800cef4                _realloc_r
 *fill*         0x000000000800cf52        0x2 
 .text.std      0x000000000800cf54       0x6c /opt/st/stm32cubeide_1.13.1/plugins/com.st.stm32cube.ide.mcu.externaltools.gnu-tools-for-stm32.11.3.rel1.linux64_1.1.100.202309141235/tools/bin/../lib/gcc/arm-none-eabi/11.3.1/../../../../arm-none-eabi/lib/thumb/v7e-m+fp/hard/libc_nano.a(libc_a-findfp.o)
 .text.stdio_exit_handler
                0x000000000800cfc0       0x18 /opt/st/stm32cubeide_1.13.1/plugins/com.st.stm32cube.ide.mcu.externaltools.gnu-tools-for-stm32.11.3.rel1.linux64_1.1.100.202309141235/tools/bin/../lib/gcc/arm-none-eabi/11.3.1/../../../../arm-none-eabi/lib/thumb/v7e-m+fp/hard/libc_nano.a(libc_a-findfp.o)
 .text.cleanup_stdio
                0x000000000800cfd8       0x40 /opt/st/stm32cubeide_1.13.1/plugins/com.st.stm32cube.ide.mcu.externaltools.gnu-tools-for-stm32.11.3.rel1.linux64_1.1.100.202309141235/tools/bin/../lib/gcc/arm-none-eabi/11.3.1/../../../../arm-none-eabi/lib/thumb/v7e-m+fp/hard/libc_nano.a(libc_a-findfp.o)
 .text.global_stdio_init.part.0
                0x000000000800d018       0x3c /opt/st/stm32cubeide_1.13.1/plugins/com.st.stm32cube.ide.mcu.externaltools.gnu-tools-for-stm32.11.3.rel1.linux64_1.1.100.202309141235/tools/bin/../lib/gcc/arm-none-eabi/11.3.1/../../../../arm-none-eabi/lib/thumb/v7e-m+fp/hard/libc_nano.a(libc_a-findfp.o)
 .text.__sfp_lock_acquire
                0x000000000800d054        0xc /opt/st/stm32cubeide_1.13.1/plugins/com.st.stm32cube.ide.mcu.externaltools.gnu-tools-for-stm32.11.3.rel1.linux64_1.1.100.202309141235/tools/bin/../lib/gcc/arm-none-eabi/11.3.1/../../../../arm-none-eabi/lib/thumb/v7e-m+fp/hard/libc_nano.a(libc_a-findfp.o)
                0x000000000800d054                __sfp_lock_acquire
 .text.__sfp_lock_release
                0x000000000800d060        0xc /opt/st/stm32cubeide_1.13.1/plugins/com.st.stm32cube.ide.mcu.externaltools.gnu-tools-for-stm32.11.3.rel1.linux64_1.1.100.202309141235/tools/bin/../lib/gcc/arm-none-eabi/11.3.1/../../../../arm-none-eabi/lib/thumb/v7e-m+fp/hard/libc_nano.a(libc_a-findfp.o)
                0x000000000800d060                __sfp_lock_release
 .text.__sinit  0x000000000800d06c       0x30 /opt/st/stm32cubeide_1.13.1/plugins/com.st.stm32cube.ide.mcu.externaltools.gnu-tools-for-stm32.11.3.rel1.linux64_1.1.100.202309141235/tools/bin/../lib/gcc/arm-none-eabi/11.3.1/../../../../arm-none-eabi/lib/thumb/v7e-m+fp/hard/libc_nano.a(libc_a-findfp.o)
                0x000000000800d06c                __sinit
 .text._fwalk_sglue
                0x000000000800d09c       0x3c /opt/st/stm32cubeide_1.13.1/plugins/com.st.stm32cube.ide.mcu.externaltools.gnu-tools-for-stm32.11.3.rel1.linux64_1.1.100.202309141235/tools/bin/../lib/gcc/arm-none-eabi/11.3.1/../../../../arm-none-eabi/lib/thumb/v7e-m+fp/hard/libc_nano.a(libc_a-fwalk.o)
                0x000000000800d09c                _fwalk_sglue
 .text.printf   0x000000000800d0d8       0x24 /opt/st/stm32cubeide_1.13.1/plugins/com.st.stm32cube.ide.mcu.externaltools.gnu-tools-for-stm32.11.3.rel1.linux64_1.1.100.202309141235/tools/bin/../lib/gcc/arm-none-eabi/11.3.1/../../../../arm-none-eabi/lib/thumb/v7e-m+fp/hard/libc_nano.a(libc_a-printf.o)
                0x000000000800d0d8                printf
                0x000000000800d0d8                iprintf
 .text.putchar  0x000000000800d0fc       0x10 /opt/st/stm32cubeide_1.13.1/plugins/com.st.stm32cube.ide.mcu.externaltools.gnu-tools-for-stm32.11.3.rel1.linux64_1.1.100.202309141235/tools/bin/../lib/gcc/arm-none-eabi/11.3.1/../../../../arm-none-eabi/lib/thumb/v7e-m+fp/hard/libc_nano.a(libc_a-putchar.o)
                0x000000000800d0fc                putchar
 .text._puts_r  0x000000000800d10c       0xa8 /opt/st/stm32cubeide_1.13.1/plugins/com.st.stm32cube.ide.mcu.externaltools.gnu-tools-for-stm32.11.3.rel1.linux64_1.1.100.202309141235/tools/bin/../lib/gcc/arm-none-eabi/11.3.1/../../../../arm-none-eabi/lib/thumb/v7e-m+fp/hard/libc_nano.a(libc_a-puts.o)
                0x000000000800d10c                _puts_r
 .text.puts     0x000000000800d1b4       0x10 /opt/st/stm32cubeide_1.13.1/plugins/com.st.stm32cube.ide.mcu.externaltools.gnu-tools-for-stm32.11.3.rel1.linux64_1.1.100.202309141235/tools/bin/../lib/gcc/arm-none-eabi/11.3.1/../../../../arm-none-eabi/lib/thumb/v7e-m+fp/hard/libc_nano.a(libc_a-puts.o)
                0x000000000800d1b4                puts
 .text.__sread  0x000000000800d1c4       0x22 /opt/st/stm32cubeide_1.13.1/plugins/com.st.stm32cube.ide.mcu.externaltools.gnu-tools-for-stm32.11.3.rel1.linux64_1.1.100.202309141235/tools/bin/../lib/gcc/arm-none-eabi/11.3.1/../../../../arm-none-eabi/lib/thumb/v7e-m+fp/hard/libc_nano.a(libc_a-stdio.o)
                0x000000000800d1c4                __sread
 .text.__swrite
                0x000000000800d1e6       0x38 /opt/st/stm32cubeide_1.13.1/plugins/com.st.stm32cube.ide.mcu.externaltools.gnu-tools-for-stm32.11.3.rel1.linux64_1.1.100.202309141235/tools/bin/../lib/gcc/arm-none-eabi/11.3.1/../../../../arm-none-eabi/lib/thumb/v7e-m+fp/hard/libc_nano.a(libc_a-stdio.o)
                0x000000000800d1e6                __swrite
 .text.__sseek  0x000000000800d21e       0x24 /opt/st/stm32cubeide_1.13.1/plugins/com.st.stm32cube.ide.mcu.externaltools.gnu-tools-for-stm32.11.3.rel1.linux64_1.1.100.202309141235/tools/bin/../lib/gcc/arm-none-eabi/11.3.1/../../../../arm-none-eabi/lib/thumb/v7e-m+fp/hard/libc_nano.a(libc_a-stdio.o)
                0x000000000800d21e                __sseek
 .text.__sclose
                0x000000000800d242        0x8 /opt/st/stm32cubeide_1.13.1/plugins/com.st.stm32cube.ide.mcu.externaltools.gnu-tools-for-stm32.11.3.rel1.linux64_1.1.100.202309141235/tools/bin/../lib/gcc/arm-none-eabi/11.3.1/../../../../arm-none-eabi/lib/thumb/v7e-m+fp/hard/libc_nano.a(libc_a-stdio.o)
                0x000000000800d242                __sclose
 .text.__swbuf_r
                0x000000000800d24a       0x7a /opt/st/stm32cubeide_1.13.1/plugins/com.st.stm32cube.ide.mcu.externaltools.gnu-tools-for-stm32.11.3.rel1.linux64_1.1.100.202309141235/tools/bin/../lib/gcc/arm-none-eabi/11.3.1/../../../../arm-none-eabi/lib/thumb/v7e-m+fp/hard/libc_nano.a(libc_a-wbuf.o)
                0x000000000800d24a                __swbuf_r
 .text.__swsetup_r
                0x000000000800d2c4       0xb0 /opt/st/stm32cubeide_1.13.1/plugins/com.st.stm32cube.ide.mcu.externaltools.gnu-tools-for-stm32.11.3.rel1.linux64_1.1.100.202309141235/tools/bin/../lib/gcc/arm-none-eabi/11.3.1/../../../../arm-none-eabi/lib/thumb/v7e-m+fp/hard/libc_nano.a(libc_a-wsetup.o)
                0x000000000800d2c4                __swsetup_r
 .text.memset   0x000000000800d374       0x10 /opt/st/stm32cubeide_1.13.1/plugins/com.st.stm32cube.ide.mcu.externaltools.gnu-tools-for-stm32.11.3.rel1.linux64_1.1.100.202309141235/tools/bin/../lib/gcc/arm-none-eabi/11.3.1/../../../../arm-none-eabi/lib/thumb/v7e-m+fp/hard/libc_nano.a(libc_a-memset.o)
                0x000000000800d374                memset
 .text.strcat   0x000000000800d384       0x1e /opt/st/stm32cubeide_1.13.1/plugins/com.st.stm32cube.ide.mcu.externaltools.gnu-tools-for-stm32.11.3.rel1.linux64_1.1.100.202309141235/tools/bin/../lib/gcc/arm-none-eabi/11.3.1/../../../../arm-none-eabi/lib/thumb/v7e-m+fp/hard/libc_nano.a(libc_a-strcat.o)
                0x000000000800d384                strcat
 .text.strchr   0x000000000800d3a2       0x1a /opt/st/stm32cubeide_1.13.1/plugins/com.st.stm32cube.ide.mcu.externaltools.gnu-tools-for-stm32.11.3.rel1.linux64_1.1.100.202309141235/tools/bin/../lib/gcc/arm-none-eabi/11.3.1/../../../../arm-none-eabi/lib/thumb/v7e-m+fp/hard/libc_nano.a(libc_a-strchr.o)
                0x000000000800d3a2                strchr
 .text.strncpy  0x000000000800d3bc       0x26 /opt/st/stm32cubeide_1.13.1/plugins/com.st.stm32cube.ide.mcu.externaltools.gnu-tools-for-stm32.11.3.rel1.linux64_1.1.100.202309141235/tools/bin/../lib/gcc/arm-none-eabi/11.3.1/../../../../arm-none-eabi/lib/thumb/v7e-m+fp/hard/libc_nano.a(libc_a-strncpy.o)
                0x000000000800d3bc                strncpy
 .text.strstr   0x000000000800d3e2       0x2c /opt/st/stm32cubeide_1.13.1/plugins/com.st.stm32cube.ide.mcu.externaltools.gnu-tools-for-stm32.11.3.rel1.linux64_1.1.100.202309141235/tools/bin/../lib/gcc/arm-none-eabi/11.3.1/../../../../arm-none-eabi/lib/thumb/v7e-m+fp/hard/libc_nano.a(libc_a-strstr.o)
                0x000000000800d3e2                strstr
 *fill*         0x000000000800d40e        0x2 
 .text._close_r
                0x000000000800d410       0x20 /opt/st/stm32cubeide_1.13.1/plugins/com.st.stm32cube.ide.mcu.externaltools.gnu-tools-for-stm32.11.3.rel1.linux64_1.1.100.202309141235/tools/bin/../lib/gcc/arm-none-eabi/11.3.1/../../../../arm-none-eabi/lib/thumb/v7e-m+fp/hard/libc_nano.a(libc_a-closer.o)
                0x000000000800d410                _close_r
 .text._lseek_r
                0x000000000800d430       0x24 /opt/st/stm32cubeide_1.13.1/plugins/com.st.stm32cube.ide.mcu.externaltools.gnu-tools-for-stm32.11.3.rel1.linux64_1.1.100.202309141235/tools/bin/../lib/gcc/arm-none-eabi/11.3.1/../../../../arm-none-eabi/lib/thumb/v7e-m+fp/hard/libc_nano.a(libc_a-lseekr.o)
                0x000000000800d430                _lseek_r
 .text._read_r  0x000000000800d454       0x24 /opt/st/stm32cubeide_1.13.1/plugins/com.st.stm32cube.ide.mcu.externaltools.gnu-tools-for-stm32.11.3.rel1.linux64_1.1.100.202309141235/tools/bin/../lib/gcc/arm-none-eabi/11.3.1/../../../../arm-none-eabi/lib/thumb/v7e-m+fp/hard/libc_nano.a(libc_a-readr.o)
                0x000000000800d454                _read_r
 .text._sbrk_r  0x000000000800d478       0x20 /opt/st/stm32cubeide_1.13.1/plugins/com.st.stm32cube.ide.mcu.externaltools.gnu-tools-for-stm32.11.3.rel1.linux64_1.1.100.202309141235/tools/bin/../lib/gcc/arm-none-eabi/11.3.1/../../../../arm-none-eabi/lib/thumb/v7e-m+fp/hard/libc_nano.a(libc_a-sbrkr.o)
                0x000000000800d478                _sbrk_r
 .text._write_r
                0x000000000800d498       0x24 /opt/st/stm32cubeide_1.13.1/plugins/com.st.stm32cube.ide.mcu.externaltools.gnu-tools-for-stm32.11.3.rel1.linux64_1.1.100.202309141235/tools/bin/../lib/gcc/arm-none-eabi/11.3.1/../../../../arm-none-eabi/lib/thumb/v7e-m+fp/hard/libc_nano.a(libc_a-writer.o)
                0x000000000800d498                _write_r
 .text.__errno  0x000000000800d4bc        0xc /opt/st/stm32cubeide_1.13.1/plugins/com.st.stm32cube.ide.mcu.externaltools.gnu-tools-for-stm32.11.3.rel1.linux64_1.1.100.202309141235/tools/bin/../lib/gcc/arm-none-eabi/11.3.1/../../../../arm-none-eabi/lib/thumb/v7e-m+fp/hard/libc_nano.a(libc_a-errno.o)
                0x000000000800d4bc                __errno
 .text.__libc_init_array
                0x000000000800d4c8       0x48 /opt/st/stm32cubeide_1.13.1/plugins/com.st.stm32cube.ide.mcu.externaltools.gnu-tools-for-stm32.11.3.rel1.linux64_1.1.100.202309141235/tools/bin/../lib/gcc/arm-none-eabi/11.3.1/../../../../arm-none-eabi/lib/thumb/v7e-m+fp/hard/libc_nano.a(libc_a-init.o)
                0x000000000800d4c8                __libc_init_array
 .text.__retarget_lock_init_recursive
                0x000000000800d510        0x2 /opt/st/stm32cubeide_1.13.1/plugins/com.st.stm32cube.ide.mcu.externaltools.gnu-tools-for-stm32.11.3.rel1.linux64_1.1.100.202309141235/tools/bin/../lib/gcc/arm-none-eabi/11.3.1/../../../../arm-none-eabi/lib/thumb/v7e-m+fp/hard/libc_nano.a(libc_a-lock.o)
                0x000000000800d510                __retarget_lock_init_recursive
 .text.__retarget_lock_acquire_recursive
                0x000000000800d512        0x2 /opt/st/stm32cubeide_1.13.1/plugins/com.st.stm32cube.ide.mcu.externaltools.gnu-tools-for-stm32.11.3.rel1.linux64_1.1.100.202309141235/tools/bin/../lib/gcc/arm-none-eabi/11.3.1/../../../../arm-none-eabi/lib/thumb/v7e-m+fp/hard/libc_nano.a(libc_a-lock.o)
                0x000000000800d512                __retarget_lock_acquire_recursive
 .text.__retarget_lock_release_recursive
                0x000000000800d514        0x2 /opt/st/stm32cubeide_1.13.1/plugins/com.st.stm32cube.ide.mcu.externaltools.gnu-tools-for-stm32.11.3.rel1.linux64_1.1.100.202309141235/tools/bin/../lib/gcc/arm-none-eabi/11.3.1/../../../../arm-none-eabi/lib/thumb/v7e-m+fp/hard/libc_nano.a(libc_a-lock.o)
                0x000000000800d514                __retarget_lock_release_recursive
 .text.strcpy   0x000000000800d516       0x10 /opt/st/stm32cubeide_1.13.1/plugins/com.st.stm32cube.ide.mcu.externaltools.gnu-tools-for-stm32.11.3.rel1.linux64_1.1.100.202309141235/tools/bin/../lib/gcc/arm-none-eabi/11.3.1/../../../../arm-none-eabi/lib/thumb/v7e-m+fp/hard/libc_nano.a(libc_a-strcpy.o)
                0x000000000800d516                strcpy
 .text.memcpy   0x000000000800d526       0x1c /opt/st/stm32cubeide_1.13.1/plugins/com.st.stm32cube.ide.mcu.externaltools.gnu-tools-for-stm32.11.3.rel1.linux64_1.1.100.202309141235/tools/bin/../lib/gcc/arm-none-eabi/11.3.1/../../../../arm-none-eabi/lib/thumb/v7e-m+fp/hard/libc_nano.a(libc_a-memcpy-stub.o)
                0x000000000800d526                memcpy
 *fill*         0x000000000800d542        0x2 
 .text._free_r  0x000000000800d544       0x98 /opt/st/stm32cubeide_1.13.1/plugins/com.st.stm32cube.ide.mcu.externaltools.gnu-tools-for-stm32.11.3.rel1.linux64_1.1.100.202309141235/tools/bin/../lib/gcc/arm-none-eabi/11.3.1/../../../../arm-none-eabi/lib/thumb/v7e-m+fp/hard/libc_nano.a(libc_a-freer.o)
                0x000000000800d544                _free_r
 .text._malloc_usable_size_r
                0x000000000800d5dc       0x10 /opt/st/stm32cubeide_1.13.1/plugins/com.st.stm32cube.ide.mcu.externaltools.gnu-tools-for-stm32.11.3.rel1.linux64_1.1.100.202309141235/tools/bin/../lib/gcc/arm-none-eabi/11.3.1/../../../../arm-none-eabi/lib/thumb/v7e-m+fp/hard/libc_nano.a(libc_a-msizer.o)
                0x000000000800d5dc                _malloc_usable_size_r
 .text.__sfputc_r
                0x000000000800d5ec       0x2e /opt/st/stm32cubeide_1.13.1/plugins/com.st.stm32cube.ide.mcu.externaltools.gnu-tools-for-stm32.11.3.rel1.linux64_1.1.100.202309141235/tools/bin/../lib/gcc/arm-none-eabi/11.3.1/../../../../arm-none-eabi/lib/thumb/v7e-m+fp/hard/libc_nano.a(libc_a-nano-vfprintf.o)
 .text.__sfputs_r
                0x000000000800d61a       0x24 /opt/st/stm32cubeide_1.13.1/plugins/com.st.stm32cube.ide.mcu.externaltools.gnu-tools-for-stm32.11.3.rel1.linux64_1.1.100.202309141235/tools/bin/../lib/gcc/arm-none-eabi/11.3.1/../../../../arm-none-eabi/lib/thumb/v7e-m+fp/hard/libc_nano.a(libc_a-nano-vfprintf.o)
                0x000000000800d61a                __sfputs_r
 *fill*         0x000000000800d63e        0x2 
 .text._vfprintf_r
                0x000000000800d640      0x234 /opt/st/stm32cubeide_1.13.1/plugins/com.st.stm32cube.ide.mcu.externaltools.gnu-tools-for-stm32.11.3.rel1.linux64_1.1.100.202309141235/tools/bin/../lib/gcc/arm-none-eabi/11.3.1/../../../../arm-none-eabi/lib/thumb/v7e-m+fp/hard/libc_nano.a(libc_a-nano-vfprintf.o)
                0x000000000800d640                _vfiprintf_r
                0x000000000800d640                _vfprintf_r
 .text._printf_common
                0x000000000800d874       0xda /opt/st/stm32cubeide_1.13.1/plugins/com.st.stm32cube.ide.mcu.externaltools.gnu-tools-for-stm32.11.3.rel1.linux64_1.1.100.202309141235/tools/bin/../lib/gcc/arm-none-eabi/11.3.1/../../../../arm-none-eabi/lib/thumb/v7e-m+fp/hard/libc_nano.a(libc_a-nano-vfprintf_i.o)
                0x000000000800d874                _printf_common
 *fill*         0x000000000800d94e        0x2 
 .text._printf_i
                0x000000000800d950      0x244 /opt/st/stm32cubeide_1.13.1/plugins/com.st.stm32cube.ide.mcu.externaltools.gnu-tools-for-stm32.11.3.rel1.linux64_1.1.100.202309141235/tools/bin/../lib/gcc/arm-none-eabi/11.3.1/../../../../arm-none-eabi/lib/thumb/v7e-m+fp/hard/libc_nano.a(libc_a-nano-vfprintf_i.o)
                0x000000000800d950                _printf_i
 .text.__sflush_r
                0x000000000800db94      0x10c /opt/st/stm32cubeide_1.13.1/plugins/com.st.stm32cube.ide.mcu.externaltools.gnu-tools-for-stm32.11.3.rel1.linux64_1.1.100.202309141235/tools/bin/../lib/gcc/arm-none-eabi/11.3.1/../../../../arm-none-eabi/lib/thumb/v7e-m+fp/hard/libc_nano.a(libc_a-fflush.o)
                0x000000000800db94                __sflush_r
 .text._fflush_r
                0x000000000800dca0       0x50 /opt/st/stm32cubeide_1.13.1/plugins/com.st.stm32cube.ide.mcu.externaltools.gnu-tools-for-stm32.11.3.rel1.linux64_1.1.100.202309141235/tools/bin/../lib/gcc/arm-none-eabi/11.3.1/../../../../arm-none-eabi/lib/thumb/v7e-m+fp/hard/libc_nano.a(libc_a-fflush.o)
                0x000000000800dca0                _fflush_r
 .text.__swhatbuf_r
                0x000000000800dcf0       0x4c /opt/st/stm32cubeide_1.13.1/plugins/com.st.stm32cube.ide.mcu.externaltools.gnu-tools-for-stm32.11.3.rel1.linux64_1.1.100.202309141235/tools/bin/../lib/gcc/arm-none-eabi/11.3.1/../../../../arm-none-eabi/lib/thumb/v7e-m+fp/hard/libc_nano.a(libc_a-makebuf.o)
                0x000000000800dcf0                __swhatbuf_r
 .text.__smakebuf_r
                0x000000000800dd3c       0x78 /opt/st/stm32cubeide_1.13.1/plugins/com.st.stm32cube.ide.mcu.externaltools.gnu-tools-for-stm32.11.3.rel1.linux64_1.1.100.202309141235/tools/bin/../lib/gcc/arm-none-eabi/11.3.1/../../../../arm-none-eabi/lib/thumb/v7e-m+fp/hard/libc_nano.a(libc_a-makebuf.o)
                0x000000000800dd3c                __smakebuf_r
 .text._putc_r  0x000000000800ddb4       0x68 /opt/st/stm32cubeide_1.13.1/plugins/com.st.stm32cube.ide.mcu.externaltools.gnu-tools-for-stm32.11.3.rel1.linux64_1.1.100.202309141235/tools/bin/../lib/gcc/arm-none-eabi/11.3.1/../../../../arm-none-eabi/lib/thumb/v7e-m+fp/hard/libc_nano.a(libc_a-putc.o)
                0x000000000800ddb4                _putc_r
 .text._fstat_r
                0x000000000800de1c       0x24 /opt/st/stm32cubeide_1.13.1/plugins/com.st.stm32cube.ide.mcu.externaltools.gnu-tools-for-stm32.11.3.rel1.linux64_1.1.100.202309141235/tools/bin/../lib/gcc/arm-none-eabi/11.3.1/../../../../arm-none-eabi/lib/thumb/v7e-m+fp/hard/libc_nano.a(libc_a-fstatr.o)
                0x000000000800de1c                _fstat_r
 .text._isatty_r
                0x000000000800de40       0x20 /opt/st/stm32cubeide_1.13.1/plugins/com.st.stm32cube.ide.mcu.externaltools.gnu-tools-for-stm32.11.3.rel1.linux64_1.1.100.202309141235/tools/bin/../lib/gcc/arm-none-eabi/11.3.1/../../../../arm-none-eabi/lib/thumb/v7e-m+fp/hard/libc_nano.a(libc_a-isattyr.o)
                0x000000000800de40                _isatty_r
 *(.glue_7)
 .glue_7        0x000000000800de60        0x0 linker stubs
 *(.glue_7t)
 .glue_7t       0x000000000800de60        0x0 linker stubs
 *(.eh_frame)
 .eh_frame      0x000000000800de60        0x0 /opt/st/stm32cubeide_1.13.1/plugins/com.st.stm32cube.ide.mcu.externaltools.gnu-tools-for-stm32.11.3.rel1.linux64_1.1.100.202309141235/tools/bin/../lib/gcc/arm-none-eabi/11.3.1/thumb/v7e-m+fp/hard/crtbegin.o
 *(.init)
 .init          0x000000000800de60        0x4 /opt/st/stm32cubeide_1.13.1/plugins/com.st.stm32cube.ide.mcu.externaltools.gnu-tools-for-stm32.11.3.rel1.linux64_1.1.100.202309141235/tools/bin/../lib/gcc/arm-none-eabi/11.3.1/thumb/v7e-m+fp/hard/crti.o
                0x000000000800de60                _init
 .init          0x000000000800de64        0x8 /opt/st/stm32cubeide_1.13.1/plugins/com.st.stm32cube.ide.mcu.externaltools.gnu-tools-for-stm32.11.3.rel1.linux64_1.1.100.202309141235/tools/bin/../lib/gcc/arm-none-eabi/11.3.1/thumb/v7e-m+fp/hard/crtn.o
 *(.fini)
 .fini          0x000000000800de6c        0x4 /opt/st/stm32cubeide_1.13.1/plugins/com.st.stm32cube.ide.mcu.externaltools.gnu-tools-for-stm32.11.3.rel1.linux64_1.1.100.202309141235/tools/bin/../lib/gcc/arm-none-eabi/11.3.1/thumb/v7e-m+fp/hard/crti.o
                0x000000000800de6c                _fini
 .fini          0x000000000800de70        0x8 /opt/st/stm32cubeide_1.13.1/plugins/com.st.stm32cube.ide.mcu.externaltools.gnu-tools-for-stm32.11.3.rel1.linux64_1.1.100.202309141235/tools/bin/../lib/gcc/arm-none-eabi/11.3.1/thumb/v7e-m+fp/hard/crtn.o
                0x000000000800de78                . = ALIGN (0x4)
                0x000000000800de78                _etext = .

.vfp11_veneer   0x000000000800de78        0x0
 .vfp11_veneer  0x000000000800de78        0x0 linker stubs

.v4_bx          0x000000000800de78        0x0
 .v4_bx         0x000000000800de78        0x0 linker stubs

.iplt           0x000000000800de78        0x0
 .iplt          0x000000000800de78        0x0 /opt/st/stm32cubeide_1.13.1/plugins/com.st.stm32cube.ide.mcu.externaltools.gnu-tools-for-stm32.11.3.rel1.linux64_1.1.100.202309141235/tools/bin/../lib/gcc/arm-none-eabi/11.3.1/thumb/v7e-m+fp/hard/crtbegin.o

.rodata         0x000000000800de78      0xb1c
                0x000000000800de78                . = ALIGN (0x4)
 *(.rodata)
 .rodata        0x000000000800de78      0x2c3 ./Application/User/main.o
 *fill*         0x000000000800e13b        0x1 
 .rodata        0x000000000800e13c       0x26 ./Application/User/usbh_conf.o
 *fill*         0x000000000800e162        0x2 
 .rodata        0x000000000800e164       0x44 ./Middlewares/FatFs/Core/ff.o
 .rodata        0x000000000800e1a8       0x3d ./Middlewares/FatFs/Drivers/usbh_diskio_dma.o
 *fill*         0x000000000800e1e5        0x3 
 .rodata        0x000000000800e1e8      0x138 ./Middlewares/STM32_USBH_Library/Class/MSC/usbh_msc.o
 .rodata        0x000000000800e320      0x460 ./Middlewares/STM32_USBH_Library/Core/usbh_core.o
 .rodata        0x000000000800e780      0x101 ./Middlewares/STM32_USBH_Library/Core/usbh_ctlreq.o
 *(.rodata*)
 *fill*         0x000000000800e881        0x3 
 .rodata.AHBPrescTable
                0x000000000800e884       0x10 ./Drivers/CMSIS/system_stm32l4xx.o
                0x000000000800e884                AHBPrescTable
 .rodata.APBPrescTable
                0x000000000800e894        0x8 ./Drivers/CMSIS/system_stm32l4xx.o
                0x000000000800e894                APBPrescTable
 .rodata.MSIRangeTable
                0x000000000800e89c       0x30 ./Drivers/CMSIS/system_stm32l4xx.o
                0x000000000800e89c                MSIRangeTable
 .rodata.ExCvt  0x000000000800e8cc       0x80 ./Middlewares/FatFs/Core/ff.o
 .rodata.USBH_Driver
                0x000000000800e94c       0x14 ./Middlewares/FatFs/Drivers/usbh_diskio_dma.o
                0x000000000800e94c                USBH_Driver
 .rodata._vfprintf_r.str1.1
                0x000000000800e960       0x11 /opt/st/stm32cubeide_1.13.1/plugins/com.st.stm32cube.ide.mcu.externaltools.gnu-tools-for-stm32.11.3.rel1.linux64_1.1.100.202309141235/tools/bin/../lib/gcc/arm-none-eabi/11.3.1/../../../../arm-none-eabi/lib/thumb/v7e-m+fp/hard/libc_nano.a(libc_a-nano-vfprintf.o)
 .rodata._printf_i.str1.1
                0x000000000800e971       0x22 /opt/st/stm32cubeide_1.13.1/plugins/com.st.stm32cube.ide.mcu.externaltools.gnu-tools-for-stm32.11.3.rel1.linux64_1.1.100.202309141235/tools/bin/../lib/gcc/arm-none-eabi/11.3.1/../../../../arm-none-eabi/lib/thumb/v7e-m+fp/hard/libc_nano.a(libc_a-nano-vfprintf_i.o)
                0x000000000800e994                . = ALIGN (0x4)
 *fill*         0x000000000800e993        0x1 

.ARM.extab      0x000000000800e994        0x0
                0x000000000800e994                . = ALIGN (0x4)
 *(.ARM.extab* .gnu.linkonce.armextab.*)
                0x000000000800e994                . = ALIGN (0x4)

.ARM            0x000000000800e994        0x8
                0x000000000800e994                . = ALIGN (0x4)
                0x000000000800e994                __exidx_start = .
 *(.ARM.exidx*)
 .ARM.exidx     0x000000000800e994        0x8 /opt/st/stm32cubeide_1.13.1/plugins/com.st.stm32cube.ide.mcu.externaltools.gnu-tools-for-stm32.11.3.rel1.linux64_1.1.100.202309141235/tools/bin/../lib/gcc/arm-none-eabi/11.3.1/thumb/v7e-m+fp/hard/libgcc.a(_udivmoddi4.o)
                0x000000000800e99c                __exidx_end = .
                0x000000000800e99c                . = ALIGN (0x4)

.rel.dyn        0x000000000800e99c        0x0
 .rel.iplt      0x000000000800e99c        0x0 /opt/st/stm32cubeide_1.13.1/plugins/com.st.stm32cube.ide.mcu.externaltools.gnu-tools-for-stm32.11.3.rel1.linux64_1.1.100.202309141235/tools/bin/../lib/gcc/arm-none-eabi/11.3.1/thumb/v7e-m+fp/hard/crtbegin.o

.preinit_array  0x000000000800e99c        0x0
                0x000000000800e99c                . = ALIGN (0x4)
                0x000000000800e99c                PROVIDE (__preinit_array_start = .)
 *(.preinit_array*)
                0x000000000800e99c                PROVIDE (__preinit_array_end = .)
                0x000000000800e99c                . = ALIGN (0x4)

.init_array     0x000000000800e99c        0x4
                0x000000000800e99c                . = ALIGN (0x4)
                0x000000000800e99c                PROVIDE (__init_array_start = .)
 *(SORT_BY_NAME(.init_array.*))
 *(.init_array*)
 .init_array    0x000000000800e99c        0x4 /opt/st/stm32cubeide_1.13.1/plugins/com.st.stm32cube.ide.mcu.externaltools.gnu-tools-for-stm32.11.3.rel1.linux64_1.1.100.202309141235/tools/bin/../lib/gcc/arm-none-eabi/11.3.1/thumb/v7e-m+fp/hard/crtbegin.o
                0x000000000800e9a0                PROVIDE (__init_array_end = .)
                0x000000000800e9a0                . = ALIGN (0x4)

.fini_array     0x000000000800e9a0        0x4
                0x000000000800e9a0                . = ALIGN (0x4)
                [!provide]                        PROVIDE (__fini_array_start = .)
 *(SORT_BY_NAME(.fini_array.*))
 *(.fini_array*)
 .fini_array    0x000000000800e9a0        0x4 /opt/st/stm32cubeide_1.13.1/plugins/com.st.stm32cube.ide.mcu.externaltools.gnu-tools-for-stm32.11.3.rel1.linux64_1.1.100.202309141235/tools/bin/../lib/gcc/arm-none-eabi/11.3.1/thumb/v7e-m+fp/hard/crtbegin.o
                [!provide]                        PROVIDE (__fini_array_end = .)
                0x000000000800e9a4                . = ALIGN (0x4)
                0x000000000800e9a4                _sidata = LOADADDR (.data)

.data           0x0000000020000000       0x8c load address 0x000000000800e9a4
                0x0000000020000000                . = ALIGN (0x4)
                0x0000000020000000                _sdata = .
 *(.data)
 *(.data*)
 .data.header   0x0000000020000000        0x4 ./Application/User/main.o
                0x0000000020000000                header
 .data.SystemCoreClock
                0x0000000020000004        0x4 ./Drivers/CMSIS/system_stm32l4xx.o
                0x0000000020000004                SystemCoreClock
 .data.uwTickPrio
                0x0000000020000008        0x4 ./Drivers/STM32L4xx_HAL_Driver/stm32l4xx_hal.o
                0x0000000020000008                uwTickPrio
 .data.uwTickFreq
                0x000000002000000c        0x1 ./Drivers/STM32L4xx_HAL_Driver/stm32l4xx_hal.o
                0x000000002000000c                uwTickFreq
 *fill*         0x000000002000000d        0x3 
 .data.USBH_msc
                0x0000000020000010       0x20 ./Middlewares/STM32_USBH_Library/Class/MSC/usbh_msc.o
                0x0000000020000010                USBH_msc
 .data.__sglue  0x0000000020000030        0xc /opt/st/stm32cubeide_1.13.1/plugins/com.st.stm32cube.ide.mcu.externaltools.gnu-tools-for-stm32.11.3.rel1.linux64_1.1.100.202309141235/tools/bin/../lib/gcc/arm-none-eabi/11.3.1/../../../../arm-none-eabi/lib/thumb/v7e-m+fp/hard/libc_nano.a(libc_a-findfp.o)
                0x0000000020000030                __sglue
 .data._impure_data
                0x000000002000003c       0x4c /opt/st/stm32cubeide_1.13.1/plugins/com.st.stm32cube.ide.mcu.externaltools.gnu-tools-for-stm32.11.3.rel1.linux64_1.1.100.202309141235/tools/bin/../lib/gcc/arm-none-eabi/11.3.1/../../../../arm-none-eabi/lib/thumb/v7e-m+fp/hard/libc_nano.a(libc_a-impure.o)
                0x000000002000003c                _impure_data
 .data._impure_ptr
                0x0000000020000088        0x4 /opt/st/stm32cubeide_1.13.1/plugins/com.st.stm32cube.ide.mcu.externaltools.gnu-tools-for-stm32.11.3.rel1.linux64_1.1.100.202309141235/tools/bin/../lib/gcc/arm-none-eabi/11.3.1/../../../../arm-none-eabi/lib/thumb/v7e-m+fp/hard/libc_nano.a(libc_a-impure.o)
                0x0000000020000088                _impure_ptr
 *(.RamFunc)
 *(.RamFunc*)
                0x000000002000008c                . = ALIGN (0x4)
                0x000000002000008c                _edata = .
                0x000000000800ea30                _sisram2 = LOADADDR (.sram2)

.igot.plt       0x000000002000008c        0x0 load address 0x000000000800ea30
 .igot.plt      0x000000002000008c        0x0 /opt/st/stm32cubeide_1.13.1/plugins/com.st.stm32cube.ide.mcu.externaltools.gnu-tools-for-stm32.11.3.rel1.linux64_1.1.100.202309141235/tools/bin/../lib/gcc/arm-none-eabi/11.3.1/thumb/v7e-m+fp/hard/crtbegin.o

.sram2          0x0000000010000000        0x0 load address 0x000000000800ea30
                0x0000000010000000                . = ALIGN (0x4)
                0x0000000010000000                _ssram2 = .
 *(.sram2)
 *(.sram2*)
                0x0000000010000000                . = ALIGN (0x4)
                0x0000000010000000                _esram2 = .
                0x0000000010000000                . = ALIGN (0x4)

.bss            0x000000002000008c     0x1708
                0x000000002000008c                _sbss = .
                0x000000002000008c                __bss_start__ = _sbss
 *(.bss)
 .bss           0x000000002000008c       0x1c /opt/st/stm32cubeide_1.13.1/plugins/com.st.stm32cube.ide.mcu.externaltools.gnu-tools-for-stm32.11.3.rel1.linux64_1.1.100.202309141235/tools/bin/../lib/gcc/arm-none-eabi/11.3.1/thumb/v7e-m+fp/hard/crtbegin.o
 *(.bss*)
 .bss.USBDISKFatFs
                0x00000000200000a8      0x230 ./Application/User/main.o
                0x00000000200000a8                USBDISKFatFs
 .bss.MyFile    0x00000000200002d8      0x230 ./Application/User/main.o
                0x00000000200002d8                MyFile
 .bss.USBDISKPath
                0x0000000020000508        0x4 ./Application/User/main.o
                0x0000000020000508                USBDISKPath
 .bss.hUSBHost  0x000000002000050c      0x4d8 ./Application/User/main.o
                0x000000002000050c                hUSBHost
 .bss.Appli_state
                0x00000000200009e4        0x1 ./Application/User/main.o
                0x00000000200009e4                Appli_state
 *fill*         0x00000000200009e5        0x3 
 .bss.UartHandle
                0x00000000200009e8       0x88 ./Application/User/main.o
                0x00000000200009e8                UartHandle
 .bss.rxBuffer  0x0000000020000a70        0x4 ./Application/User/main.o
                0x0000000020000a70                rxBuffer
 .bss.tx_buff   0x0000000020000a74      0x400 ./Application/User/main.o
                0x0000000020000a74                tx_buff
 .bss.sdata     0x0000000020000e74        0x1 ./Application/User/main.o
                0x0000000020000e74                sdata
 *fill*         0x0000000020000e75        0x3 
 .bss.data      0x0000000020000e78        0x4 ./Application/User/main.o
                0x0000000020000e78                data
 .bss.SN        0x0000000020000e7c        0xa ./Application/User/main.o
                0x0000000020000e7c                SN
 *fill*         0x0000000020000e86        0x2 
 .bss.buf_index
                0x0000000020000e88        0x4 ./Application/User/main.o
                0x0000000020000e88                buf_index
 .bss.buf_size  0x0000000020000e8c        0x4 ./Application/User/main.o
                0x0000000020000e8c                buf_size
 .bss.__sbrk_heap_end
                0x0000000020000e90        0x4 ./Application/User/sysmem.o
 .bss.hhcd      0x0000000020000e94      0x344 ./Application/User/usbh_conf.o
                0x0000000020000e94                hhcd
 .bss.USBH_fatfs
                0x00000000200011d8      0x230 ./Application/User/usbh_conf.o
                0x00000000200011d8                USBH_fatfs
 .bss.uwTick    0x0000000020001408        0x4 ./Drivers/STM32L4xx_HAL_Driver/stm32l4xx_hal.o
                0x0000000020001408                uwTick
 .bss.FatFs     0x000000002000140c        0x8 ./Middlewares/FatFs/Core/ff.o
 .bss.Fsid      0x0000000020001414        0x2 ./Middlewares/FatFs/Core/ff.o
 *fill*         0x0000000020001416        0x2 
 .bss.Files     0x0000000020001418       0x20 ./Middlewares/FatFs/Core/ff.o
 .bss.disk      0x0000000020001438       0x10 ./Middlewares/FatFs/Core/ff_gen_drv.o
                0x0000000020001438                disk
 .bss.scratch   0x0000000020001448      0x200 ./Middlewares/FatFs/Drivers/usbh_diskio_dma.o
 .bss.__malloc_free_list
                0x0000000020001648        0x4 /opt/st/stm32cubeide_1.13.1/plugins/com.st.stm32cube.ide.mcu.externaltools.gnu-tools-for-stm32.11.3.rel1.linux64_1.1.100.202309141235/tools/bin/../lib/gcc/arm-none-eabi/11.3.1/../../../../arm-none-eabi/lib/thumb/v7e-m+fp/hard/libc_nano.a(libc_a-mallocr.o)
                0x0000000020001648                __malloc_free_list
 .bss.__malloc_sbrk_start
                0x000000002000164c        0x4 /opt/st/stm32cubeide_1.13.1/plugins/com.st.stm32cube.ide.mcu.externaltools.gnu-tools-for-stm32.11.3.rel1.linux64_1.1.100.202309141235/tools/bin/../lib/gcc/arm-none-eabi/11.3.1/../../../../arm-none-eabi/lib/thumb/v7e-m+fp/hard/libc_nano.a(libc_a-mallocr.o)
                0x000000002000164c                __malloc_sbrk_start
 .bss.__sf      0x0000000020001650      0x138 /opt/st/stm32cubeide_1.13.1/plugins/com.st.stm32cube.ide.mcu.externaltools.gnu-tools-for-stm32.11.3.rel1.linux64_1.1.100.202309141235/tools/bin/../lib/gcc/arm-none-eabi/11.3.1/../../../../arm-none-eabi/lib/thumb/v7e-m+fp/hard/libc_nano.a(libc_a-findfp.o)
                0x0000000020001650                __sf
 .bss.__stdio_exit_handler
                0x0000000020001788        0x4 /opt/st/stm32cubeide_1.13.1/plugins/com.st.stm32cube.ide.mcu.externaltools.gnu-tools-for-stm32.11.3.rel1.linux64_1.1.100.202309141235/tools/bin/../lib/gcc/arm-none-eabi/11.3.1/../../../../arm-none-eabi/lib/thumb/v7e-m+fp/hard/libc_nano.a(libc_a-findfp.o)
                0x0000000020001788                __stdio_exit_handler
 .bss.errno     0x000000002000178c        0x4 /opt/st/stm32cubeide_1.13.1/plugins/com.st.stm32cube.ide.mcu.externaltools.gnu-tools-for-stm32.11.3.rel1.linux64_1.1.100.202309141235/tools/bin/../lib/gcc/arm-none-eabi/11.3.1/../../../../arm-none-eabi/lib/thumb/v7e-m+fp/hard/libc_nano.a(libc_a-reent.o)
                0x000000002000178c                errno
 .bss.__lock___malloc_recursive_mutex
                0x0000000020001790        0x1 /opt/st/stm32cubeide_1.13.1/plugins/com.st.stm32cube.ide.mcu.externaltools.gnu-tools-for-stm32.11.3.rel1.linux64_1.1.100.202309141235/tools/bin/../lib/gcc/arm-none-eabi/11.3.1/../../../../arm-none-eabi/lib/thumb/v7e-m+fp/hard/libc_nano.a(libc_a-lock.o)
                0x0000000020001790                __lock___malloc_recursive_mutex
 .bss.__lock___sfp_recursive_mutex
                0x0000000020001791        0x1 /opt/st/stm32cubeide_1.13.1/plugins/com.st.stm32cube.ide.mcu.externaltools.gnu-tools-for-stm32.11.3.rel1.linux64_1.1.100.202309141235/tools/bin/../lib/gcc/arm-none-eabi/11.3.1/../../../../arm-none-eabi/lib/thumb/v7e-m+fp/hard/libc_nano.a(libc_a-lock.o)
                0x0000000020001791                __lock___sfp_recursive_mutex
 *(COMMON)
                0x0000000020001794                . = ALIGN (0x4)
 *fill*         0x0000000020001792        0x2 
                0x0000000020001794                _ebss = .
                0x0000000020001794                __bss_end__ = _ebss

._user_heap_stack
                0x0000000020001794     0x8004
                0x0000000020001798                . = ALIGN (0x8)
 *fill*         0x0000000020001794        0x4 
                [!provide]                        PROVIDE (end = .)
                0x0000000020001798                PROVIDE (_end = .)
                0x0000000020005798                . = (. + _Min_Heap_Size)
 *fill*         0x0000000020001798     0x4000 
                0x0000000020009798                . = (. + _Min_Stack_Size)
 *fill*         0x0000000020005798     0x4000 