/home/marcello/STM32CubeIDE/workspace_1.13.1/STM32CubeL4/Middlewares/ST/STM32_USB_Host_Library/Core/Src/usbh_pipes.c:84:20:USBH_OpenPipe	24	static
/home/marcello/STM32CubeIDE/workspace_1.13.1/STM32CubeL4/Middlewares/ST/STM32_USB_Host_Library/Core/Src/usbh_pipes.c:101:20:USBH_ClosePipe	8	static
/home/marcello/STM32CubeIDE/workspace_1.13.1/STM32CubeL4/Middlewares/ST/STM32_USB_Host_Library/Core/Src/usbh_pipes.c:116:9:USBH_AllocPipe	12	static
/home/marcello/STM32CubeIDE/workspace_1.13.1/STM32CubeL4/Middlewares/ST/STM32_USB_Host_Library/Core/Src/usbh_pipes.c:138:20:USBH_FreePipe	0	static
