/home/marcello/STM32CubeIDE/workspace_1.13.1/STM32CubeL4/Middlewares/ST/STM32_USB_Host_Library/Core/Src/usbh_core.c:220:27:DeInitStateMachine.isra	16	static
/home/marcello/STM32CubeIDE/workspace_1.13.1/STM32CubeL4/Middlewares/ST/STM32_USB_Host_Library/Core/Src/usbh_core.c:95:20:USBH_Init	16	static
/home/marcello/STM32CubeIDE/workspace_1.13.1/STM32CubeL4/Middlewares/ST/STM32_USB_Host_Library/Core/Src/usbh_core.c:177:20:USBH_DeInit	8	static
/home/marcello/STM32CubeIDE/workspace_1.13.1/STM32CubeL4/Middlewares/ST/STM32_USB_Host_Library/Core/Src/usbh_core.c:266:20:USBH_RegisterClass	8	static
/home/marcello/STM32CubeIDE/workspace_1.13.1/STM32CubeL4/Middlewares/ST/STM32_USB_Host_Library/Core/Src/usbh_core.c:301:20:USBH_SelectInterface	16	static
/home/marcello/STM32CubeIDE/workspace_1.13.1/STM32CubeL4/Middlewares/ST/STM32_USB_Host_Library/Core/Src/usbh_core.c:330:9:USBH_GetActiveClass	0	static
/home/marcello/STM32CubeIDE/workspace_1.13.1/STM32CubeL4/Middlewares/ST/STM32_USB_Host_Library/Core/Src/usbh_core.c:346:9:USBH_FindInterface	16	static
/home/marcello/STM32CubeIDE/workspace_1.13.1/STM32CubeL4/Middlewares/ST/STM32_USB_Host_Library/Core/Src/usbh_core.c:379:9:USBH_FindInterfaceIndex	0	static
/home/marcello/STM32CubeIDE/workspace_1.13.1/STM32CubeL4/Middlewares/ST/STM32_USB_Host_Library/Core/Src/usbh_core.c:407:20:USBH_Start	8	static
/home/marcello/STM32CubeIDE/workspace_1.13.1/STM32CubeL4/Middlewares/ST/STM32_USB_Host_Library/Core/Src/usbh_core.c:425:20:USBH_Stop	8	static
/home/marcello/STM32CubeIDE/workspace_1.13.1/STM32CubeL4/Middlewares/ST/STM32_USB_Host_Library/Core/Src/usbh_core.c:447:20:USBH_ReEnumerate	16	static
/home/marcello/STM32CubeIDE/workspace_1.13.1/STM32CubeL4/Middlewares/ST/STM32_USB_Host_Library/Core/Src/usbh_core.c:478:20:USBH_Process	40	static
/home/marcello/STM32CubeIDE/workspace_1.13.1/STM32CubeL4/Middlewares/ST/STM32_USB_Host_Library/Core/Src/usbh_core.c:1188:6:USBH_LL_SetTimer	0	static
/home/marcello/STM32CubeIDE/workspace_1.13.1/STM32CubeL4/Middlewares/ST/STM32_USB_Host_Library/Core/Src/usbh_core.c:1200:6:USBH_LL_IncTimer	0	static
/home/marcello/STM32CubeIDE/workspace_1.13.1/STM32CubeL4/Middlewares/ST/STM32_USB_Host_Library/Core/Src/usbh_core.c:1228:6:USBH_LL_PortEnabled	0	static
/home/marcello/STM32CubeIDE/workspace_1.13.1/STM32CubeL4/Middlewares/ST/STM32_USB_Host_Library/Core/Src/usbh_core.c:1251:6:USBH_LL_PortDisabled	0	static
/home/marcello/STM32CubeIDE/workspace_1.13.1/STM32CubeL4/Middlewares/ST/STM32_USB_Host_Library/Core/Src/usbh_core.c:1265:9:USBH_IsPortEnabled	0	static
/home/marcello/STM32CubeIDE/workspace_1.13.1/STM32CubeL4/Middlewares/ST/STM32_USB_Host_Library/Core/Src/usbh_core.c:1277:20:USBH_LL_Connect	0	static
/home/marcello/STM32CubeIDE/workspace_1.13.1/STM32CubeL4/Middlewares/ST/STM32_USB_Host_Library/Core/Src/usbh_core.c:1303:20:USBH_LL_Disconnect	16	static
