/home/marcello/STM32CubeIDE/workspace_1.13.1/STM32CubeL4/Projects/B-L475E-IOT01A/Applications/USB_Host/MSC_Standalone/Src/usbh_conf.c:40:6:HAL_HCD_MspInit	56	static
/home/marcello/STM32CubeIDE/workspace_1.13.1/STM32CubeL4/Projects/B-L475E-IOT01A/Applications/USB_Host/MSC_Standalone/Src/usbh_conf.c:83:6:HAL_HCD_MspDeInit	0	static
/home/marcello/STM32CubeIDE/workspace_1.13.1/STM32CubeL4/Projects/B-L475E-IOT01A/Applications/USB_Host/MSC_Standalone/Src/usbh_conf.c:98:6:HAL_HCD_SOF_Callback	0	static
/home/marcello/STM32CubeIDE/workspace_1.13.1/STM32CubeL4/Projects/B-L475E-IOT01A/Applications/USB_Host/MSC_Standalone/Src/usbh_conf.c:108:6:HAL_HCD_Connect_Callback	8	static,ignoring_inline_asm
/home/marcello/STM32CubeIDE/workspace_1.13.1/STM32CubeL4/Projects/B-L475E-IOT01A/Applications/USB_Host/MSC_Standalone/Src/usbh_conf.c:131:6:HAL_HCD_Disconnect_Callback	0	static
/home/marcello/STM32CubeIDE/workspace_1.13.1/STM32CubeL4/Projects/B-L475E-IOT01A/Applications/USB_Host/MSC_Standalone/Src/usbh_conf.c:141:6:HAL_HCD_PortEnabled_Callback	0	static
/home/marcello/STM32CubeIDE/workspace_1.13.1/STM32CubeL4/Projects/B-L475E-IOT01A/Applications/USB_Host/MSC_Standalone/Src/usbh_conf.c:151:6:HAL_HCD_PortDisabled_Callback	0	static
/home/marcello/STM32CubeIDE/workspace_1.13.1/STM32CubeL4/Projects/B-L475E-IOT01A/Applications/USB_Host/MSC_Standalone/Src/usbh_conf.c:163:6:HAL_HCD_HC_NotifyURBChange_Callback	0	static
/home/marcello/STM32CubeIDE/workspace_1.13.1/STM32CubeL4/Projects/B-L475E-IOT01A/Applications/USB_Host/MSC_Standalone/Src/usbh_conf.c:177:21:USBH_LL_Init	16	static
/home/marcello/STM32CubeIDE/workspace_1.13.1/STM32CubeL4/Projects/B-L475E-IOT01A/Applications/USB_Host/MSC_Standalone/Src/usbh_conf.c:204:21:USBH_LL_DeInit	8	static
/home/marcello/STM32CubeIDE/workspace_1.13.1/STM32CubeL4/Projects/B-L475E-IOT01A/Applications/USB_Host/MSC_Standalone/Src/usbh_conf.c:216:21:USBH_LL_Start	8	static
/home/marcello/STM32CubeIDE/workspace_1.13.1/STM32CubeL4/Projects/B-L475E-IOT01A/Applications/USB_Host/MSC_Standalone/Src/usbh_conf.c:228:21:USBH_LL_Stop	8	static
/home/marcello/STM32CubeIDE/workspace_1.13.1/STM32CubeL4/Projects/B-L475E-IOT01A/Applications/USB_Host/MSC_Standalone/Src/usbh_conf.c:240:19:USBH_LL_GetSpeed	8	static
/home/marcello/STM32CubeIDE/workspace_1.13.1/STM32CubeL4/Projects/B-L475E-IOT01A/Applications/USB_Host/MSC_Standalone/Src/usbh_conf.c:267:20:USBH_LL_ResetPort	8	static
/home/marcello/STM32CubeIDE/workspace_1.13.1/STM32CubeL4/Projects/B-L475E-IOT01A/Applications/USB_Host/MSC_Standalone/Src/usbh_conf.c:280:10:USBH_LL_GetLastXferSize	0	static
/home/marcello/STM32CubeIDE/workspace_1.13.1/STM32CubeL4/Projects/B-L475E-IOT01A/Applications/USB_Host/MSC_Standalone/Src/usbh_conf.c:297:22:USBH_LL_OpenPipe	24	static
/home/marcello/STM32CubeIDE/workspace_1.13.1/STM32CubeL4/Projects/B-L475E-IOT01A/Applications/USB_Host/MSC_Standalone/Src/usbh_conf.c:322:22:USBH_LL_ClosePipe	8	static
/home/marcello/STM32CubeIDE/workspace_1.13.1/STM32CubeL4/Projects/B-L475E-IOT01A/Applications/USB_Host/MSC_Standalone/Src/usbh_conf.c:357:22:USBH_LL_SubmitURB	24	static
/home/marcello/STM32CubeIDE/workspace_1.13.1/STM32CubeL4/Projects/B-L475E-IOT01A/Applications/USB_Host/MSC_Standalone/Src/usbh_conf.c:392:23:USBH_LL_GetURBState	0	static
/home/marcello/STM32CubeIDE/workspace_1.13.1/STM32CubeL4/Projects/B-L475E-IOT01A/Applications/USB_Host/MSC_Standalone/Src/usbh_conf.c:408:21:USBH_LL_DriverVBUS	8	static
/home/marcello/STM32CubeIDE/workspace_1.13.1/STM32CubeL4/Projects/B-L475E-IOT01A/Applications/USB_Host/MSC_Standalone/Src/usbh_conf.c:433:22:USBH_LL_SetToggle	0	static
/home/marcello/STM32CubeIDE/workspace_1.13.1/STM32CubeL4/Projects/B-L475E-IOT01A/Applications/USB_Host/MSC_Standalone/Src/usbh_conf.c:453:10:USBH_LL_GetToggle	0	static
/home/marcello/STM32CubeIDE/workspace_1.13.1/STM32CubeL4/Projects/B-L475E-IOT01A/Applications/USB_Host/MSC_Standalone/Src/usbh_conf.c:474:7:USBH_Delay	0	static
