Archive member included to satisfy reference by file (symbol)

/opt/st/stm32cubeide_1.13.1/plugins/com.st.stm32cube.ide.mcu.externaltools.gnu-tools-for-stm32.11.3.rel1.linux64_1.1.100.202309141235/tools/bin/../lib/gcc/arm-none-eabi/11.3.1/../../../../arm-none-eabi/lib/thumb/v7e-m+fp/hard/libc_nano.a(libc_a-exit.o)
                              /opt/st/stm32cubeide_1.13.1/plugins/com.st.stm32cube.ide.mcu.externaltools.gnu-tools-for-stm32.11.3.rel1.linux64_1.1.100.202309141235/tools/bin/../lib/gcc/arm-none-eabi/11.3.1/../../../../arm-none-eabi/lib/thumb/v7e-m+fp/hard/crt0.o (exit)
/opt/st/stm32cubeide_1.13.1/plugins/com.st.stm32cube.ide.mcu.externaltools.gnu-tools-for-stm32.11.3.rel1.linux64_1.1.100.202309141235/tools/bin/../lib/gcc/arm-none-eabi/11.3.1/../../../../arm-none-eabi/lib/thumb/v7e-m+fp/hard/libc_nano.a(libc_a-malloc.o)
                              ./Middlewares/STM32_USBH_Library/Class/MSC/usbh_msc.o (malloc)
/opt/st/stm32cubeide_1.13.1/plugins/com.st.stm32cube.ide.mcu.externaltools.gnu-tools-for-stm32.11.3.rel1.linux64_1.1.100.202309141235/tools/bin/../lib/gcc/arm-none-eabi/11.3.1/../../../../arm-none-eabi/lib/thumb/v7e-m+fp/hard/libc_nano.a(libc_a-mallocr.o)
                              /opt/st/stm32cubeide_1.13.1/plugins/com.st.stm32cube.ide.mcu.externaltools.gnu-tools-for-stm32.11.3.rel1.linux64_1.1.100.202309141235/tools/bin/../lib/gcc/arm-none-eabi/11.3.1/../../../../arm-none-eabi/lib/thumb/v7e-m+fp/hard/libc_nano.a(libc_a-malloc.o) (_malloc_r)
/opt/st/stm32cubeide_1.13.1/plugins/com.st.stm32cube.ide.mcu.externaltools.gnu-tools-for-stm32.11.3.rel1.linux64_1.1.100.202309141235/tools/bin/../lib/gcc/arm-none-eabi/11.3.1/../../../../arm-none-eabi/lib/thumb/v7e-m+fp/hard/libc_nano.a(libc_a-mlock.o)
                              /opt/st/stm32cubeide_1.13.1/plugins/com.st.stm32cube.ide.mcu.externaltools.gnu-tools-for-stm32.11.3.rel1.linux64_1.1.100.202309141235/tools/bin/../lib/gcc/arm-none-eabi/11.3.1/../../../../arm-none-eabi/lib/thumb/v7e-m+fp/hard/libc_nano.a(libc_a-mallocr.o) (__malloc_lock)
/opt/st/stm32cubeide_1.13.1/plugins/com.st.stm32cube.ide.mcu.externaltools.gnu-tools-for-stm32.11.3.rel1.linux64_1.1.100.202309141235/tools/bin/../lib/gcc/arm-none-eabi/11.3.1/../../../../arm-none-eabi/lib/thumb/v7e-m+fp/hard/libc_nano.a(libc_a-findfp.o)
                              /opt/st/stm32cubeide_1.13.1/plugins/com.st.stm32cube.ide.mcu.externaltools.gnu-tools-for-stm32.11.3.rel1.linux64_1.1.100.202309141235/tools/bin/../lib/gcc/arm-none-eabi/11.3.1/../../../../arm-none-eabi/lib/thumb/v7e-m+fp/hard/libc_nano.a(libc_a-exit.o) (__stdio_exit_handler)
/opt/st/stm32cubeide_1.13.1/plugins/com.st.stm32cube.ide.mcu.externaltools.gnu-tools-for-stm32.11.3.rel1.linux64_1.1.100.202309141235/tools/bin/../lib/gcc/arm-none-eabi/11.3.1/../../../../arm-none-eabi/lib/thumb/v7e-m+fp/hard/libc_nano.a(libc_a-fwalk.o)
                              /opt/st/stm32cubeide_1.13.1/plugins/com.st.stm32cube.ide.mcu.externaltools.gnu-tools-for-stm32.11.3.rel1.linux64_1.1.100.202309141235/tools/bin/../lib/gcc/arm-none-eabi/11.3.1/../../../../arm-none-eabi/lib/thumb/v7e-m+fp/hard/libc_nano.a(libc_a-findfp.o) (_fwalk_sglue)
/opt/st/stm32cubeide_1.13.1/plugins/com.st.stm32cube.ide.mcu.externaltools.gnu-tools-for-stm32.11.3.rel1.linux64_1.1.100.202309141235/tools/bin/../lib/gcc/arm-none-eabi/11.3.1/../../../../arm-none-eabi/lib/thumb/v7e-m+fp/hard/libc_nano.a(libc_a-printf.o)
                              ./Middlewares/FatFs/Drivers/usbh_diskio_dma.o (printf)
/opt/st/stm32cubeide_1.13.1/plugins/com.st.stm32cube.ide.mcu.externaltools.gnu-tools-for-stm32.11.3.rel1.linux64_1.1.100.202309141235/tools/bin/../lib/gcc/arm-none-eabi/11.3.1/../../../../arm-none-eabi/lib/thumb/v7e-m+fp/hard/libc_nano.a(libc_a-putchar.o)
                              ./Application/User/usbh_conf.o (putchar)
/opt/st/stm32cubeide_1.13.1/plugins/com.st.stm32cube.ide.mcu.externaltools.gnu-tools-for-stm32.11.3.rel1.linux64_1.1.100.202309141235/tools/bin/../lib/gcc/arm-none-eabi/11.3.1/../../../../arm-none-eabi/lib/thumb/v7e-m+fp/hard/libc_nano.a(libc_a-puts.o)
                              ./Application/User/usbh_conf.o (puts)
/opt/st/stm32cubeide_1.13.1/plugins/com.st.stm32cube.ide.mcu.externaltools.gnu-tools-for-stm32.11.3.rel1.linux64_1.1.100.202309141235/tools/bin/../lib/gcc/arm-none-eabi/11.3.1/../../../../arm-none-eabi/lib/thumb/v7e-m+fp/hard/libc_nano.a(libc_a-stdio.o)
                              /opt/st/stm32cubeide_1.13.1/plugins/com.st.stm32cube.ide.mcu.externaltools.gnu-tools-for-stm32.11.3.rel1.linux64_1.1.100.202309141235/tools/bin/../lib/gcc/arm-none-eabi/11.3.1/../../../../arm-none-eabi/lib/thumb/v7e-m+fp/hard/libc_nano.a(libc_a-findfp.o) (__sread)
/opt/st/stm32cubeide_1.13.1/plugins/com.st.stm32cube.ide.mcu.externaltools.gnu-tools-for-stm32.11.3.rel1.linux64_1.1.100.202309141235/tools/bin/../lib/gcc/arm-none-eabi/11.3.1/../../../../arm-none-eabi/lib/thumb/v7e-m+fp/hard/libc_nano.a(libc_a-wbuf.o)
[...]
Memory Configuration

Name             Origin             Length             Attributes
RAM              0x0000000020000000 0x0000000000018000 xrw
SRAM2            0x0000000010000000 0x0000000000008000 xrw
ROM              0x0000000008000000 0x0000000000100000 xr
*default*        0x0000000000000000 0xffffffffffffffff

Linker script and memory map

LOAD /opt/st/stm32cubeide_1.13.1/plugins/com.st.stm32cube.ide.mcu.externaltools.gnu-tools-for-stm32.11.3.rel1.linux64_1.1.100.202309141235/tools/bin/../lib/gcc/arm-none-eabi/11.3.1/thumb/v7e-m+fp/hard/crti.o
LOAD /opt/st/stm32cubeide_1.13.1/plugins/com.st.stm32cube.ide.mcu.externaltools.gnu-tools-for-stm32.11.3.rel1.linux64_1.1.100.202309141235/tools/bin/../lib/gcc/arm-none-eabi/11.3.1/thumb/v7e-m+fp/hard/crtbegin.o
LOAD /opt/st/stm32cubeide_1.13.1/plugins/com.st.stm32cube.ide.mcu.externaltools.gnu-tools-for-stm32.11.3.rel1.linux64_1.1.100.202309141235/tools/bin/../lib/gcc/arm-none-eabi/11.3.1/../../../../arm-none-eabi/lib/thumb/v7e-m+fp/hard/crt0.o
LOAD ./Application/Startup/startup_stm32l475vgtx.o
LOAD ./Application/User/main.o
LOAD ./Application/User/stm32l4xx_hal_msp.o
LOAD ./Application/User/stm32l4xx_it.o
LOAD ./Application/User/syscalls.o
LOAD ./Application/User/sysmem.o
LOAD ./Application/User/usbh_conf.o
LOAD ./Drivers/BSP/stm32l475e_iot01.o
LOAD ./Drivers/CMSIS/system_stm32l4xx.o
LOAD ./Drivers/STM32L4xx_HAL_Driver/stm32l4xx_hal.o
LOAD ./Drivers/STM32L4xx_HAL_Driver/stm32l4xx_hal_cortex.o
LOAD ./Drivers/STM32L4xx_HAL_Driver/stm32l4xx_hal_dma.o
LOAD ./Drivers/STM32L4xx_HAL_Driver/stm32l4xx_hal_flash.o
LOAD ./Drivers/STM32L4xx_HAL_Driver/stm32l4xx_hal_flash_ex.o
LOAD ./Drivers/STM32L4xx_HAL_Driver/stm32l4xx_hal_gpio.o
LOAD ./Drivers/STM32L4xx_HAL_Driver/stm32l4xx_hal_hcd.o
LOAD ./Drivers/STM32L4xx_HAL_Driver/stm32l4xx_hal_i2c.o
LOAD ./Drivers/STM32L4xx_HAL_Driver/stm32l4xx_hal_i2c_ex.o
LOAD ./Drivers/STM32L4xx_HAL_Driver/stm32l4xx_hal_pwr.o
LOAD ./Drivers/STM32L4xx_HAL_Driver/stm32l4xx_hal_pwr_ex.o
LOAD ./Drivers/STM32L4xx_HAL_Driver/stm32l4xx_hal_rcc.o
LOAD ./Drivers/STM32L4xx_HAL_Driver/stm32l4xx_hal_rcc_ex.o
LOAD ./Drivers/STM32L4xx_HAL_Driver/stm32l4xx_hal_uart.o
LOAD ./Drivers/STM32L4xx_HAL_Driver/stm32l4xx_hal_uart_ex.o
LOAD ./Drivers/STM32L4xx_HAL_Driver/stm32l4xx_ll_usb.o
LOAD ./Middlewares/FatFs/Core/diskio.o
LOAD ./Middlewares/FatFs/Core/ff.o
LOAD ./Middlewares/FatFs/Core/ff_gen_drv.o
LOAD ./Middlewares/FatFs/Drivers/usbh_diskio_dma.o
LOAD ./Middlewares/FatFs/Option/syscall.o
LOAD ./Middlewares/FatFs/Option/unicode.o
LOAD ./Middlewares/STM32_USBH_Library/Class/MSC/usbh_msc.o
LOAD ./Middlewares/STM32_USBH_Library/Class/MSC/usbh_msc_bot.o
LOAD ./Middlewares/STM32_USBH_Library/Class/MSC/usbh_msc_scsi.o
LOAD ./Middlewares/STM32_USBH_Library/Core/usbh_core.o
LOAD ./Middlewares/STM32_USBH_Library/Core/usbh_ctlreq.o
LOAD ./Middlewares/STM32_USBH_Library/Core/usbh_ioreq.o
LOAD ./Middlewares/STM32_USBH_Library/Core/usbh_pipes.o
START GROUP
LOAD /opt/st/stm32cubeide_1.13.1/plugins/com.st.stm32cube.ide.mcu.externaltools.gnu-tools-for-stm32.11.3.rel1.linux64_1.1.100.202309141235/tools/bin/../lib/gcc/arm-none-eabi/11.3.1/../../../../arm-none-eabi/lib/thumb/v7e-m+fp/hard/libc_nano.a
LOAD /opt/st/stm32cubeide_1.13.1/plugins/com.st.stm32cube.ide.mcu.externaltools.gnu-tools-for-stm32.11.3.rel1.linux64_1.1.100.202309141235/tools/bin/../lib/gcc/arm-none-eabi/11.3.1/../../../../arm-none-eabi/lib/thumb/v7e-m+fp/hard/libm.a
END GROUP
START GROUP
LOAD /opt/st/stm32cubeide_1.13.1/plugins/com.st.stm32cube.ide.mcu.externaltools.gnu-tools-for-stm32.11.3.rel1.linux64_1.1.100.202309141235/tools/bin/../lib/gcc/arm-none-eabi/11.3.1/thumb/v7e-m+fp/hard/libgcc.a
LOAD /opt/st/stm32cubeide_1.13.1/plugins/com.st.stm32cube.ide.mcu.externaltools.gnu-tools-for-stm32.11.3.rel1.linux64_1.1.100.202309141235/tools/bin/../lib/gcc/arm-none-eabi/11.3.1/../../../../arm-none-eabi/lib/thumb/v7e-m+fp/hard/libc_nano.a
END GROUP
START GROUP
LOAD /opt/st/stm32cubeide_1.13.1/plugins/com.st.stm32cube.ide.mcu.externaltools.gnu-tools-for-stm32.11.3.rel1.linux64_1.1.100.202309141235/tools/bin/../lib/gcc/arm-none-eabi/11.3.1/thumb/v7e-m+fp/hard/libgcc.a
LOAD /opt/st/stm32cubeide_1.13.1/plugins/com.st.stm32cube.ide.mcu.externaltools.gnu-tools-for-stm32.11.3.rel1.linux64_1.1.100.202309141235/tools/bin/../lib/gcc/arm-none-eabi/11.3.1/../../../../arm-none-eabi/lib/thumb/v7e-m+fp/hard/libc_nano.a
LOAD /opt/st/stm32cubeide_1.13.1/plugins/com.st.stm32cube.ide.mcu.externaltools.gnu-tools-for-stm32.11.3.rel1.linux64_1.1.100.202309141235/tools/bin/../lib/gcc/arm-none-eabi/11.3.1/../../../../arm-none-eabi/lib/thumb/v7e-m+fp/hard/libnosys.a
END GROUP
START GROUP
LOAD /opt/st/stm32cubeide_1.13.1/plugins/com.st.stm32cube.ide.mcu.externaltools.gnu-tools-for-stm32.11.3.rel1.linux64_1.1.100.202309141235/tools/bin/../lib/gcc/arm-none-eabi/11.3.1/thumb/v7e-m+fp/hard/libgcc.a
LOAD /opt/st/stm32cubeide_1.13.1/plugins/com.st.stm32cube.ide.mcu.externaltools.gnu-tools-for-stm32.11.3.rel1.linux64_1.1.100.202309141235/tools/bin/../lib/gcc/arm-none-eabi/11.3.1/../../../../arm-none-eabi/lib/thumb/v7e-m+fp/hard/libc_nano.a
LOAD /opt/st/stm32cubeide_1.13.1/plugins/com.st.stm32cube.ide.mcu.externaltools.gnu-tools-for-stm32.11.3.rel1.linux64_1.1.100.202309141235/tools/bin/../lib/gcc/arm-none-eabi/11.3.1/../../../../arm-none-eabi/lib/thumb/v7e-m+fp/hard/libnosys.a
END GROUP
LOAD /opt/st/stm32cubeide_1.13.1/plugins/com.st.stm32cube.ide.mcu.externaltools.gnu-tools-for-stm32.11.3.rel1.linux64_1.1.100.202309141235/tools/bin/../lib/gcc/arm-none-eabi/11.3.1/thumb/v7e-m+fp/hard/crtend.o
LOAD /opt/st/stm32cubeide_1.13.1/plugins/com.st.stm32cube.ide.mcu.externaltools.gnu-tools-for-stm32.11.3.rel1.linux64_1.1.100.202309141235/tools/bin/../lib/gcc/arm-none-eabi/11.3.1/thumb/v7e-m+fp/hard/crtn.o
                0x0000000020018000                _estack = (ORIGIN (RAM) + LENGTH (RAM))
                0x0000000000004000                _Min_Heap_Size = 0x4000
                0x0000000000004000                _Min_Stack_Size = 0x4000

.isr_vector     0x0000000008000000      0x188
                0x0000000008000000                . = ALIGN (0x4)
 *(.isr_vector)
 .isr_vector    0x0000000008000000      0x188 ./Application/Startup/startup_stm32l475vgtx.o
                0x0000000008000000                g_pfnVectors
                0x0000000008000188                . = ALIGN (0x4)

.text           0x0000000008000190     0x6208
                0x0000000008000190                . = ALIGN (0x4)
 *(.text)
 .text          0x0000000008000190       0x40 /opt/st/stm32cubeide_1.13.1/plugins/com.st.stm32cube.ide.mcu.externaltools.gnu-tools-for-stm32.11.3.rel1.linux64_1.1.100.202309141235/tools/bin/../lib/gcc/arm-none-eabi/11.3.1/thumb/v7e-m+fp/hard/crtbegin.o
 .text          0x00000000080001d0       0xa0 /opt/st/stm32cubeide_1.13.1/plugins/com.st.stm32cube.ide.mcu.externaltools.gnu-tools-for-stm32.11.3.rel1.linux64_1.1.100.202309141235/tools/bin/../lib/gcc/arm-none-eabi/11.3.1/../../../../arm-none-eabi/lib/thumb/v7e-m+fp/hard/libc_nano.a(libc_a-memchr.o)
                0x00000000080001d0                memchr
 .text          0x0000000008000270       0x30 /opt/st/stm32cubeide_1.13.1/plugins/com.st.stm32cube.ide.mcu.externaltools.gnu-tools-for-stm32.11.3.rel1.linux64_1.1.100.202309141235/tools/bin/../lib/gcc/arm-none-eabi/11.3.1/thumb/v7e-m+fp/hard/libgcc.a(_aeabi_uldivmod.o)
                0x0000000008000270                __aeabi_uldivmod
 .text          0x00000000080002a0      0x2c8 /opt/st/stm32cubeide_1.13.1/plugins/com.st.stm32cube.ide.mcu.externaltools.gnu-tools-for-stm32.11.3.rel1.linux64_1.1.100.202309141235/tools/bin/../lib/gcc/arm-none-eabi/11.3.1/thumb/v7e-m+fp/hard/libgcc.a(_udivmoddi4.o)
                0x00000000080002a0                __udivmoddi4
 .text          0x0000000008000568        0x4 /opt/st/stm32cubeide_1.13.1/plugins/com.st.stm32cube.ide.mcu.externaltools.gnu-tools-for-stm32.11.3.rel1.linux64_1.1.100.202309141235/tools/bin/../lib/gcc/arm-none-eabi/11.3.1/thumb/v7e-m+fp/hard/libgcc.a(_dvmd_tls.o)
                0x0000000008000568                __aeabi_ldiv0
                0x0000000008000568                __aeabi_idiv0
 *(.text*)
 .text.Reset_Handler
                0x000000000800056c       0x50 ./Application/Startup/startup_stm32l475vgtx.o
                0x000000000800056c                Reset_Handler
 .text.Default_Handler
                0x00000000080005bc        0x2 ./Application/Startup/startup_stm32l475vgtx.o
                0x00000000080005bc                RTC_Alarm_IRQHandler
                0x00000000080005bc                EXTI2_IRQHandler
                0x00000000080005bc                TIM8_TRG_COM_IRQHandler
                0x00000000080005bc                TIM8_CC_IRQHandler
                0x00000000080005bc                TIM1_CC_IRQHandler
                0x00000000080005bc                TSC_IRQHandler
                0x00000000080005bc                TAMP_STAMP_IRQHandler
                0x00000000080005bc                EXTI3_IRQHandler
                0x00000000080005bc                LPTIM2_IRQHandler
                0x00000000080005bc                DFSDM1_FLT1_IRQHandler
                0x00000000080005bc                I2C3_ER_IRQHandler
                0x00000000080005bc                DFSDM1_FLT2_IRQHandler
                0x00000000080005bc                EXTI0_IRQHandler
                0x00000000080005bc                I2C2_EV_IRQHandler
                0x00000000080005bc                CAN1_RX0_IRQHandler
                0x00000000080005bc                FPU_IRQHandler
                0x00000000080005bc                TIM1_UP_TIM16_IRQHandler
                0x00000000080005bc                ADC1_2_IRQHandler
                0x00000000080005bc                SPI1_IRQHandler
                0x00000000080005bc                TIM6_DAC_IRQHandler
                0x00000000080005bc                TIM8_UP_IRQHandler
                0x00000000080005bc                DMA2_Channel2_IRQHandler
                0x00000000080005bc                DMA1_Channel4_IRQHandler
                0x00000000080005bc                SAI2_IRQHandler
                0x00000000080005bc                DFSDM1_FLT3_IRQHandler
                0x00000000080005bc                USART3_IRQHandler
                0x00000000080005bc                DMA1_Channel7_IRQHandler
                0x00000000080005bc                CAN1_RX1_IRQHandler
                0x00000000080005bc                UART5_IRQHandler
                0x00000000080005bc                ADC3_IRQHandler
                0x00000000080005bc                TIM4_IRQHandler
                0x00000000080005bc                DMA2_Channel1_IRQHandler
                0x00000000080005bc                QUADSPI_IRQHandler
                0x00000000080005bc                I2C1_EV_IRQHandler
                0x00000000080005bc                DMA1_Channel6_IRQHandler
                0x00000000080005bc                UART4_IRQHandler
                0x00000000080005bc                DMA2_Channel4_IRQHandler
                0x00000000080005bc                TIM3_IRQHandler
                0x00000000080005bc                RCC_IRQHandler
                0x00000000080005bc                DMA1_Channel1_IRQHandler
                0x00000000080005bc                Default_Handler
                0x00000000080005bc                DMA2_Channel7_IRQHandler
                0x00000000080005bc                EXTI15_10_IRQHandler
                0x00000000080005bc                TIM7_IRQHandler
                0x00000000080005bc                SDMMC1_IRQHandler
                0x00000000080005bc                TIM5_IRQHandler
                0x00000000080005bc                I2C3_EV_IRQHandler
                0x00000000080005bc                EXTI9_5_IRQHandler
                0x00000000080005bc                RTC_WKUP_IRQHandler
                0x00000000080005bc                PVD_PVM_IRQHandler
                0x00000000080005bc                SPI2_IRQHandler
                0x00000000080005bc                CAN1_TX_IRQHandler
                0x00000000080005bc                DMA2_Channel5_IRQHandler
                0x00000000080005bc                DMA1_Channel5_IRQHandler
                0x00000000080005bc                EXTI4_IRQHandler
                0x00000000080005bc                RNG_IRQHandler
                0x00000000080005bc                TIM1_TRG_COM_TIM17_IRQHandler
                0x00000000080005bc                DMA1_Channel3_IRQHandler
                0x00000000080005bc                COMP_IRQHandler
                0x00000000080005bc                WWDG_IRQHandler
                0x00000000080005bc                LPUART1_IRQHandler
                0x00000000080005bc                DMA2_Channel6_IRQHandler
                0x00000000080005bc                TIM2_IRQHandler
                0x00000000080005bc                EXTI1_IRQHandler
                0x00000000080005bc                USART2_IRQHandler
                0x00000000080005bc                DFSDM1_FLT0_IRQHandler
                0x00000000080005bc                I2C2_ER_IRQHandler
                0x00000000080005bc                DMA1_Channel2_IRQHandler
                0x00000000080005bc                TIM8_BRK_IRQHandler
                0x00000000080005bc                CAN1_SCE_IRQHandler
                0x00000000080005bc                FLASH_IRQHandler
                0x00000000080005bc                USART1_IRQHandler
                0x00000000080005bc                SPI3_IRQHandler
                0x00000000080005bc                I2C1_ER_IRQHandler
                0x00000000080005bc                FMC_IRQHandler
                0x00000000080005bc                SWPMI1_IRQHandler
                0x00000000080005bc                LPTIM1_IRQHandler
                0x00000000080005bc                SAI1_IRQHandler
                0x00000000080005bc                DMA2_Channel3_IRQHandler
                0x00000000080005bc                TIM1_BRK_TIM15_IRQHandler
 *fill*         0x00000000080005be        0x2 
 .text.USBH_UserProcess
                0x00000000080005c0       0x54 ./Application/User/main.o
 .text.startup.main
                0x0000000008000614      0x10c ./Application/User/main.o
                0x0000000008000614                main
 .text.__io_putchar
                0x0000000008000720       0x20 ./Application/User/main.o
                0x0000000008000720                __io_putchar
 .text.HAL_UART_MspInit
                0x0000000008000740       0x74 ./Application/User/stm32l4xx_hal_msp.o
                0x0000000008000740                HAL_UART_MspInit
 .text.NMI_Handler
                0x00000000080007b4        0x2 ./Application/User/stm32l4xx_it.o
                0x00000000080007b4                NMI_Handler
 .text.HardFault_Handler
                0x00000000080007b6        0x2 ./Application/User/stm32l4xx_it.o
                0x00000000080007b6                HardFault_Handler
 .text.MemManage_Handler
                0x00000000080007b8        0x2 ./Application/User/stm32l4xx_it.o
                0x00000000080007b8                MemManage_Handler
 .text.BusFault_Handler
                0x00000000080007ba        0x2 ./Application/User/stm32l4xx_it.o
                0x00000000080007ba                BusFault_Handler
 .text.UsageFault_Handler
                0x00000000080007bc        0x2 ./Application/User/stm32l4xx_it.o
                0x00000000080007bc                UsageFault_Handler
 .text.SVC_Handler
                0x00000000080007be        0x2 ./Application/User/stm32l4xx_it.o
                0x00000000080007be                SVC_Handler
 .text.DebugMon_Handler
                0x00000000080007c0        0x2 ./Application/User/stm32l4xx_it.o
                0x00000000080007c0                DebugMon_Handler
 .text.PendSV_Handler
                0x00000000080007c2        0x2 ./Application/User/stm32l4xx_it.o
                0x00000000080007c2                PendSV_Handler
 .text.SysTick_Handler
                0x00000000080007c4        0x4 ./Application/User/stm32l4xx_it.o
                0x00000000080007c4                SysTick_Handler
 .text.OTG_FS_IRQHandler
                0x00000000080007c8        0xc ./Application/User/stm32l4xx_it.o
                0x00000000080007c8                OTG_FS_IRQHandler
 .text._read    0x00000000080007d4       0x1c ./Application/User/syscalls.o
                0x00000000080007d4                _read
 .text._write   0x00000000080007f0       0x1c ./Application/User/syscalls.o
                0x00000000080007f0                _write
 .text._close   0x000000000800080c        0x6 ./Application/User/syscalls.o
                0x000000000800080c                _close
 .text._fstat   0x0000000008000812        0xa ./Application/User/syscalls.o
                0x0000000008000812                _fstat
 .text._isatty  0x000000000800081c        0x4 ./Application/User/syscalls.o
                0x000000000800081c                _isatty
 .text._lseek   0x0000000008000820        0x4 ./Application/User/syscalls.o
                0x0000000008000820                _lseek
 .text._sbrk    0x0000000008000824       0x40 ./Application/User/sysmem.o
                0x0000000008000824                _sbrk
 .text.HAL_HCD_MspInit
                0x0000000008000864       0xa4 ./Application/User/usbh_conf.o
                0x0000000008000864                HAL_HCD_MspInit
 .text.HAL_HCD_SOF_Callback
                0x0000000008000908        0x8 ./Application/User/usbh_conf.o
                0x0000000008000908                HAL_HCD_SOF_Callback
 .text.HAL_HCD_Connect_Callback
                0x0000000008000910       0x3c ./Application/User/usbh_conf.o
                0x0000000008000910                HAL_HCD_Connect_Callback
 .text.HAL_HCD_Disconnect_Callback
                0x000000000800094c        0x8 ./Application/User/usbh_conf.o
                0x000000000800094c                HAL_HCD_Disconnect_Callback
 .text.HAL_HCD_PortEnabled_Callback
                0x0000000008000954        0x8 ./Application/User/usbh_conf.o
                0x0000000008000954                HAL_HCD_PortEnabled_Callback
 .text.HAL_HCD_PortDisabled_Callback
                0x000000000800095c        0x8 ./Application/User/usbh_conf.o
                0x000000000800095c                HAL_HCD_PortDisabled_Callback
 .text.HAL_HCD_HC_NotifyURBChange_Callback
                0x0000000008000964        0x2 ./Application/User/usbh_conf.o
                0x0000000008000964                HAL_HCD_HC_NotifyURBChange_Callback
 *fill*         0x0000000008000966        0x2 
 .text.USBH_LL_Init
                0x0000000008000968       0x44 ./Application/User/usbh_conf.o
                0x0000000008000968                USBH_LL_Init
 .text.USBH_LL_Start
                0x00000000080009ac        0xe ./Application/User/usbh_conf.o
                0x00000000080009ac                USBH_LL_Start
 .text.USBH_LL_Stop
                0x00000000080009ba        0xe ./Application/User/usbh_conf.o
                0x00000000080009ba                USBH_LL_Stop
 .text.USBH_LL_GetSpeed
                0x00000000080009c8       0x14 ./Application/User/usbh_conf.o
                0x00000000080009c8                USBH_LL_GetSpeed
 .text.USBH_LL_ResetPort
                0x00000000080009dc        0xe ./Application/User/usbh_conf.o
                0x00000000080009dc                USBH_LL_ResetPort
 .text.USBH_LL_GetLastXferSize
                0x00000000080009ea        0x8 ./Application/User/usbh_conf.o
                0x00000000080009ea                USBH_LL_GetLastXferSize
 .text.USBH_LL_OpenPipe
                0x00000000080009f2       0x22 ./Application/User/usbh_conf.o
                0x00000000080009f2                USBH_LL_OpenPipe
 .text.USBH_LL_ClosePipe
                0x0000000008000a14        0xe ./Application/User/usbh_conf.o
                0x0000000008000a14                USBH_LL_ClosePipe
 .text.USBH_LL_SubmitURB
                0x0000000008000a22       0x26 ./Application/User/usbh_conf.o
                0x0000000008000a22                USBH_LL_SubmitURB
 .text.USBH_LL_GetURBState
                0x0000000008000a48        0x8 ./Application/User/usbh_conf.o
                0x0000000008000a48                USBH_LL_GetURBState
 .text.USBH_LL_DriverVBUS
                0x0000000008000a50       0x24 ./Application/User/usbh_conf.o
                0x0000000008000a50                USBH_LL_DriverVBUS
 .text.USBH_LL_SetToggle
                0x0000000008000a74       0x20 ./Application/User/usbh_conf.o
                0x0000000008000a74                USBH_LL_SetToggle
 .text.USBH_LL_GetToggle
                0x0000000008000a94       0x20 ./Application/User/usbh_conf.o
                0x0000000008000a94                USBH_LL_GetToggle
 .text.USBH_Delay
                0x0000000008000ab4        0x4 ./Application/User/usbh_conf.o
                0x0000000008000ab4                USBH_Delay
 .text.SystemInit
                0x0000000008000ab8       0x48 ./Drivers/CMSIS/system_stm32l4xx.o
                0x0000000008000ab8                SystemInit
 .text.HAL_MspInit
                0x0000000008000b00        0x2 ./Drivers/STM32L4xx_HAL_Driver/stm32l4xx_hal.o
                0x0000000008000b00                HAL_MspInit
 *fill*         0x0000000008000b02        0x2 
 .text.HAL_InitTick
                0x0000000008000b04       0x4c ./Drivers/STM32L4xx_HAL_Driver/stm32l4xx_hal.o
                0x0000000008000b04                HAL_InitTick
 .text.HAL_Init
                0x0000000008000b50       0x1e ./Drivers/STM32L4xx_HAL_Driver/stm32l4xx_hal.o
                0x0000000008000b50                HAL_Init
 *fill*         0x0000000008000b6e        0x2 
 .text.HAL_IncTick
                0x0000000008000b70       0x18 ./Drivers/STM32L4xx_HAL_Driver/stm32l4xx_hal.o
                0x0000000008000b70                HAL_IncTick
 .text.HAL_GetTick
                0x0000000008000b88        0xc ./Drivers/STM32L4xx_HAL_Driver/stm32l4xx_hal.o
                0x0000000008000b88                HAL_GetTick
 .text.HAL_Delay
                0x0000000008000b94       0x28 ./Drivers/STM32L4xx_HAL_Driver/stm32l4xx_hal.o
                0x0000000008000b94                HAL_Delay
 .text.HAL_NVIC_SetPriorityGrouping
                0x0000000008000bbc       0x24 ./Drivers/STM32L4xx_HAL_Driver/stm32l4xx_hal_cortex.o
                0x0000000008000bbc                HAL_NVIC_SetPriorityGrouping
 .text.HAL_NVIC_SetPriority
                0x0000000008000be0       0x64 ./Drivers/STM32L4xx_HAL_Driver/stm32l4xx_hal_cortex.o
                0x0000000008000be0                HAL_NVIC_SetPriority
 .text.HAL_NVIC_EnableIRQ
                0x0000000008000c44       0x1c ./Drivers/STM32L4xx_HAL_Driver/stm32l4xx_hal_cortex.o
                0x0000000008000c44                HAL_NVIC_EnableIRQ
 .text.HAL_SYSTICK_Config
                0x0000000008000c60       0x28 ./Drivers/STM32L4xx_HAL_Driver/stm32l4xx_hal_cortex.o
                0x0000000008000c60                HAL_SYSTICK_Config
 .text.HAL_GPIO_Init
                0x0000000008000c88      0x1bc ./Drivers/STM32L4xx_HAL_Driver/stm32l4xx_hal_gpio.o
                0x0000000008000c88                HAL_GPIO_Init
 .text.HAL_GPIO_WritePin
                0x0000000008000e44        0xa ./Drivers/STM32L4xx_HAL_Driver/stm32l4xx_hal_gpio.o
                0x0000000008000e44                HAL_GPIO_WritePin
 .text.HAL_HCD_HC_Init
                0x0000000008000e4e       0x6c ./Drivers/STM32L4xx_HAL_Driver/stm32l4xx_hal_hcd.o
                0x0000000008000e4e                HAL_HCD_HC_Init
 .text.HAL_HCD_HC_Halt
                0x0000000008000eba       0x24 ./Drivers/STM32L4xx_HAL_Driver/stm32l4xx_hal_hcd.o
                0x0000000008000eba                HAL_HCD_HC_Halt
 .text.HAL_HCD_Init
                0x0000000008000ede       0xa0 ./Drivers/STM32L4xx_HAL_Driver/stm32l4xx_hal_hcd.o
                0x0000000008000ede                HAL_HCD_Init
 *fill*         0x0000000008000f7e        0x2 
 .text.HAL_HCD_HC_SubmitRequest
                0x0000000008000f80       0xc4 ./Drivers/STM32L4xx_HAL_Driver/stm32l4xx_hal_hcd.o
                0x0000000008000f80                HAL_HCD_HC_SubmitRequest
 .text.HAL_HCD_IRQHandler
                0x0000000008001044      0x6dc ./Drivers/STM32L4xx_HAL_Driver/stm32l4xx_hal_hcd.o
                0x0000000008001044                HAL_HCD_IRQHandler
 .text.HAL_HCD_Start
                0x0000000008001720       0x2a ./Drivers/STM32L4xx_HAL_Driver/stm32l4xx_hal_hcd.o
                0x0000000008001720                HAL_HCD_Start
 .text.HAL_HCD_Stop
                0x000000000800174a       0x24 ./Drivers/STM32L4xx_HAL_Driver/stm32l4xx_hal_hcd.o
                0x000000000800174a                HAL_HCD_Stop
 .text.HAL_HCD_ResetPort
                0x000000000800176e        0x6 ./Drivers/STM32L4xx_HAL_Driver/stm32l4xx_hal_hcd.o
                0x000000000800176e                HAL_HCD_ResetPort
 .text.HAL_HCD_HC_GetURBState
                0x0000000008001774        0xc ./Drivers/STM32L4xx_HAL_Driver/stm32l4xx_hal_hcd.o
                0x0000000008001774                HAL_HCD_HC_GetURBState
 .text.HAL_HCD_HC_GetXferCount
                0x0000000008001780        0xa ./Drivers/STM32L4xx_HAL_Driver/stm32l4xx_hal_hcd.o
                0x0000000008001780                HAL_HCD_HC_GetXferCount
 .text.HAL_HCD_GetCurrentFrame
                0x000000000800178a        0x6 ./Drivers/STM32L4xx_HAL_Driver/stm32l4xx_hal_hcd.o
                0x000000000800178a                HAL_HCD_GetCurrentFrame
 .text.HAL_HCD_GetCurrentSpeed
                0x0000000008001790        0x6 ./Drivers/STM32L4xx_HAL_Driver/stm32l4xx_hal_hcd.o
                0x0000000008001790                HAL_HCD_GetCurrentSpeed
 *fill*         0x0000000008001796        0x2 
 .text.HAL_PWREx_GetVoltageRange
                0x0000000008001798       0x10 ./Drivers/STM32L4xx_HAL_Driver/stm32l4xx_hal_pwr_ex.o
                0x0000000008001798                HAL_PWREx_GetVoltageRange
 .text.HAL_PWREx_EnableVddUSB
                0x00000000080017a8       0x10 ./Drivers/STM32L4xx_HAL_Driver/stm32l4xx_hal_pwr_ex.o
                0x00000000080017a8                HAL_PWREx_EnableVddUSB
 .text.RCC_SetFlashLatencyFromMSIRange
                0x00000000080017b8       0x84 ./Drivers/STM32L4xx_HAL_Driver/stm32l4xx_hal_rcc.o
 .text.HAL_RCC_GetSysClockFreq
                0x000000000800183c       0x9c ./Drivers/STM32L4xx_HAL_Driver/stm32l4xx_hal_rcc.o
                0x000000000800183c                HAL_RCC_GetSysClockFreq
 .text.HAL_RCC_OscConfig
                0x00000000080018d8      0x500 ./Drivers/STM32L4xx_HAL_Driver/stm32l4xx_hal_rcc.o
                0x00000000080018d8                HAL_RCC_OscConfig
 .text.HAL_RCC_ClockConfig
                0x0000000008001dd8      0x154 ./Drivers/STM32L4xx_HAL_Driver/stm32l4xx_hal_rcc.o
                0x0000000008001dd8                HAL_RCC_ClockConfig
 .text.HAL_RCC_GetPCLK1Freq
                0x0000000008001f2c       0x24 ./Drivers/STM32L4xx_HAL_Driver/stm32l4xx_hal_rcc.o
                0x0000000008001f2c                HAL_RCC_GetPCLK1Freq
 .text.HAL_RCC_GetPCLK2Freq
                0x0000000008001f50       0x24 ./Drivers/STM32L4xx_HAL_Driver/stm32l4xx_hal_rcc.o
                0x0000000008001f50                HAL_RCC_GetPCLK2Freq
 .text.RCCEx_PLLSAI1_Config
                0x0000000008001f74      0x110 ./Drivers/STM32L4xx_HAL_Driver/stm32l4xx_hal_rcc_ex.o
 .text.RCCEx_PLLSAI2_Config
                0x0000000008002084       0xf4 ./Drivers/STM32L4xx_HAL_Driver/stm32l4xx_hal_rcc_ex.o
 .text.HAL_RCCEx_PeriphCLKConfig
                0x0000000008002178      0x3d4 ./Drivers/STM32L4xx_HAL_Driver/stm32l4xx_hal_rcc_ex.o
                0x0000000008002178                HAL_RCCEx_PeriphCLKConfig
 .text.HAL_RCCEx_EnableMSIPLLMode
                0x000000000800254c       0x10 ./Drivers/STM32L4xx_HAL_Driver/stm32l4xx_hal_rcc_ex.o
                0x000000000800254c                HAL_RCCEx_EnableMSIPLLMode
 .text.UART_EndRxTransfer
                0x000000000800255c       0x50 ./Drivers/STM32L4xx_HAL_Driver/stm32l4xx_hal_uart.o
 .text.UART_SetConfig
                0x00000000080025ac      0x284 ./Drivers/STM32L4xx_HAL_Driver/stm32l4xx_hal_uart.o
                0x00000000080025ac                UART_SetConfig
 .text.UART_AdvFeatureConfig
                0x0000000008002830       0xa8 ./Drivers/STM32L4xx_HAL_Driver/stm32l4xx_hal_uart.o
                0x0000000008002830                UART_AdvFeatureConfig
 .text.UART_WaitOnFlagUntilTimeout
                0x00000000080028d8       0x90 ./Drivers/STM32L4xx_HAL_Driver/stm32l4xx_hal_uart.o
                0x00000000080028d8                UART_WaitOnFlagUntilTimeout
 .text.HAL_UART_Transmit
                0x0000000008002968       0xa4 ./Drivers/STM32L4xx_HAL_Driver/stm32l4xx_hal_uart.o
                0x0000000008002968                HAL_UART_Transmit
 .text.UART_CheckIdleState
                0x0000000008002a0c       0xb4 ./Drivers/STM32L4xx_HAL_Driver/stm32l4xx_hal_uart.o
                0x0000000008002a0c                UART_CheckIdleState
 .text.HAL_UART_Init
                0x0000000008002ac0       0x5c ./Drivers/STM32L4xx_HAL_Driver/stm32l4xx_hal_uart.o
                0x0000000008002ac0                HAL_UART_Init
 .text.USB_CoreInit
                0x0000000008002b1c       0x74 ./Drivers/STM32L4xx_HAL_Driver/stm32l4xx_ll_usb.o
                0x0000000008002b1c                USB_CoreInit
 .text.USB_EnableGlobalInt
                0x0000000008002b90        0xc ./Drivers/STM32L4xx_HAL_Driver/stm32l4xx_ll_usb.o
                0x0000000008002b90                USB_EnableGlobalInt
 .text.USB_DisableGlobalInt
                0x0000000008002b9c        0xc ./Drivers/STM32L4xx_HAL_Driver/stm32l4xx_ll_usb.o
                0x0000000008002b9c                USB_DisableGlobalInt
 .text.USB_SetCurrentMode
                0x0000000008002ba8       0x60 ./Drivers/STM32L4xx_HAL_Driver/stm32l4xx_ll_usb.o
                0x0000000008002ba8                USB_SetCurrentMode
 .text.USB_FlushTxFifo
                0x0000000008002c08       0x4c ./Drivers/STM32L4xx_HAL_Driver/stm32l4xx_ll_usb.o
                0x0000000008002c08                USB_FlushTxFifo
 .text.USB_FlushRxFifo
                0x0000000008002c54       0x48 ./Drivers/STM32L4xx_HAL_Driver/stm32l4xx_ll_usb.o
                0x0000000008002c54                USB_FlushRxFifo
 .text.USB_WritePacket
                0x0000000008002c9c       0x1e ./Drivers/STM32L4xx_HAL_Driver/stm32l4xx_ll_usb.o
                0x0000000008002c9c                USB_WritePacket
 .text.USB_ReadPacket
                0x0000000008002cba       0x40 ./Drivers/STM32L4xx_HAL_Driver/stm32l4xx_ll_usb.o
                0x0000000008002cba                USB_ReadPacket
 .text.USB_ReadInterrupts
                0x0000000008002cfa        0x8 ./Drivers/STM32L4xx_HAL_Driver/stm32l4xx_ll_usb.o
                0x0000000008002cfa                USB_ReadInterrupts
 .text.USB_ReadChInterrupts
                0x0000000008002d02       0x10 ./Drivers/STM32L4xx_HAL_Driver/stm32l4xx_ll_usb.o
                0x0000000008002d02                USB_ReadChInterrupts
 .text.USB_GetMode
                0x0000000008002d12        0x8 ./Drivers/STM32L4xx_HAL_Driver/stm32l4xx_ll_usb.o
                0x0000000008002d12                USB_GetMode
 *fill*         0x0000000008002d1a        0x2 
 .text.USB_HostInit
                0x0000000008002d1c       0x94 ./Drivers/STM32L4xx_HAL_Driver/stm32l4xx_ll_usb.o
                0x0000000008002d1c                USB_HostInit
 .text.USB_InitFSLSPClkSel
                0x0000000008002db0       0x3c ./Drivers/STM32L4xx_HAL_Driver/stm32l4xx_ll_usb.o
                0x0000000008002db0                USB_InitFSLSPClkSel
 .text.USB_ResetPort
                0x0000000008002dec       0x3c ./Drivers/STM32L4xx_HAL_Driver/stm32l4xx_ll_usb.o
                0x0000000008002dec                USB_ResetPort
 .text.USB_DriveVbus
                0x0000000008002e28       0x40 ./Drivers/STM32L4xx_HAL_Driver/stm32l4xx_ll_usb.o
                0x0000000008002e28                USB_DriveVbus
 .text.USB_GetHostSpeed
                0x0000000008002e68       0x16 ./Drivers/STM32L4xx_HAL_Driver/stm32l4xx_ll_usb.o
                0x0000000008002e68                USB_GetHostSpeed
 .text.USB_GetCurrentFrame
                0x0000000008002e7e        0xa ./Drivers/STM32L4xx_HAL_Driver/stm32l4xx_ll_usb.o
                0x0000000008002e7e                USB_GetCurrentFrame
 .text.USB_HC_Init
                0x0000000008002e88       0xea ./Drivers/STM32L4xx_HAL_Driver/stm32l4xx_ll_usb.o
                0x0000000008002e88                USB_HC_Init
 .text.USB_HC_StartXfer
                0x0000000008002f72       0xf8 ./Drivers/STM32L4xx_HAL_Driver/stm32l4xx_ll_usb.o
                0x0000000008002f72                USB_HC_StartXfer
 .text.USB_HC_ReadInterrupt
                0x000000000800306a        0xa ./Drivers/STM32L4xx_HAL_Driver/stm32l4xx_ll_usb.o
                0x000000000800306a                USB_HC_ReadInterrupt
 .text.USB_HC_Halt
                0x0000000008003074       0xd2 ./Drivers/STM32L4xx_HAL_Driver/stm32l4xx_ll_usb.o
                0x0000000008003074                USB_HC_Halt
 .text.USB_StopHost
                0x0000000008003146       0x80 ./Drivers/STM32L4xx_HAL_Driver/stm32l4xx_ll_usb.o
                0x0000000008003146                USB_StopHost
 *fill*         0x00000000080031c6        0x2 
 .text.disk_status
                0x00000000080031c8       0x14 ./Middlewares/FatFs/Core/diskio.o
                0x00000000080031c8                disk_status
 .text.disk_initialize
                0x00000000080031dc       0x20 ./Middlewares/FatFs/Core/diskio.o
                0x00000000080031dc                disk_initialize
 .text.disk_read
                0x00000000080031fc       0x1c ./Middlewares/FatFs/Core/diskio.o
                0x00000000080031fc                disk_read
 .text.disk_write
                0x0000000008003218       0x1c ./Middlewares/FatFs/Core/diskio.o
                0x0000000008003218                disk_write
 .text.ld_dword
                0x0000000008003234        0x4 ./Middlewares/FatFs/Core/ff.o
 .text.clear_lock
                0x0000000008003238       0x1c ./Middlewares/FatFs/Core/ff.o
 .text.get_ldnumber
                0x0000000008003254       0x38 ./Middlewares/FatFs/Core/ff.o
 .text.sync_window.part.0
                0x000000000800328c       0x4c ./Middlewares/FatFs/Core/ff.o
 .text.sync_window
                0x00000000080032d8        0xc ./Middlewares/FatFs/Core/ff.o
 .text.move_window
                0x00000000080032e4       0x32 ./Middlewares/FatFs/Core/ff.o
 *fill*         0x0000000008003316        0x2 
 .text.check_fs
                0x0000000008003318       0x78 ./Middlewares/FatFs/Core/ff.o
 .text.find_volume
                0x0000000008003390      0x248 ./Middlewares/FatFs/Core/ff.o
 .text.f_mount  0x00000000080035d8       0x54 ./Middlewares/FatFs/Core/ff.o
                0x00000000080035d8                f_mount
 .text.FATFS_LinkDriverEx
                0x000000000800362c       0x44 ./Middlewares/FatFs/Core/ff_gen_drv.o
                0x000000000800362c                FATFS_LinkDriverEx
 .text.FATFS_LinkDriver
                0x0000000008003670        0x6 ./Middlewares/FatFs/Core/ff_gen_drv.o
                0x0000000008003670                FATFS_LinkDriver
 *fill*         0x0000000008003676        0x2 
 .text.FATFS_UnLinkDriverEx
                0x0000000008003678       0x30 ./Middlewares/FatFs/Core/ff_gen_drv.o
                0x0000000008003678                FATFS_UnLinkDriverEx
 .text.FATFS_UnLinkDriver
                0x00000000080036a8        0x6 ./Middlewares/FatFs/Core/ff_gen_drv.o
                0x00000000080036a8                FATFS_UnLinkDriver
 .text.USBH_initialize
                0x00000000080036ae        0x4 ./Middlewares/FatFs/Drivers/usbh_diskio_dma.o
                0x00000000080036ae                USBH_initialize
 *fill*         0x00000000080036b2        0x2 
 .text.USBH_status
                0x00000000080036b4       0x18 ./Middlewares/FatFs/Drivers/usbh_diskio_dma.o
                0x00000000080036b4                USBH_status
 .text.USBH_ioctl
                0x00000000080036cc       0x4c ./Middlewares/FatFs/Drivers/usbh_diskio_dma.o
                0x00000000080036cc                USBH_ioctl
 .text.USBH_read
                0x0000000008003718       0xb0 ./Middlewares/FatFs/Drivers/usbh_diskio_dma.o
                0x0000000008003718                USBH_read
 .text.USBH_write
                0x00000000080037c8       0xcc ./Middlewares/FatFs/Drivers/usbh_diskio_dma.o
                0x00000000080037c8                USBH_write
 .text.USBH_MSC_SOFProcess
                0x0000000008003894        0x4 ./Middlewares/STM32_USBH_Library/Class/MSC/usbh_msc.o
 .text.USBH_MSC_Process
                0x0000000008003898      0x324 ./Middlewares/STM32_USBH_Library/Class/MSC/usbh_msc.o
 .text.USBH_MSC_ClassRequest
                0x0000000008003bbc       0x7c ./Middlewares/STM32_USBH_Library/Class/MSC/usbh_msc.o
 .text.USBH_MSC_InterfaceDeInit
                0x0000000008003c38       0x4c ./Middlewares/STM32_USBH_Library/Class/MSC/usbh_msc.o
 .text.USBH_MSC_InterfaceInit
                0x0000000008003c84      0x10a ./Middlewares/STM32_USBH_Library/Class/MSC/usbh_msc.o
 *fill*         0x0000000008003d8e        0x2 
 .text.USBH_MSC_RdWrProcess
                0x0000000008003d90       0xc8 ./Middlewares/STM32_USBH_Library/Class/MSC/usbh_msc.o
 .text.USBH_MSC_UnitIsReady
                0x0000000008003e58       0x22 ./Middlewares/STM32_USBH_Library/Class/MSC/usbh_msc.o
                0x0000000008003e58                USBH_MSC_UnitIsReady
 .text.USBH_MSC_GetLUNInfo
                0x0000000008003e7a       0x30 ./Middlewares/STM32_USBH_Library/Class/MSC/usbh_msc.o
                0x0000000008003e7a                USBH_MSC_GetLUNInfo
 .text.USBH_MSC_Read
                0x0000000008003eaa       0x82 ./Middlewares/STM32_USBH_Library/Class/MSC/usbh_msc.o
                0x0000000008003eaa                USBH_MSC_Read
 .text.USBH_MSC_Write
                0x0000000008003f2c       0x82 ./Middlewares/STM32_USBH_Library/Class/MSC/usbh_msc.o
                0x0000000008003f2c                USBH_MSC_Write
 .text.USBH_MSC_BOT_REQ_Reset
                0x0000000008003fae       0x10 ./Middlewares/STM32_USBH_Library/Class/MSC/usbh_msc_bot.o
                0x0000000008003fae                USBH_MSC_BOT_REQ_Reset
 .text.USBH_MSC_BOT_REQ_GetMaxLUN
                0x0000000008003fbe       0x12 ./Middlewares/STM32_USBH_Library/Class/MSC/usbh_msc_bot.o
                0x0000000008003fbe                USBH_MSC_BOT_REQ_GetMaxLUN
 .text.USBH_MSC_BOT_Init
                0x0000000008003fd0       0x24 ./Middlewares/STM32_USBH_Library/Class/MSC/usbh_msc_bot.o
                0x0000000008003fd0                USBH_MSC_BOT_Init
 .text.USBH_MSC_BOT_Process
                0x0000000008003ff4      0x1cc ./Middlewares/STM32_USBH_Library/Class/MSC/usbh_msc_bot.o
                0x0000000008003ff4                USBH_MSC_BOT_Process
 .text.USBH_MSC_SCSI_TestUnitReady
                0x00000000080041c0       0x46 ./Middlewares/STM32_USBH_Library/Class/MSC/usbh_msc_scsi.o
                0x00000000080041c0                USBH_MSC_SCSI_TestUnitReady
 .text.USBH_MSC_SCSI_ReadCapacity
                0x0000000008004206       0x6a ./Middlewares/STM32_USBH_Library/Class/MSC/usbh_msc_scsi.o
                0x0000000008004206                USBH_MSC_SCSI_ReadCapacity
 .text.USBH_MSC_SCSI_Inquiry
                0x0000000008004270       0xc0 ./Middlewares/STM32_USBH_Library/Class/MSC/usbh_msc_scsi.o
                0x0000000008004270                USBH_MSC_SCSI_Inquiry
 .text.USBH_MSC_SCSI_RequestSense
                0x0000000008004330       0x7a ./Middlewares/STM32_USBH_Library/Class/MSC/usbh_msc_scsi.o
                0x0000000008004330                USBH_MSC_SCSI_RequestSense
 .text.USBH_MSC_SCSI_Write
                0x00000000080043aa       0x7e ./Middlewares/STM32_USBH_Library/Class/MSC/usbh_msc_scsi.o
                0x00000000080043aa                USBH_MSC_SCSI_Write
 .text.USBH_MSC_SCSI_Read
                0x0000000008004428       0x80 ./Middlewares/STM32_USBH_Library/Class/MSC/usbh_msc_scsi.o
                0x0000000008004428                USBH_MSC_SCSI_Read
 .text.DeInitStateMachine.isra.0
                0x00000000080044a8       0x64 ./Middlewares/STM32_USBH_Library/Core/usbh_core.o
 .text.USBH_Init
                0x000000000800450c       0x58 ./Middlewares/STM32_USBH_Library/Core/usbh_core.o
                0x000000000800450c                USBH_Init
 .text.USBH_RegisterClass
                0x0000000008004564       0x44 ./Middlewares/STM32_USBH_Library/Core/usbh_core.o
                0x0000000008004564                USBH_RegisterClass
 .text.USBH_SelectInterface
                0x00000000080045a8       0x88 ./Middlewares/STM32_USBH_Library/Core/usbh_core.o
                0x00000000080045a8                USBH_SelectInterface
 .text.USBH_FindInterface
                0x0000000008004630       0x38 ./Middlewares/STM32_USBH_Library/Core/usbh_core.o
                0x0000000008004630                USBH_FindInterface
 .text.USBH_Start
                0x0000000008004668       0x14 ./Middlewares/STM32_USBH_Library/Core/usbh_core.o
                0x0000000008004668                USBH_Start
 .text.USBH_Process
                0x000000000800467c      0x5d8 ./Middlewares/STM32_USBH_Library/Core/usbh_core.o
                0x000000000800467c                USBH_Process
 .text.USBH_LL_SetTimer
                0x0000000008004c54        0x6 ./Middlewares/STM32_USBH_Library/Core/usbh_core.o
                0x0000000008004c54                USBH_LL_SetTimer
 .text.USBH_LL_IncTimer
                0x0000000008004c5a       0x1c ./Middlewares/STM32_USBH_Library/Core/usbh_core.o
                0x0000000008004c5a                USBH_LL_IncTimer
 .text.USBH_LL_PortEnabled
                0x0000000008004c76        0x8 ./Middlewares/STM32_USBH_Library/Core/usbh_core.o
                0x0000000008004c76                USBH_LL_PortEnabled
 .text.USBH_LL_PortDisabled
                0x0000000008004c7e        0x8 ./Middlewares/STM32_USBH_Library/Core/usbh_core.o
                0x0000000008004c7e                USBH_LL_PortDisabled
 .text.USBH_LL_Connect
                0x0000000008004c86       0x14 ./Middlewares/STM32_USBH_Library/Core/usbh_core.o
                0x0000000008004c86                USBH_LL_Connect
 .text.USBH_LL_Disconnect
                0x0000000008004c9a       0x2c ./Middlewares/STM32_USBH_Library/Core/usbh_core.o
                0x0000000008004c9a                USBH_LL_Disconnect
 *fill*         0x0000000008004cc6        0x2 
 .text.USBH_CtlReq
                0x0000000008004cc8      0x190 ./Middlewares/STM32_USBH_Library/Core/usbh_ctlreq.o
                0x0000000008004cc8                USBH_CtlReq
 .text.USBH_GetDescriptor
                0x0000000008004e58       0x38 ./Middlewares/STM32_USBH_Library/Core/usbh_ctlreq.o
                0x0000000008004e58                USBH_GetDescriptor
 .text.USBH_Get_DevDesc
                0x0000000008004e90       0xf0 ./Middlewares/STM32_USBH_Library/Core/usbh_ctlreq.o
                0x0000000008004e90                USBH_Get_DevDesc
 .text.USBH_Get_CfgDesc
                0x0000000008004f80      0x21c ./Middlewares/STM32_USBH_Library/Core/usbh_ctlreq.o
                0x0000000008004f80                USBH_Get_CfgDesc
 .text.USBH_Get_StringDesc
                0x000000000800519c       0x78 ./Middlewares/STM32_USBH_Library/Core/usbh_ctlreq.o
                0x000000000800519c                USBH_Get_StringDesc
 .text.USBH_SetAddress
                0x0000000008005214       0x1a ./Middlewares/STM32_USBH_Library/Core/usbh_ctlreq.o
                0x0000000008005214                USBH_SetAddress
 .text.USBH_SetCfg
                0x000000000800522e       0x1a ./Middlewares/STM32_USBH_Library/Core/usbh_ctlreq.o
                0x000000000800522e                USBH_SetCfg
 .text.USBH_SetFeature
                0x0000000008005248       0x1a ./Middlewares/STM32_USBH_Library/Core/usbh_ctlreq.o
                0x0000000008005248                USBH_SetFeature
 .text.USBH_ClrFeature
                0x0000000008005262       0x1a ./Middlewares/STM32_USBH_Library/Core/usbh_ctlreq.o
                0x0000000008005262                USBH_ClrFeature
 .text.USBH_CtlSendSetup
                0x000000000800527c       0x20 ./Middlewares/STM32_USBH_Library/Core/usbh_ioreq.o
                0x000000000800527c                USBH_CtlSendSetup
 .text.USBH_CtlSendData
                0x000000000800529c       0x2e ./Middlewares/STM32_USBH_Library/Core/usbh_ioreq.o
                0x000000000800529c                USBH_CtlSendData
 .text.USBH_CtlReceiveData
                0x00000000080052ca       0x20 ./Middlewares/STM32_USBH_Library/Core/usbh_ioreq.o
                0x00000000080052ca                USBH_CtlReceiveData
 .text.USBH_BulkSendData
                0x00000000080052ea       0x2e ./Middlewares/STM32_USBH_Library/Core/usbh_ioreq.o
                0x00000000080052ea                USBH_BulkSendData
 .text.USBH_BulkReceiveData
                0x0000000008005318       0x20 ./Middlewares/STM32_USBH_Library/Core/usbh_ioreq.o
                0x0000000008005318                USBH_BulkReceiveData
 .text.USBH_OpenPipe
                0x0000000008005338       0x1e ./Middlewares/STM32_USBH_Library/Core/usbh_pipes.o
                0x0000000008005338                USBH_OpenPipe
 .text.USBH_ClosePipe
                0x0000000008005356        0xa ./Middlewares/STM32_USBH_Library/Core/usbh_pipes.o
                0x0000000008005356                USBH_ClosePipe
 .text.USBH_AllocPipe
                0x0000000008005360       0x30 ./Middlewares/STM32_USBH_Library/Core/usbh_pipes.o
                0x0000000008005360                USBH_AllocPipe
 .text.USBH_FreePipe
                0x0000000008005390       0x18 ./Middlewares/STM32_USBH_Library/Core/usbh_pipes.o
                0x0000000008005390                USBH_FreePipe
 .text.malloc   0x00000000080053a8       0x10 /opt/st/stm32cubeide_1.13.1/plugins/com.st.stm32cube.ide.mcu.externaltools.gnu-tools-for-stm32.11.3.rel1.linux64_1.1.100.202309141235/tools/bin/../lib/gcc/arm-none-eabi/11.3.1/../../../../arm-none-eabi/lib/thumb/v7e-m+fp/hard/libc_nano.a(libc_a-malloc.o)
                0x00000000080053a8                malloc
 .text.free     0x00000000080053b8       0x10 /opt/st/stm32cubeide_1.13.1/plugins/com.st.stm32cube.ide.mcu.externaltools.gnu-tools-for-stm32.11.3.rel1.linux64_1.1.100.202309141235/tools/bin/../lib/gcc/arm-none-eabi/11.3.1/../../../../arm-none-eabi/lib/thumb/v7e-m+fp/hard/libc_nano.a(libc_a-malloc.o)
                0x00000000080053b8                free
 .text.sbrk_aligned
                0x00000000080053c8       0x40 /opt/st/stm32cubeide_1.13.1/plugins/com.st.stm32cube.ide.mcu.externaltools.gnu-tools-for-stm32.11.3.rel1.linux64_1.1.100.202309141235/tools/bin/../lib/gcc/arm-none-eabi/11.3.1/../../../../arm-none-eabi/lib/thumb/v7e-m+fp/hard/libc_nano.a(libc_a-mallocr.o)
 .text._malloc_r
                0x0000000008005408      0x100 /opt/st/stm32cubeide_1.13.1/plugins/com.st.stm32cube.ide.mcu.externaltools.gnu-tools-for-stm32.11.3.rel1.linux64_1.1.100.202309141235/tools/bin/../lib/gcc/arm-none-eabi/11.3.1/../../../../arm-none-eabi/lib/thumb/v7e-m+fp/hard/libc_nano.a(libc_a-mallocr.o)
                0x0000000008005408                _malloc_r
 .text.__malloc_lock
                0x0000000008005508        0xc /opt/st/stm32cubeide_1.13.1/plugins/com.st.stm32cube.ide.mcu.externaltools.gnu-tools-for-stm32.11.3.rel1.linux64_1.1.100.202309141235/tools/bin/../lib/gcc/arm-none-eabi/11.3.1/../../../../arm-none-eabi/lib/thumb/v7e-m+fp/hard/libc_nano.a(libc_a-mlock.o)
                0x0000000008005508                __malloc_lock
 .text.__malloc_unlock
                0x0000000008005514        0xc /opt/st/stm32cubeide_1.13.1/plugins/com.st.stm32cube.ide.mcu.externaltools.gnu-tools-for-stm32.11.3.rel1.linux64_1.1.100.202309141235/tools/bin/../lib/gcc/arm-none-eabi/11.3.1/../../../../arm-none-eabi/lib/thumb/v7e-m+fp/hard/libc_nano.a(libc_a-mlock.o)
                0x0000000008005514                __malloc_unlock
 .text.std      0x0000000008005520       0x6c /opt/st/stm32cubeide_1.13.1/plugins/com.st.stm32cube.ide.mcu.externaltools.gnu-tools-for-stm32.11.3.rel1.linux64_1.1.100.202309141235/tools/bin/../lib/gcc/arm-none-eabi/11.3.1/../../../../arm-none-eabi/lib/thumb/v7e-m+fp/hard/libc_nano.a(libc_a-findfp.o)
 .text.stdio_exit_handler
                0x000000000800558c       0x18 /opt/st/stm32cubeide_1.13.1/plugins/com.st.stm32cube.ide.mcu.externaltools.gnu-tools-for-stm32.11.3.rel1.linux64_1.1.100.202309141235/tools/bin/../lib/gcc/arm-none-eabi/11.3.1/../../../../arm-none-eabi/lib/thumb/v7e-m+fp/hard/libc_nano.a(libc_a-findfp.o)
 .text.cleanup_stdio
                0x00000000080055a4       0x40 /opt/st/stm32cubeide_1.13.1/plugins/com.st.stm32cube.ide.mcu.externaltools.gnu-tools-for-stm32.11.3.rel1.linux64_1.1.100.202309141235/tools/bin/../lib/gcc/arm-none-eabi/11.3.1/../../../../arm-none-eabi/lib/thumb/v7e-m+fp/hard/libc_nano.a(libc_a-findfp.o)
 .text.global_stdio_init.part.0
                0x00000000080055e4       0x3c /opt/st/stm32cubeide_1.13.1/plugins/com.st.stm32cube.ide.mcu.externaltools.gnu-tools-for-stm32.11.3.rel1.linux64_1.1.100.202309141235/tools/bin/../lib/gcc/arm-none-eabi/11.3.1/../../../../arm-none-eabi/lib/thumb/v7e-m+fp/hard/libc_nano.a(libc_a-findfp.o)
 .text.__sfp_lock_acquire
                0x0000000008005620        0xc /opt/st/stm32cubeide_1.13.1/plugins/com.st.stm32cube.ide.mcu.externaltools.gnu-tools-for-stm32.11.3.rel1.linux64_1.1.100.202309141235/tools/bin/../lib/gcc/arm-none-eabi/11.3.1/../../../../arm-none-eabi/lib/thumb/v7e-m+fp/hard/libc_nano.a(libc_a-findfp.o)
                0x0000000008005620                __sfp_lock_acquire
 .text.__sfp_lock_release
                0x000000000800562c        0xc /opt/st/stm32cubeide_1.13.1/plugins/com.st.stm32cube.ide.mcu.externaltools.gnu-tools-for-stm32.11.3.rel1.linux64_1.1.100.202309141235/tools/bin/../lib/gcc/arm-none-eabi/11.3.1/../../../../arm-none-eabi/lib/thumb/v7e-m+fp/hard/libc_nano.a(libc_a-findfp.o)
                0x000000000800562c                __sfp_lock_release
 .text.__sinit  0x0000000008005638       0x30 /opt/st/stm32cubeide_1.13.1/plugins/com.st.stm32cube.ide.mcu.externaltools.gnu-tools-for-stm32.11.3.rel1.linux64_1.1.100.202309141235/tools/bin/../lib/gcc/arm-none-eabi/11.3.1/../../../../arm-none-eabi/lib/thumb/v7e-m+fp/hard/libc_nano.a(libc_a-findfp.o)
                0x0000000008005638                __sinit
 .text._fwalk_sglue
                0x0000000008005668       0x3c /opt/st/stm32cubeide_1.13.1/plugins/com.st.stm32cube.ide.mcu.externaltools.gnu-tools-for-stm32.11.3.rel1.linux64_1.1.100.202309141235/tools/bin/../lib/gcc/arm-none-eabi/11.3.1/../../../../arm-none-eabi/lib/thumb/v7e-m+fp/hard/libc_nano.a(libc_a-fwalk.o)
                0x0000000008005668                _fwalk_sglue
 .text.printf   0x00000000080056a4       0x24 /opt/st/stm32cubeide_1.13.1/plugins/com.st.stm32cube.ide.mcu.externaltools.gnu-tools-for-stm32.11.3.rel1.linux64_1.1.100.202309141235/tools/bin/../lib/gcc/arm-none-eabi/11.3.1/../../../../arm-none-eabi/lib/thumb/v7e-m+fp/hard/libc_nano.a(libc_a-printf.o)
                0x00000000080056a4                printf
                0x00000000080056a4                iprintf
 .text.putchar  0x00000000080056c8       0x10 /opt/st/stm32cubeide_1.13.1/plugins/com.st.stm32cube.ide.mcu.externaltools.gnu-tools-for-stm32.11.3.rel1.linux64_1.1.100.202309141235/tools/bin/../lib/gcc/arm-none-eabi/11.3.1/../../../../arm-none-eabi/lib/thumb/v7e-m+fp/hard/libc_nano.a(libc_a-putchar.o)
                0x00000000080056c8                putchar
 .text._puts_r  0x00000000080056d8       0xa8 /opt/st/stm32cubeide_1.13.1/plugins/com.st.stm32cube.ide.mcu.externaltools.gnu-tools-for-stm32.11.3.rel1.linux64_1.1.100.202309141235/tools/bin/../lib/gcc/arm-none-eabi/11.3.1/../../../../arm-none-eabi/lib/thumb/v7e-m+fp/hard/libc_nano.a(libc_a-puts.o)
                0x00000000080056d8                _puts_r
 .text.puts     0x0000000008005780       0x10 /opt/st/stm32cubeide_1.13.1/plugins/com.st.stm32cube.ide.mcu.externaltools.gnu-tools-for-stm32.11.3.rel1.linux64_1.1.100.202309141235/tools/bin/../lib/gcc/arm-none-eabi/11.3.1/../../../../arm-none-eabi/lib/thumb/v7e-m+fp/hard/libc_nano.a(libc_a-puts.o)
                0x0000000008005780                puts
 .text.__sread  0x0000000008005790       0x22 /opt/st/stm32cubeide_1.13.1/plugins/com.st.stm32cube.ide.mcu.externaltools.gnu-tools-for-stm32.11.3.rel1.linux64_1.1.100.202309141235/tools/bin/../lib/gcc/arm-none-eabi/11.3.1/../../../../arm-none-eabi/lib/thumb/v7e-m+fp/hard/libc_nano.a(libc_a-stdio.o)
                0x0000000008005790                __sread
 .text.__swrite
                0x00000000080057b2       0x38 /opt/st/stm32cubeide_1.13.1/plugins/com.st.stm32cube.ide.mcu.externaltools.gnu-tools-for-stm32.11.3.rel1.linux64_1.1.100.202309141235/tools/bin/../lib/gcc/arm-none-eabi/11.3.1/../../../../arm-none-eabi/lib/thumb/v7e-m+fp/hard/libc_nano.a(libc_a-stdio.o)
                0x00000000080057b2                __swrite
 .text.__sseek  0x00000000080057ea       0x24 /opt/st/stm32cubeide_1.13.1/plugins/com.st.stm32cube.ide.mcu.externaltools.gnu-tools-for-stm32.11.3.rel1.linux64_1.1.100.202309141235/tools/bin/../lib/gcc/arm-none-eabi/11.3.1/../../../../arm-none-eabi/lib/thumb/v7e-m+fp/hard/libc_nano.a(libc_a-stdio.o)
                0x00000000080057ea                __sseek
 .text.__sclose
                0x000000000800580e        0x8 /opt/st/stm32cubeide_1.13.1/plugins/com.st.stm32cube.ide.mcu.externaltools.gnu-tools-for-stm32.11.3.rel1.linux64_1.1.100.202309141235/tools/bin/../lib/gcc/arm-none-eabi/11.3.1/../../../../arm-none-eabi/lib/thumb/v7e-m+fp/hard/libc_nano.a(libc_a-stdio.o)
                0x000000000800580e                __sclose
 .text.__swbuf_r
                0x0000000008005816       0x7a /opt/st/stm32cubeide_1.13.1/plugins/com.st.stm32cube.ide.mcu.externaltools.gnu-tools-for-stm32.11.3.rel1.linux64_1.1.100.202309141235/tools/bin/../lib/gcc/arm-none-eabi/11.3.1/../../../../arm-none-eabi/lib/thumb/v7e-m+fp/hard/libc_nano.a(libc_a-wbuf.o)
                0x0000000008005816                __swbuf_r
 .text.__swsetup_r
                0x0000000008005890       0xb0 /opt/st/stm32cubeide_1.13.1/plugins/com.st.stm32cube.ide.mcu.externaltools.gnu-tools-for-stm32.11.3.rel1.linux64_1.1.100.202309141235/tools/bin/../lib/gcc/arm-none-eabi/11.3.1/../../../../arm-none-eabi/lib/thumb/v7e-m+fp/hard/libc_nano.a(libc_a-wsetup.o)
                0x0000000008005890                __swsetup_r
 .text.memset   0x0000000008005940       0x10 /opt/st/stm32cubeide_1.13.1/plugins/com.st.stm32cube.ide.mcu.externaltools.gnu-tools-for-stm32.11.3.rel1.linux64_1.1.100.202309141235/tools/bin/../lib/gcc/arm-none-eabi/11.3.1/../../../../arm-none-eabi/lib/thumb/v7e-m+fp/hard/libc_nano.a(libc_a-memset.o)
                0x0000000008005940                memset
 .text._close_r
                0x0000000008005950       0x20 /opt/st/stm32cubeide_1.13.1/plugins/com.st.stm32cube.ide.mcu.externaltools.gnu-tools-for-stm32.11.3.rel1.linux64_1.1.100.202309141235/tools/bin/../lib/gcc/arm-none-eabi/11.3.1/../../../../arm-none-eabi/lib/thumb/v7e-m+fp/hard/libc_nano.a(libc_a-closer.o)
                0x0000000008005950                _close_r
 .text._lseek_r
                0x0000000008005970       0x24 /opt/st/stm32cubeide_1.13.1/plugins/com.st.stm32cube.ide.mcu.externaltools.gnu-tools-for-stm32.11.3.rel1.linux64_1.1.100.202309141235/tools/bin/../lib/gcc/arm-none-eabi/11.3.1/../../../../arm-none-eabi/lib/thumb/v7e-m+fp/hard/libc_nano.a(libc_a-lseekr.o)
                0x0000000008005970                _lseek_r
 .text._read_r  0x0000000008005994       0x24 /opt/st/stm32cubeide_1.13.1/plugins/com.st.stm32cube.ide.mcu.externaltools.gnu-tools-for-stm32.11.3.rel1.linux64_1.1.100.202309141235/tools/bin/../lib/gcc/arm-none-eabi/11.3.1/../../../../arm-none-eabi/lib/thumb/v7e-m+fp/hard/libc_nano.a(libc_a-readr.o)
                0x0000000008005994                _read_r
 .text._sbrk_r  0x00000000080059b8       0x20 /opt/st/stm32cubeide_1.13.1/plugins/com.st.stm32cube.ide.mcu.externaltools.gnu-tools-for-stm32.11.3.rel1.linux64_1.1.100.202309141235/tools/bin/../lib/gcc/arm-none-eabi/11.3.1/../../../../arm-none-eabi/lib/thumb/v7e-m+fp/hard/libc_nano.a(libc_a-sbrkr.o)
                0x00000000080059b8                _sbrk_r
 .text._write_r
                0x00000000080059d8       0x24 /opt/st/stm32cubeide_1.13.1/plugins/com.st.stm32cube.ide.mcu.externaltools.gnu-tools-for-stm32.11.3.rel1.linux64_1.1.100.202309141235/tools/bin/../lib/gcc/arm-none-eabi/11.3.1/../../../../arm-none-eabi/lib/thumb/v7e-m+fp/hard/libc_nano.a(libc_a-writer.o)
                0x00000000080059d8                _write_r
 .text.__errno  0x00000000080059fc        0xc /opt/st/stm32cubeide_1.13.1/plugins/com.st.stm32cube.ide.mcu.externaltools.gnu-tools-for-stm32.11.3.rel1.linux64_1.1.100.202309141235/tools/bin/../lib/gcc/arm-none-eabi/11.3.1/../../../../arm-none-eabi/lib/thumb/v7e-m+fp/hard/libc_nano.a(libc_a-errno.o)
                0x00000000080059fc                __errno
 .text.__libc_init_array
                0x0000000008005a08       0x48 /opt/st/stm32cubeide_1.13.1/plugins/com.st.stm32cube.ide.mcu.externaltools.gnu-tools-for-stm32.11.3.rel1.linux64_1.1.100.202309141235/tools/bin/../lib/gcc/arm-none-eabi/11.3.1/../../../../arm-none-eabi/lib/thumb/v7e-m+fp/hard/libc_nano.a(libc_a-init.o)
                0x0000000008005a08                __libc_init_array
 .text.__retarget_lock_init_recursive
                0x0000000008005a50        0x2 /opt/st/stm32cubeide_1.13.1/plugins/com.st.stm32cube.ide.mcu.externaltools.gnu-tools-for-stm32.11.3.rel1.linux64_1.1.100.202309141235/tools/bin/../lib/gcc/arm-none-eabi/11.3.1/../../../../arm-none-eabi/lib/thumb/v7e-m+fp/hard/libc_nano.a(libc_a-lock.o)
                0x0000000008005a50                __retarget_lock_init_recursive
 .text.__retarget_lock_acquire_recursive
                0x0000000008005a52        0x2 /opt/st/stm32cubeide_1.13.1/plugins/com.st.stm32cube.ide.mcu.externaltools.gnu-tools-for-stm32.11.3.rel1.linux64_1.1.100.202309141235/tools/bin/../lib/gcc/arm-none-eabi/11.3.1/../../../../arm-none-eabi/lib/thumb/v7e-m+fp/hard/libc_nano.a(libc_a-lock.o)
                0x0000000008005a52                __retarget_lock_acquire_recursive
 .text.__retarget_lock_release_recursive
                0x0000000008005a54        0x2 /opt/st/stm32cubeide_1.13.1/plugins/com.st.stm32cube.ide.mcu.externaltools.gnu-tools-for-stm32.11.3.rel1.linux64_1.1.100.202309141235/tools/bin/../lib/gcc/arm-none-eabi/11.3.1/../../../../arm-none-eabi/lib/thumb/v7e-m+fp/hard/libc_nano.a(libc_a-lock.o)
                0x0000000008005a54                __retarget_lock_release_recursive
 .text.memcpy   0x0000000008005a56       0x1c /opt/st/stm32cubeide_1.13.1/plugins/com.st.stm32cube.ide.mcu.externaltools.gnu-tools-for-stm32.11.3.rel1.linux64_1.1.100.202309141235/tools/bin/../lib/gcc/arm-none-eabi/11.3.1/../../../../arm-none-eabi/lib/thumb/v7e-m+fp/hard/libc_nano.a(libc_a-memcpy-stub.o)
                0x0000000008005a56                memcpy
 *fill*         0x0000000008005a72        0x2 
 .text._free_r  0x0000000008005a74       0x98 /opt/st/stm32cubeide_1.13.1/plugins/com.st.stm32cube.ide.mcu.externaltools.gnu-tools-for-stm32.11.3.rel1.linux64_1.1.100.202309141235/tools/bin/../lib/gcc/arm-none-eabi/11.3.1/../../../../arm-none-eabi/lib/thumb/v7e-m+fp/hard/libc_nano.a(libc_a-freer.o)
                0x0000000008005a74                _free_r
 .text.__sfputc_r
                0x0000000008005b0c       0x2e /opt/st/stm32cubeide_1.13.1/plugins/com.st.stm32cube.ide.mcu.externaltools.gnu-tools-for-stm32.11.3.rel1.linux64_1.1.100.202309141235/tools/bin/../lib/gcc/arm-none-eabi/11.3.1/../../../../arm-none-eabi/lib/thumb/v7e-m+fp/hard/libc_nano.a(libc_a-nano-vfprintf.o)
 .text.__sfputs_r
                0x0000000008005b3a       0x24 /opt/st/stm32cubeide_1.13.1/plugins/com.st.stm32cube.ide.mcu.externaltools.gnu-tools-for-stm32.11.3.rel1.linux64_1.1.100.202309141235/tools/bin/../lib/gcc/arm-none-eabi/11.3.1/../../../../arm-none-eabi/lib/thumb/v7e-m+fp/hard/libc_nano.a(libc_a-nano-vfprintf.o)
                0x0000000008005b3a                __sfputs_r
 *fill*         0x0000000008005b5e        0x2 
 .text._vfprintf_r
                0x0000000008005b60      0x234 /opt/st/stm32cubeide_1.13.1/plugins/com.st.stm32cube.ide.mcu.externaltools.gnu-tools-for-stm32.11.3.rel1.linux64_1.1.100.202309141235/tools/bin/../lib/gcc/arm-none-eabi/11.3.1/../../../../arm-none-eabi/lib/thumb/v7e-m+fp/hard/libc_nano.a(libc_a-nano-vfprintf.o)
                0x0000000008005b60                _vfiprintf_r
                0x0000000008005b60                _vfprintf_r
 .text._printf_common
                0x0000000008005d94       0xda /opt/st/stm32cubeide_1.13.1/plugins/com.st.stm32cube.ide.mcu.externaltools.gnu-tools-for-stm32.11.3.rel1.linux64_1.1.100.202309141235/tools/bin/../lib/gcc/arm-none-eabi/11.3.1/../../../../arm-none-eabi/lib/thumb/v7e-m+fp/hard/libc_nano.a(libc_a-nano-vfprintf_i.o)
                0x0000000008005d94                _printf_common
 *fill*         0x0000000008005e6e        0x2 
 .text._printf_i
                0x0000000008005e70      0x244 /opt/st/stm32cubeide_1.13.1/plugins/com.st.stm32cube.ide.mcu.externaltools.gnu-tools-for-stm32.11.3.rel1.linux64_1.1.100.202309141235/tools/bin/../lib/gcc/arm-none-eabi/11.3.1/../../../../arm-none-eabi/lib/thumb/v7e-m+fp/hard/libc_nano.a(libc_a-nano-vfprintf_i.o)
                0x0000000008005e70                _printf_i
 .text.__sflush_r
                0x00000000080060b4      0x10c /opt/st/stm32cubeide_1.13.1/plugins/com.st.stm32cube.ide.mcu.externaltools.gnu-tools-for-stm32.11.3.rel1.linux64_1.1.100.202309141235/tools/bin/../lib/gcc/arm-none-eabi/11.3.1/../../../../arm-none-eabi/lib/thumb/v7e-m+fp/hard/libc_nano.a(libc_a-fflush.o)
                0x00000000080060b4                __sflush_r
 .text._fflush_r
                0x00000000080061c0       0x50 /opt/st/stm32cubeide_1.13.1/plugins/com.st.stm32cube.ide.mcu.externaltools.gnu-tools-for-stm32.11.3.rel1.linux64_1.1.100.202309141235/tools/bin/../lib/gcc/arm-none-eabi/11.3.1/../../../../arm-none-eabi/lib/thumb/v7e-m+fp/hard/libc_nano.a(libc_a-fflush.o)
                0x00000000080061c0                _fflush_r
 .text.__swhatbuf_r
                0x0000000008006210       0x4c /opt/st/stm32cubeide_1.13.1/plugins/com.st.stm32cube.ide.mcu.externaltools.gnu-tools-for-stm32.11.3.rel1.linux64_1.1.100.202309141235/tools/bin/../lib/gcc/arm-none-eabi/11.3.1/../../../../arm-none-eabi/lib/thumb/v7e-m+fp/hard/libc_nano.a(libc_a-makebuf.o)
                0x0000000008006210                __swhatbuf_r
 .text.__smakebuf_r
                0x000000000800625c       0x78 /opt/st/stm32cubeide_1.13.1/plugins/com.st.stm32cube.ide.mcu.externaltools.gnu-tools-for-stm32.11.3.rel1.linux64_1.1.100.202309141235/tools/bin/../lib/gcc/arm-none-eabi/11.3.1/../../../../arm-none-eabi/lib/thumb/v7e-m+fp/hard/libc_nano.a(libc_a-makebuf.o)
                0x000000000800625c                __smakebuf_r
 .text._putc_r  0x00000000080062d4       0x68 /opt/st/stm32cubeide_1.13.1/plugins/com.st.stm32cube.ide.mcu.externaltools.gnu-tools-for-stm32.11.3.rel1.linux64_1.1.100.202309141235/tools/bin/../lib/gcc/arm-none-eabi/11.3.1/../../../../arm-none-eabi/lib/thumb/v7e-m+fp/hard/libc_nano.a(libc_a-putc.o)
                0x00000000080062d4                _putc_r
 .text._fstat_r
                0x000000000800633c       0x24 /opt/st/stm32cubeide_1.13.1/plugins/com.st.stm32cube.ide.mcu.externaltools.gnu-tools-for-stm32.11.3.rel1.linux64_1.1.100.202309141235/tools/bin/../lib/gcc/arm-none-eabi/11.3.1/../../../../arm-none-eabi/lib/thumb/v7e-m+fp/hard/libc_nano.a(libc_a-fstatr.o)
                0x000000000800633c                _fstat_r
 .text._isatty_r
                0x0000000008006360       0x20 /opt/st/stm32cubeide_1.13.1/plugins/com.st.stm32cube.ide.mcu.externaltools.gnu-tools-for-stm32.11.3.rel1.linux64_1.1.100.202309141235/tools/bin/../lib/gcc/arm-none-eabi/11.3.1/../../../../arm-none-eabi/lib/thumb/v7e-m+fp/hard/libc_nano.a(libc_a-isattyr.o)
                0x0000000008006360                _isatty_r
 *(.glue_7)
 .glue_7        0x0000000008006380        0x0 linker stubs
 *(.glue_7t)
 .glue_7t       0x0000000008006380        0x0 linker stubs
 *(.eh_frame)
 .eh_frame      0x0000000008006380        0x0 /opt/st/stm32cubeide_1.13.1/plugins/com.st.stm32cube.ide.mcu.externaltools.gnu-tools-for-stm32.11.3.rel1.linux64_1.1.100.202309141235/tools/bin/../lib/gcc/arm-none-eabi/11.3.1/thumb/v7e-m+fp/hard/crtbegin.o
 *(.init)
 .init          0x0000000008006380        0x4 /opt/st/stm32cubeide_1.13.1/plugins/com.st.stm32cube.ide.mcu.externaltools.gnu-tools-for-stm32.11.3.rel1.linux64_1.1.100.202309141235/tools/bin/../lib/gcc/arm-none-eabi/11.3.1/thumb/v7e-m+fp/hard/crti.o
                0x0000000008006380                _init
 .init          0x0000000008006384        0x8 /opt/st/stm32cubeide_1.13.1/plugins/com.st.stm32cube.ide.mcu.externaltools.gnu-tools-for-stm32.11.3.rel1.linux64_1.1.100.202309141235/tools/bin/../lib/gcc/arm-none-eabi/11.3.1/thumb/v7e-m+fp/hard/crtn.o
 *(.fini)
 .fini          0x000000000800638c        0x4 /opt/st/stm32cubeide_1.13.1/plugins/com.st.stm32cube.ide.mcu.externaltools.gnu-tools-for-stm32.11.3.rel1.linux64_1.1.100.202309141235/tools/bin/../lib/gcc/arm-none-eabi/11.3.1/thumb/v7e-m+fp/hard/crti.o
                0x000000000800638c                _fini
 .fini          0x0000000008006390        0x8 /opt/st/stm32cubeide_1.13.1/plugins/com.st.stm32cube.ide.mcu.externaltools.gnu-tools-for-stm32.11.3.rel1.linux64_1.1.100.202309141235/tools/bin/../lib/gcc/arm-none-eabi/11.3.1/thumb/v7e-m+fp/hard/crtn.o
                0x0000000008006398                . = ALIGN (0x4)
                0x0000000008006398                _etext = .

.vfp11_veneer   0x0000000008006398        0x0
 .vfp11_veneer  0x0000000008006398        0x0 linker stubs

.v4_bx          0x0000000008006398        0x0
 .v4_bx         0x0000000008006398        0x0 linker stubs

.iplt           0x0000000008006398        0x0
 .iplt          0x0000000008006398        0x0 /opt/st/stm32cubeide_1.13.1/plugins/com.st.stm32cube.ide.mcu.externaltools.gnu-tools-for-stm32.11.3.rel1.linux64_1.1.100.202309141235/tools/bin/../lib/gcc/arm-none-eabi/11.3.1/thumb/v7e-m+fp/hard/crtbegin.o

.rodata         0x0000000008006398      0x724
                0x0000000008006398                . = ALIGN (0x4)
 *(.rodata)
 *(.rodata*)
 .rodata.USBH_UserProcess.str1.1
                0x0000000008006398        0x0 ./Application/User/main.o
                                          0x1 (size before relaxing)
 .rodata.HAL_HCD_Connect_Callback.str1.1
                0x0000000008006398       0x22 ./Application/User/usbh_conf.o
                                         0x23 (size before relaxing)
 .rodata.AHBPrescTable
                0x00000000080063ba       0x10 ./Drivers/CMSIS/system_stm32l4xx.o
                0x00000000080063ba                AHBPrescTable
 .rodata.APBPrescTable
                0x00000000080063ca        0x8 ./Drivers/CMSIS/system_stm32l4xx.o
                0x00000000080063ca                APBPrescTable
 *fill*         0x00000000080063d2        0x2 
 .rodata.MSIRangeTable
                0x00000000080063d4       0x30 ./Drivers/CMSIS/system_stm32l4xx.o
                0x00000000080063d4                MSIRangeTable
 .rodata.CSWTCH.53
                0x0000000008006404        0x3 ./Drivers/STM32L4xx_HAL_Driver/stm32l4xx_hal_uart.o
 .rodata.CSWTCH.54
                0x0000000008006407        0xd ./Drivers/STM32L4xx_HAL_Driver/stm32l4xx_hal_uart.o
 .rodata.USBH_read.str1.1
                0x0000000008006414       0x1f ./Middlewares/FatFs/Drivers/usbh_diskio_dma.o
 .rodata.USBH_write.str1.1
                0x0000000008006433       0x1d ./Middlewares/FatFs/Drivers/usbh_diskio_dma.o
 .rodata.USBH_Driver
                0x0000000008006450       0x14 ./Middlewares/FatFs/Drivers/usbh_diskio_dma.o
                0x0000000008006450                USBH_Driver
 .rodata.USBH_MSC_Process.str1.1
                0x0000000008006464      0x101 ./Middlewares/STM32_USBH_Library/Class/MSC/usbh_msc.o
 .rodata.USBH_MSC_ClassRequest.str1.1
                0x0000000008006565       0x1c ./Middlewares/STM32_USBH_Library/Class/MSC/usbh_msc.o
 .rodata.str1.1
                0x0000000008006581        0x4 ./Middlewares/STM32_USBH_Library/Class/MSC/usbh_msc.o
 .rodata.USBH_Init.str1.1
                0x0000000008006585       0x14 ./Middlewares/STM32_USBH_Library/Core/usbh_core.o
                                         0x1c (size before relaxing)
 .rodata.USBH_RegisterClass.str1.1
                0x0000000008006599       0x2e ./Middlewares/STM32_USBH_Library/Core/usbh_core.o
 .rodata.USBH_SelectInterface.str1.1
                0x00000000080065c7       0x68 ./Middlewares/STM32_USBH_Library/Core/usbh_core.o
 .rodata.USBH_Process.str1.1
                0x000000000800662f      0x361 ./Middlewares/STM32_USBH_Library/Core/usbh_core.o
                                        0x36e (size before relaxing)
 .rodata.USBH_CtlReq.str1.1
                0x0000000008006990       0x25 ./Middlewares/STM32_USBH_Library/Core/usbh_ctlreq.o
                                         0x2d (size before relaxing)
 .rodata.USBH_Get_DevDesc.str1.1
                0x00000000080069b5       0x44 ./Middlewares/STM32_USBH_Library/Core/usbh_ctlreq.o
 .rodata.USBH_Get_CfgDesc.str1.1
                0x00000000080069f9       0x4b ./Middlewares/STM32_USBH_Library/Core/usbh_ctlreq.o
 .rodata.USBH_Get_StringDesc.str1.1
                0x0000000008006a44       0x44 ./Middlewares/STM32_USBH_Library/Core/usbh_ctlreq.o
 .rodata._vfprintf_r.str1.1
                0x0000000008006a88       0x11 /opt/st/stm32cubeide_1.13.1/plugins/com.st.stm32cube.ide.mcu.externaltools.gnu-tools-for-stm32.11.3.rel1.linux64_1.1.100.202309141235/tools/bin/../lib/gcc/arm-none-eabi/11.3.1/../../../../arm-none-eabi/lib/thumb/v7e-m+fp/hard/libc_nano.a(libc_a-nano-vfprintf.o)
 .rodata._printf_i.str1.1
                0x0000000008006a99       0x22 /opt/st/stm32cubeide_1.13.1/plugins/com.st.stm32cube.ide.mcu.externaltools.gnu-tools-for-stm32.11.3.rel1.linux64_1.1.100.202309141235/tools/bin/../lib/gcc/arm-none-eabi/11.3.1/../../../../arm-none-eabi/lib/thumb/v7e-m+fp/hard/libc_nano.a(libc_a-nano-vfprintf_i.o)
                0x0000000008006abc                . = ALIGN (0x4)
 *fill*         0x0000000008006abb        0x1 

.ARM.extab      0x0000000008006abc        0x0
                0x0000000008006abc                . = ALIGN (0x4)
 *(.ARM.extab* .gnu.linkonce.armextab.*)
                0x0000000008006abc                . = ALIGN (0x4)

.ARM            0x0000000008006abc        0x8
                0x0000000008006abc                . = ALIGN (0x4)
                0x0000000008006abc                __exidx_start = .
 *(.ARM.exidx*)
 .ARM.exidx     0x0000000008006abc        0x8 /opt/st/stm32cubeide_1.13.1/plugins/com.st.stm32cube.ide.mcu.externaltools.gnu-tools-for-stm32.11.3.rel1.linux64_1.1.100.202309141235/tools/bin/../lib/gcc/arm-none-eabi/11.3.1/thumb/v7e-m+fp/hard/libgcc.a(_udivmoddi4.o)
                0x0000000008006ac4                __exidx_end = .
                0x0000000008006ac4                . = ALIGN (0x4)

.rel.dyn        0x0000000008006ac4        0x0
 .rel.iplt      0x0000000008006ac4        0x0 /opt/st/stm32cubeide_1.13.1/plugins/com.st.stm32cube.ide.mcu.externaltools.gnu-tools-for-stm32.11.3.rel1.linux64_1.1.100.202309141235/tools/bin/../lib/gcc/arm-none-eabi/11.3.1/thumb/v7e-m+fp/hard/crtbegin.o

.preinit_array  0x0000000008006ac4        0x0
                0x0000000008006ac4                . = ALIGN (0x4)
                0x0000000008006ac4                PROVIDE (__preinit_array_start = .)
 *(.preinit_array*)
                0x0000000008006ac4                PROVIDE (__preinit_array_end = .)
                0x0000000008006ac4                . = ALIGN (0x4)

.init_array     0x0000000008006ac4        0x4
                0x0000000008006ac4                . = ALIGN (0x4)
                0x0000000008006ac4                PROVIDE (__init_array_start = .)
 *(SORT_BY_NAME(.init_array.*))
 *(.init_array*)
 .init_array    0x0000000008006ac4        0x4 /opt/st/stm32cubeide_1.13.1/plugins/com.st.stm32cube.ide.mcu.externaltools.gnu-tools-for-stm32.11.3.rel1.linux64_1.1.100.202309141235/tools/bin/../lib/gcc/arm-none-eabi/11.3.1/thumb/v7e-m+fp/hard/crtbegin.o
                0x0000000008006ac8                PROVIDE (__init_array_end = .)
                0x0000000008006ac8                . = ALIGN (0x4)

.fini_array     0x0000000008006ac8        0x4
                0x0000000008006ac8                . = ALIGN (0x4)
                [!provide]                        PROVIDE (__fini_array_start = .)
 *(SORT_BY_NAME(.fini_array.*))
 *(.fini_array*)
 .fini_array    0x0000000008006ac8        0x4 /opt/st/stm32cubeide_1.13.1/plugins/com.st.stm32cube.ide.mcu.externaltools.gnu-tools-for-stm32.11.3.rel1.linux64_1.1.100.202309141235/tools/bin/../lib/gcc/arm-none-eabi/11.3.1/thumb/v7e-m+fp/hard/crtbegin.o
                [!provide]                        PROVIDE (__fini_array_end = .)
                0x0000000008006acc                . = ALIGN (0x4)
                0x0000000008006acc                _sidata = LOADADDR (.data)

.data           0x0000000020000000       0x88 load address 0x0000000008006acc
                0x0000000020000000                . = ALIGN (0x4)
                0x0000000020000000                _sdata = .
 *(.data)
 *(.data*)
 .data.SystemCoreClock
                0x0000000020000000        0x4 ./Drivers/CMSIS/system_stm32l4xx.o
                0x0000000020000000                SystemCoreClock
 .data.uwTickFreq
                0x0000000020000004        0x1 ./Drivers/STM32L4xx_HAL_Driver/stm32l4xx_hal.o
                0x0000000020000004                uwTickFreq
 *fill*         0x0000000020000005        0x3 
 .data.uwTickPrio
                0x0000000020000008        0x4 ./Drivers/STM32L4xx_HAL_Driver/stm32l4xx_hal.o
                0x0000000020000008                uwTickPrio
 .data.USBH_msc
                0x000000002000000c       0x20 ./Middlewares/STM32_USBH_Library/Class/MSC/usbh_msc.o
                0x000000002000000c                USBH_msc
 .data.__sglue  0x000000002000002c        0xc /opt/st/stm32cubeide_1.13.1/plugins/com.st.stm32cube.ide.mcu.externaltools.gnu-tools-for-stm32.11.3.rel1.linux64_1.1.100.202309141235/tools/bin/../lib/gcc/arm-none-eabi/11.3.1/../../../../arm-none-eabi/lib/thumb/v7e-m+fp/hard/libc_nano.a(libc_a-findfp.o)
                0x000000002000002c                __sglue
 .data._impure_data
                0x0000000020000038       0x4c /opt/st/stm32cubeide_1.13.1/plugins/com.st.stm32cube.ide.mcu.externaltools.gnu-tools-for-stm32.11.3.rel1.linux64_1.1.100.202309141235/tools/bin/../lib/gcc/arm-none-eabi/11.3.1/../../../../arm-none-eabi/lib/thumb/v7e-m+fp/hard/libc_nano.a(libc_a-impure.o)
                0x0000000020000038                _impure_data
 .data._impure_ptr
                0x0000000020000084        0x4 /opt/st/stm32cubeide_1.13.1/plugins/com.st.stm32cube.ide.mcu.externaltools.gnu-tools-for-stm32.11.3.rel1.linux64_1.1.100.202309141235/tools/bin/../lib/gcc/arm-none-eabi/11.3.1/../../../../arm-none-eabi/lib/thumb/v7e-m+fp/hard/libc_nano.a(libc_a-impure.o)
                0x0000000020000084                _impure_ptr
 *(.RamFunc)
 *(.RamFunc*)
                0x0000000020000088                . = ALIGN (0x4)
                0x0000000020000088                _edata = .
                0x0000000008006b54                _sisram2 = LOADADDR (.sram2)

.igot.plt       0x0000000020000088        0x0 load address 0x0000000008006b54
 .igot.plt      0x0000000020000088        0x0 /opt/st/stm32cubeide_1.13.1/plugins/com.st.stm32cube.ide.mcu.externaltools.gnu-tools-for-stm32.11.3.rel1.linux64_1.1.100.202309141235/tools/bin/../lib/gcc/arm-none-eabi/11.3.1/thumb/v7e-m+fp/hard/crtbegin.o

.sram2          0x0000000010000000        0x0 load address 0x0000000008006b54
                0x0000000010000000                . = ALIGN (0x4)
                0x0000000010000000                _ssram2 = .
 *(.sram2)
 *(.sram2*)
                0x0000000010000000                . = ALIGN (0x4)
                0x0000000010000000                _esram2 = .
                0x0000000010000000                . = ALIGN (0x4)

.bss            0x0000000020000088      0xe88
                0x0000000020000088                _sbss = .
                0x0000000020000088                __bss_start__ = _sbss
 *(.bss)
 .bss           0x0000000020000088       0x1c /opt/st/stm32cubeide_1.13.1/plugins/com.st.stm32cube.ide.mcu.externaltools.gnu-tools-for-stm32.11.3.rel1.linux64_1.1.100.202309141235/tools/bin/../lib/gcc/arm-none-eabi/11.3.1/thumb/v7e-m+fp/hard/crtbegin.o
 *(.bss*)
 .bss.Appli_state
                0x00000000200000a4        0x1 ./Application/User/main.o
                0x00000000200000a4                Appli_state
 .bss.USBDISKPath
                0x00000000200000a5        0x4 ./Application/User/main.o
                0x00000000200000a5                USBDISKPath
 *fill*         0x00000000200000a9        0x3 
 .bss.UartHandle
                0x00000000200000ac       0x88 ./Application/User/main.o
                0x00000000200000ac                UartHandle
 .bss.hUSBHost  0x0000000020000134      0x4d8 ./Application/User/main.o
                0x0000000020000134                hUSBHost
 .bss.__sbrk_heap_end
                0x000000002000060c        0x4 ./Application/User/sysmem.o
 .bss.USBH_fatfs
                0x0000000020000610      0x230 ./Application/User/usbh_conf.o
                0x0000000020000610                USBH_fatfs
 .bss.hhcd      0x0000000020000840      0x344 ./Application/User/usbh_conf.o
                0x0000000020000840                hhcd
 .bss.uwTick    0x0000000020000b84        0x4 ./Drivers/STM32L4xx_HAL_Driver/stm32l4xx_hal.o
                0x0000000020000b84                uwTick
 .bss.FatFs     0x0000000020000b88        0x8 ./Middlewares/FatFs/Core/ff.o
 .bss.Files     0x0000000020000b90       0x20 ./Middlewares/FatFs/Core/ff.o
 .bss.Fsid      0x0000000020000bb0        0x2 ./Middlewares/FatFs/Core/ff.o
 *fill*         0x0000000020000bb2        0x2 
 .bss.disk      0x0000000020000bb4       0x10 ./Middlewares/FatFs/Core/ff_gen_drv.o
                0x0000000020000bb4                disk
 .bss.scratch   0x0000000020000bc4      0x200 ./Middlewares/FatFs/Drivers/usbh_diskio_dma.o
 .bss.__malloc_free_list
                0x0000000020000dc4        0x4 /opt/st/stm32cubeide_1.13.1/plugins/com.st.stm32cube.ide.mcu.externaltools.gnu-tools-for-stm32.11.3.rel1.linux64_1.1.100.202309141235/tools/bin/../lib/gcc/arm-none-eabi/11.3.1/../../../../arm-none-eabi/lib/thumb/v7e-m+fp/hard/libc_nano.a(libc_a-mallocr.o)
                0x0000000020000dc4                __malloc_free_list
 .bss.__malloc_sbrk_start
                0x0000000020000dc8        0x4 /opt/st/stm32cubeide_1.13.1/plugins/com.st.stm32cube.ide.mcu.externaltools.gnu-tools-for-stm32.11.3.rel1.linux64_1.1.100.202309141235/tools/bin/../lib/gcc/arm-none-eabi/11.3.1/../../../../arm-none-eabi/lib/thumb/v7e-m+fp/hard/libc_nano.a(libc_a-mallocr.o)
                0x0000000020000dc8                __malloc_sbrk_start
 .bss.__sf      0x0000000020000dcc      0x138 /opt/st/stm32cubeide_1.13.1/plugins/com.st.stm32cube.ide.mcu.externaltools.gnu-tools-for-stm32.11.3.rel1.linux64_1.1.100.202309141235/tools/bin/../lib/gcc/arm-none-eabi/11.3.1/../../../../arm-none-eabi/lib/thumb/v7e-m+fp/hard/libc_nano.a(libc_a-findfp.o)
                0x0000000020000dcc                __sf
 .bss.__stdio_exit_handler
                0x0000000020000f04        0x4 /opt/st/stm32cubeide_1.13.1/plugins/com.st.stm32cube.ide.mcu.externaltools.gnu-tools-for-stm32.11.3.rel1.linux64_1.1.100.202309141235/tools/bin/../lib/gcc/arm-none-eabi/11.3.1/../../../../arm-none-eabi/lib/thumb/v7e-m+fp/hard/libc_nano.a(libc_a-findfp.o)
                0x0000000020000f04                __stdio_exit_handler
 .bss.errno     0x0000000020000f08        0x4 /opt/st/stm32cubeide_1.13.1/plugins/com.st.stm32cube.ide.mcu.externaltools.gnu-tools-for-stm32.11.3.rel1.linux64_1.1.100.202309141235/tools/bin/../lib/gcc/arm-none-eabi/11.3.1/../../../../arm-none-eabi/lib/thumb/v7e-m+fp/hard/libc_nano.a(libc_a-reent.o)
                0x0000000020000f08                errno
 .bss.__lock___malloc_recursive_mutex
                0x0000000020000f0c        0x1 /opt/st/stm32cubeide_1.13.1/plugins/com.st.stm32cube.ide.mcu.externaltools.gnu-tools-for-stm32.11.3.rel1.linux64_1.1.100.202309141235/tools/bin/../lib/gcc/arm-none-eabi/11.3.1/../../../../arm-none-eabi/lib/thumb/v7e-m+fp/hard/libc_nano.a(libc_a-lock.o)
                0x0000000020000f0c                __lock___malloc_recursive_mutex
 .bss.__lock___sfp_recursive_mutex
                0x0000000020000f0d        0x1 /opt/st/stm32cubeide_1.13.1/plugins/com.st.stm32cube.ide.mcu.externaltools.gnu-tools-for-stm32.11.3.rel1.linux64_1.1.100.202309141235/tools/bin/../lib/gcc/arm-none-eabi/11.3.1/../../../../arm-none-eabi/lib/thumb/v7e-m+fp/hard/libc_nano.a(libc_a-lock.o)
                0x0000000020000f0d                __lock___sfp_recursive_mutex
 *(COMMON)
                0x0000000020000f10                . = ALIGN (0x4)
 *fill*         0x0000000020000f0e        0x2 
                0x0000000020000f10                _ebss = .
                0x0000000020000f10                __bss_end__ = _ebss

._user_heap_stack
                0x0000000020000f10     0x8000
                0x0000000020000f10                . = ALIGN (0x8)
                [!provide]                        PROVIDE (end = .)
                0x0000000020000f10                PROVIDE (_end = .)
                0x0000000020004f10                . = (. + _Min_Heap_Size)
 *fill*         0x0000000020000f10     0x4000 
                0x0000000020008f10                . = (. + _Min_Stack_Size)
 *fill*         0x0000000020004f10     0x4000 
                0x0000000020008f10                . = ALIGN (0x8)

/DISCARD/
 libc.a(*)
 libm.a(*)
 libgcc.a(*)

.ARM.attributes
                0x0000000000000000       0x30
 *(.ARM.attributes)
 .ARM.attributes
                0x0000000000000000       0x1e /opt/st/stm32cubeide_1.13.1/plugins/com.st.stm32cube.ide.mcu.externaltools.gnu-tools-for-stm32.11.3.rel1.linux64_1.1.100.202309141235/tools/bin/../lib/gcc/arm-none-eabi/11.3.1/thumb/v7e-m+fp/hard/crti.o
 .ARM.attributes
                0x000000000000001e       0x34 /opt/st/stm32cubeide_1.13.1/plugins/com.st.stm32cube.ide.mcu.externaltools.gnu-tools-for-stm32.11.3.rel1.linux64_1.1.100.202309141235/tools/bin/../lib/gcc/arm-none-eabi/11.3.1/thumb/v7e-m+fp/hard/crtbegin.o
 .ARM.attributes
                0x0000000000000052       0x21 ./Application/Startup/startup_stm32l475vgtx.o
 .ARM.attributes
                0x0000000000000073       0x34 ./Application/User/main.o
 .ARM.attributes
                0x00000000000000a7       0x34 ./Application/User/stm32l4xx_hal_msp.o
 .ARM.attributes
                0x00000000000000db       0x34 ./Application/User/stm32l4xx_it.o
 .ARM.attributes
                0x000000000000010f       0x34 ./Application/User/syscalls.o
 .ARM.attributes
                0x0000000000000143       0x34 ./Application/User/sysmem.o
 .ARM.attributes
                0x0000000000000177       0x34 ./Application/User/usbh_conf.o
 .ARM.attributes
                0x00000000000001ab       0x34 ./Drivers/CMSIS/system_stm32l4xx.o
 .ARM.attributes
                0x00000000000001df       0x34 ./Drivers/STM32L4xx_HAL_Driver/stm32l4xx_hal.o
 .ARM.attributes
                0x0000000000000213       0x34 ./Drivers/STM32L4xx_HAL_Driver/stm32l4xx_hal_cortex.o
 .ARM.attributes
                0x0000000000000247       0x34 ./Drivers/STM32L4xx_HAL_Driver/stm32l4xx_hal_gpio.o
 .ARM.attributes
                0x000000000000027b       0x34 ./Drivers/STM32L4xx_HAL_Driver/stm32l4xx_hal_hcd.o
 .ARM.attributes
                0x00000000000002af       0x34 ./Drivers/STM32L4xx_HAL_Driver/stm32l4xx_hal_pwr_ex.o
 .ARM.attributes
                0x00000000000002e3       0x34 ./Drivers/STM32L4xx_HAL_Driver/stm32l4xx_hal_rcc.o
 .ARM.attributes
                0x0000000000000317       0x34 ./Drivers/STM32L4xx_HAL_Driver/stm32l4xx_hal_rcc_ex.o
 .ARM.attributes
                0x000000000000034b       0x34 ./Drivers/STM32L4xx_HAL_Driver/stm32l4xx_hal_uart.o
 .ARM.attributes
                0x000000000000037f       0x34 ./Drivers/STM32L4xx_HAL_Driver/stm32l4xx_ll_usb.o
 .ARM.attributes
                0x00000000000003b3       0x34 ./Middlewares/FatFs/Core/diskio.o
 .ARM.attributes
                0x00000000000003e7       0x34 ./Middlewares/FatFs/Core/ff.o
 .ARM.attributes
                0x000000000000041b       0x34 ./Middlewares/FatFs/Core/ff_gen_drv.o
 .ARM.attributes
                0x000000000000044f       0x34 ./Middlewares/FatFs/Drivers/usbh_diskio_dma.o
 .ARM.attributes
                0x0000000000000483       0x34 ./Middlewares/STM32_USBH_Library/Class/MSC/usbh_msc.o
 .ARM.attributes
                0x00000000000004b7       0x34 ./Middlewares/STM32_USBH_Library/Class/MSC/usbh_msc_bot.o
 .ARM.attributes
                0x00000000000004eb       0x34 ./Middlewares/STM32_USBH_Library/Class/MSC/usbh_msc_scsi.o
 .ARM.attributes
                0x000000000000051f       0x34 ./Middlewares/STM32_USBH_Library/Core/usbh_core.o
 .ARM.attributes
                0x0000000000000553       0x34 ./Middlewares/STM32_USBH_Library/Core/usbh_ctlreq.o
 .ARM.attributes
                0x0000000000000587       0x34 ./Middlewares/STM32_USBH_Library/Core/usbh_ioreq.o
 .ARM.attributes
                0x00000000000005bb       0x34 ./Middlewares/STM32_USBH_Library/Core/usbh_pipes.o
 .ARM.attributes
                0x00000000000005ef       0x34 /opt/st/stm32cubeide_1.13.1/plugins/com.st.stm32cube.ide.mcu.externaltools.gnu-tools-for-stm32.11.3.rel1.linux64_1.1.100.202309141235/tools/bin/../lib/gcc/arm-none-eabi/11.3.1/../../../../arm-none-eabi/lib/thumb/v7e-m+fp/hard/libc_nano.a(libc_a-malloc.o)
 .ARM.attributes
                0x0000000000000623       0x34 /opt/st/stm32cubeide_1.13.1/plugins/com.st.stm32cube.ide.mcu.externaltools.gnu-tools-for-stm32.11.3.rel1.linux64_1.1.100.202309141235/tools/bin/../lib/gcc/arm-none-eabi/11.3.1/../../../../arm-none-eabi/lib/thumb/v7e-m+fp/hard/libc_nano.a(libc_a-mallocr.o)
 .ARM.attributes
                0x0000000000000657       0x34 /opt/st/stm32cubeide_1.13.1/plugins/com.st.stm32cube.ide.mcu.externaltools.gnu-tools-for-stm32.11.3.rel1.linux64_1.1.100.202309141235/tools/bin/../lib/gcc/arm-none-eabi/11.3.1/../../../../arm-none-eabi/lib/thumb/v7e-m+fp/hard/libc_nano.a(libc_a-mlock.o)
 .ARM.attributes
                0x000000000000068b       0x34 /opt/st/stm32cubeide_1.13.1/plugins/com.st.stm32cube.ide.mcu.externaltools.gnu-tools-for-stm32.11.3.rel1.linux64_1.1.100.202309141235/tools/bin/../lib/gcc/arm-none-eabi/11.3.1/../../../../arm-none-eabi/lib/thumb/v7e-m+fp/hard/libc_nano.a(libc_a-findfp.o)
 .ARM.attributes
                0x00000000000006bf       0x34 /opt/st/stm32cubeide_1.13.1/plugins/com.st.stm32cube.ide.mcu.externaltools.gnu-tools-for-stm32.11.3.rel1.linux64_1.1.100.202309141235/tools/bin/../lib/gcc/arm-none-eabi/11.3.1/../../../../arm-none-eabi/lib/thumb/v7e-m+fp/hard/libc_nano.a(libc_a-fwalk.o)
 .ARM.attributes
                0x00000000000006f3       0x34 /opt/st/stm32cubeide_1.13.1/plugins/com.st.stm32cube.ide.mcu.externaltools.gnu-tools-for-stm32.11.3.rel1.linux64_1.1.100.202309141235/tools/bin/../lib/gcc/arm-none-eabi/11.3.1/../../../../arm-none-eabi/lib/thumb/v7e-m+fp/hard/libc_nano.a(libc_a-printf.o)
 .ARM.attributes
                0x0000000000000727       0x34 /opt/st/stm32cubeide_1.13.1/plugins/com.st.stm32cube.ide.mcu.externaltools.gnu-tools-for-stm32.11.3.rel1.linux64_1.1.100.202309141235/tools/bin/../lib/gcc/arm-none-eabi/11.3.1/../../../../arm-none-eabi/lib/thumb/v7e-m+fp/hard/libc_nano.a(libc_a-putchar.o)
 .ARM.attributes
                0x000000000000075b       0x34 /opt/st/stm32cubeide_1.13.1/plugins/com.st.stm32cube.ide.mcu.externaltools.gnu-tools-for-stm32.11.3.rel1.linux64_1.1.100.202309141235/tools/bin/../lib/gcc/arm-none-eabi/11.3.1/../../../../arm-none-eabi/lib/thumb/v7e-m+fp/hard/libc_nano.a(libc_a-puts.o)
 .ARM.attributes
                0x000000000000078f       0x34 /opt/st/stm32cubeide_1.13.1/plugins/com.st.stm32cube.ide.mcu.externaltools.gnu-tools-for-stm32.11.3.rel1.linux64_1.1.100.202309141235/tools/bin/../lib/gcc/arm-none-eabi/11.3.1/../../../../arm-none-eabi/lib/thumb/v7e-m+fp/hard/libc_nano.a(libc_a-stdio.o)
 .ARM.attributes
                0x00000000000007c3       0x34 /opt/st/stm32cubeide_1.13.1/plugins/com.st.stm32cube.ide.mcu.externaltools.gnu-tools-for-stm32.11.3.rel1.linux64_1.1.100.202309141235/tools/bin/../lib/gcc/arm-none-eabi/11.3.1/../../../../arm-none-eabi/lib/thumb/v7e-m+fp/hard/libc_nano.a(libc_a-wbuf.o)
 .ARM.attributes
                0x00000000000007f7       0x34 /opt/st/stm32cubeide_1.13.1/plugins/com.st.stm32cube.ide.mcu.externaltools.gnu-tools-for-stm32.11.3.rel1.linux64_1.1.100.202309141235/tools/bin/../lib/gcc/arm-none-eabi/11.3.1/../../../../arm-none-eabi/lib/thumb/v7e-m+fp/hard/libc_nano.a(libc_a-wsetup.o)
 .ARM.attributes
                0x000000000000082b       0x34 /opt/st/stm32cubeide_1.13.1/plugins/com.st.stm32cube.ide.mcu.externaltools.gnu-tools-for-stm32.11.3.rel1.linux64_1.1.100.202309141235/tools/bin/../lib/gcc/arm-none-eabi/11.3.1/../../../../arm-none-eabi/lib/thumb/v7e-m+fp/hard/libc_nano.a(libc_a-memset.o)
 .ARM.attributes
                0x000000000000085f       0x34 /opt/st/stm32cubeide_1.13.1/plugins/com.st.stm32cube.ide.mcu.externaltools.gnu-tools-for-stm32.11.3.rel1.linux64_1.1.100.202309141235/tools/bin/../lib/gcc/arm-none-eabi/11.3.1/../../../../arm-none-eabi/lib/thumb/v7e-m+fp/hard/libc_nano.a(libc_a-closer.o)
 .ARM.attributes
                0x0000000000000893       0x34 /opt/st/stm32cubeide_1.13.1/plugins/com.st.stm32cube.ide.mcu.externaltools.gnu-tools-for-stm32.11.3.rel1.linux64_1.1.100.202309141235/tools/bin/../lib/gcc/arm-none-eabi/11.3.1/../../../../arm-none-eabi/lib/thumb/v7e-m+fp/hard/libc_nano.a(libc_a-reent.o)
 .ARM.attributes
                0x00000000000008c7       0x34 /opt/st/stm32cubeide_1.13.1/plugins/com.st.stm32cube.ide.mcu.externaltools.gnu-tools-for-stm32.11.3.rel1.linux64_1.1.100.202309141235/tools/bin/../lib/gcc/arm-none-eabi/11.3.1/../../../../arm-none-eabi/lib/thumb/v7e-m+fp/hard/libc_nano.a(libc_a-impure.o)
 .ARM.attributes
                0x00000000000008fb       0x34 /opt/st/stm32cubeide_1.13.1/plugins/com.st.stm32cube.ide.mcu.externaltools.gnu-tools-for-stm32.11.3.rel1.linux64_1.1.100.202309141235/tools/bin/../lib/gcc/arm-none-eabi/11.3.1/../../../../arm-none-eabi/lib/thumb/v7e-m+fp/hard/libc_nano.a(libc_a-lseekr.o)
 .ARM.attributes
                0x000000000000092f       0x34 /opt/st/stm32cubeide_1.13.1/plugins/com.st.stm32cube.ide.mcu.externaltools.gnu-tools-for-stm32.11.3.rel1.linux64_1.1.100.202309141235/tools/bin/../lib/gcc/arm-none-eabi/11.3.1/../../../../arm-none-eabi/lib/thumb/v7e-m+fp/hard/libc_nano.a(libc_a-readr.o)
 .ARM.attributes
                0x0000000000000963       0x34 /opt/st/stm32cubeide_1.13.1/plugins/com.st.stm32cube.ide.mcu.externaltools.gnu-tools-for-stm32.11.3.rel1.linux64_1.1.100.202309141235/tools/bin/../lib/gcc/arm-none-eabi/11.3.1/../../../../arm-none-eabi/lib/thumb/v7e-m+fp/hard/libc_nano.a(libc_a-sbrkr.o)
 .ARM.attributes
                0x0000000000000997       0x34 /opt/st/stm32cubeide_1.13.1/plugins/com.st.stm32cube.ide.mcu.externaltools.gnu-tools-for-stm32.11.3.rel1.linux64_1.1.100.202309141235/tools/bin/../lib/gcc/arm-none-eabi/11.3.1/../../../../arm-none-eabi/lib/thumb/v7e-m+fp/hard/libc_nano.a(libc_a-writer.o)
 .ARM.attributes
                0x00000000000009cb       0x34 /opt/st/stm32cubeide_1.13.1/plugins/com.st.stm32cube.ide.mcu.externaltools.gnu-tools-for-stm32.11.3.rel1.linux64_1.1.100.202309141235/tools/bin/../lib/gcc/arm-none-eabi/11.3.1/../../../../arm-none-eabi/lib/thumb/v7e-m+fp/hard/libc_nano.a(libc_a-errno.o)
 .ARM.attributes
                0x00000000000009ff       0x34 /opt/st/stm32cubeide_1.13.1/plugins/com.st.stm32cube.ide.mcu.externaltools.gnu-tools-for-stm32.11.3.rel1.linux64_1.1.100.202309141235/tools/bin/../lib/gcc/arm-none-eabi/11.3.1/../../../../arm-none-eabi/lib/thumb/v7e-m+fp/hard/libc_nano.a(libc_a-init.o)
 .ARM.attributes
                0x0000000000000a33       0x34 /opt/st/stm32cubeide_1.13.1/plugins/com.st.stm32cube.ide.mcu.externaltools.gnu-tools-for-stm32.11.3.rel1.linux64_1.1.100.202309141235/tools/bin/../lib/gcc/arm-none-eabi/11.3.1/../../../../arm-none-eabi/lib/thumb/v7e-m+fp/hard/libc_nano.a(libc_a-lock.o)
 .ARM.attributes
                0x0000000000000a67       0x34 /opt/st/stm32cubeide_1.13.1/plugins/com.st.stm32cube.ide.mcu.externaltools.gnu-tools-for-stm32.11.3.rel1.linux64_1.1.100.202309141235/tools/bin/../lib/gcc/arm-none-eabi/11.3.1/../../../../arm-none-eabi/lib/thumb/v7e-m+fp/hard/libc_nano.a(libc_a-memcpy-stub.o)
 .ARM.attributes
                0x0000000000000a9b       0x34 /opt/st/stm32cubeide_1.13.1/plugins/com.st.stm32cube.ide.mcu.externaltools.gnu-tools-for-stm32.11.3.rel1.linux64_1.1.100.202309141235/tools/bin/../lib/gcc/arm-none-eabi/11.3.1/../../../../arm-none-eabi/lib/thumb/v7e-m+fp/hard/libc_nano.a(libc_a-freer.o)
 .ARM.attributes
                0x0000000000000acf       0x34 /opt/st/stm32cubeide_1.13.1/plugins/com.st.stm32cube.ide.mcu.externaltools.gnu-tools-for-stm32.11.3.rel1.linux64_1.1.100.202309141235/tools/bin/../lib/gcc/arm-none-eabi/11.3.1/../../../../arm-none-eabi/lib/thumb/v7e-m+fp/hard/libc_nano.a(libc_a-nano-vfprintf.o)
 .ARM.attributes
                0x0000000000000b03       0x34 /opt/st/stm32cubeide_1.13.1/plugins/com.st.stm32cube.ide.mcu.externaltools.gnu-tools-for-stm32.11.3.rel1.linux64_1.1.100.202309141235/tools/bin/../lib/gcc/arm-none-eabi/11.3.1/../../../../arm-none-eabi/lib/thumb/v7e-m+fp/hard/libc_nano.a(libc_a-nano-vfprintf_i.o)
 .ARM.attributes
                0x0000000000000b37       0x34 /opt/st/stm32cubeide_1.13.1/plugins/com.st.stm32cube.ide.mcu.externaltools.gnu-tools-for-stm32.11.3.rel1.linux64_1.1.100.202309141235/tools/bin/../lib/gcc/arm-none-eabi/11.3.1/../../../../arm-none-eabi/lib/thumb/v7e-m+fp/hard/libc_nano.a(libc_a-fflush.o)
 .ARM.attributes