/home/marcello/STM32CubeIDE/workspace_1.13.1/STM32CubeL4/Drivers/STM32L4xx_HAL_Driver/Src/stm32l4xx_hal_hcd.c:107:19:HAL_HCD_Init	80	static
/home/marcello/STM32CubeIDE/workspace_1.13.1/STM32CubeL4/Drivers/STM32L4xx_HAL_Driver/Src/stm32l4xx_hal_hcd.c:214:19:HAL_HCD_HC_Init	48	static
/home/marcello/STM32CubeIDE/workspace_1.13.1/STM32CubeL4/Drivers/STM32L4xx_HAL_Driver/Src/stm32l4xx_hal_hcd.c:256:19:HAL_HCD_HC_Halt	24	static
/home/marcello/STM32CubeIDE/workspace_1.13.1/STM32CubeL4/Drivers/STM32L4xx_HAL_Driver/Src/stm32l4xx_hal_hcd.c:272:19:HAL_HCD_DeInit	16	static
/home/marcello/STM32CubeIDE/workspace_1.13.1/STM32CubeL4/Drivers/STM32L4xx_HAL_Driver/Src/stm32l4xx_hal_hcd.c:307:14:HAL_HCD_MspInit	16	static
/home/marcello/STM32CubeIDE/workspace_1.13.1/STM32CubeL4/Drivers/STM32L4xx_HAL_Driver/Src/stm32l4xx_hal_hcd.c:322:14:HAL_HCD_MspDeInit	16	static
/home/marcello/STM32CubeIDE/workspace_1.13.1/STM32CubeL4/Drivers/STM32L4xx_HAL_Driver/Src/stm32l4xx_hal_hcd.c:374:19:HAL_HCD_HC_SubmitRequest	16	static
/home/marcello/STM32CubeIDE/workspace_1.13.1/STM32CubeL4/Drivers/STM32L4xx_HAL_Driver/Src/stm32l4xx_hal_hcd.c:504:6:HAL_HCD_IRQHandler	32	static
/home/marcello/STM32CubeIDE/workspace_1.13.1/STM32CubeL4/Drivers/STM32L4xx_HAL_Driver/Src/stm32l4xx_hal_hcd.c:627:13:HAL_HCD_SOF_Callback	16	static
/home/marcello/STM32CubeIDE/workspace_1.13.1/STM32CubeL4/Drivers/STM32L4xx_HAL_Driver/Src/stm32l4xx_hal_hcd.c:642:13:HAL_HCD_Connect_Callback	16	static
/home/marcello/STM32CubeIDE/workspace_1.13.1/STM32CubeL4/Drivers/STM32L4xx_HAL_Driver/Src/stm32l4xx_hal_hcd.c:657:13:HAL_HCD_Disconnect_Callback	16	static
/home/marcello/STM32CubeIDE/workspace_1.13.1/STM32CubeL4/Drivers/STM32L4xx_HAL_Driver/Src/stm32l4xx_hal_hcd.c:672:13:HAL_HCD_PortEnabled_Callback	16	static
/home/marcello/STM32CubeIDE/workspace_1.13.1/STM32CubeL4/Drivers/STM32L4xx_HAL_Driver/Src/stm32l4xx_hal_hcd.c:687:13:HAL_HCD_PortDisabled_Callback	16	static
/home/marcello/STM32CubeIDE/workspace_1.13.1/STM32CubeL4/Drivers/STM32L4xx_HAL_Driver/Src/stm32l4xx_hal_hcd.c:712:13:HAL_HCD_HC_NotifyURBChange_Callback	16	static
/home/marcello/STM32CubeIDE/workspace_1.13.1/STM32CubeL4/Drivers/STM32L4xx_HAL_Driver/Src/stm32l4xx_hal_hcd.c:1028:19:HAL_HCD_Start	16	static
/home/marcello/STM32CubeIDE/workspace_1.13.1/STM32CubeL4/Drivers/STM32L4xx_HAL_Driver/Src/stm32l4xx_hal_hcd.c:1047:19:HAL_HCD_Stop	16	static
/home/marcello/STM32CubeIDE/workspace_1.13.1/STM32CubeL4/Drivers/STM32L4xx_HAL_Driver/Src/stm32l4xx_hal_hcd.c:1061:19:HAL_HCD_ResetPort	16	static
/home/marcello/STM32CubeIDE/workspace_1.13.1/STM32CubeL4/Drivers/STM32L4xx_HAL_Driver/Src/stm32l4xx_hal_hcd.c:1090:18:HAL_HCD_GetState	16	static
/home/marcello/STM32CubeIDE/workspace_1.13.1/STM32CubeL4/Drivers/STM32L4xx_HAL_Driver/Src/stm32l4xx_hal_hcd.c:1109:21:HAL_HCD_HC_GetURBState	16	static
/home/marcello/STM32CubeIDE/workspace_1.13.1/STM32CubeL4/Drivers/STM32L4xx_HAL_Driver/Src/stm32l4xx_hal_hcd.c:1122:10:HAL_HCD_HC_GetXferCount	16	static
/home/marcello/STM32CubeIDE/workspace_1.13.1/STM32CubeL4/Drivers/STM32L4xx_HAL_Driver/Src/stm32l4xx_hal_hcd.c:1144:21:HAL_HCD_HC_GetState	16	static
/home/marcello/STM32CubeIDE/workspace_1.13.1/STM32CubeL4/Drivers/STM32L4xx_HAL_Driver/Src/stm32l4xx_hal_hcd.c:1154:10:HAL_HCD_GetCurrentFrame	16	static
/home/marcello/STM32CubeIDE/workspace_1.13.1/STM32CubeL4/Drivers/STM32L4xx_HAL_Driver/Src/stm32l4xx_hal_hcd.c:1164:10:HAL_HCD_GetCurrentSpeed	16	static
/home/marcello/STM32CubeIDE/workspace_1.13.1/STM32CubeL4/Drivers/STM32L4xx_HAL_Driver/Src/stm32l4xx_hal_hcd.c:1178:19:HAL_HCD_HC_SetHubInfo	16	static
/home/marcello/STM32CubeIDE/workspace_1.13.1/STM32CubeL4/Drivers/STM32L4xx_HAL_Driver/Src/stm32l4xx_hal_hcd.c:1195:19:HAL_HCD_HC_ClearHubInfo	16	static
/home/marcello/STM32CubeIDE/workspace_1.13.1/STM32CubeL4/Drivers/STM32L4xx_HAL_Driver/Src/stm32l4xx_hal_hcd.c:1220:13:HCD_HC_IN_IRQHandler	32	static
/home/marcello/STM32CubeIDE/workspace_1.13.1/STM32CubeL4/Drivers/STM32L4xx_HAL_Driver/Src/stm32l4xx_hal_hcd.c:1436:13:HCD_HC_OUT_IRQHandler	32	static
/home/marcello/STM32CubeIDE/workspace_1.13.1/STM32CubeL4/Drivers/STM32L4xx_HAL_Driver/Src/stm32l4xx_hal_hcd.c:1577:13:HCD_RXQLVL_IRQHandler	48	static
/home/marcello/STM32CubeIDE/workspace_1.13.1/STM32CubeL4/Drivers/STM32L4xx_HAL_Driver/Src/stm32l4xx_hal_hcd.c:1643:13:HCD_Port_IRQHandler	32	static
