/home/marcello/STM32CubeIDE/workspace_1.13.1/STM32CubeL4/Projects/B-L475E-IOT01A/Applications/USB_Host/MSC_Standalone/Src/main.c:84:5:main	56	static
/home/marcello/STM32CubeIDE/workspace_1.13.1/STM32CubeL4/Projects/B-L475E-IOT01A/Applications/USB_Host/MSC_Standalone/Src/main.c:411:6:MSC_Application	128	static
/home/marcello/STM32CubeIDE/workspace_1.13.1/STM32CubeL4/Projects/B-L475E-IOT01A/Applications/USB_Host/MSC_Standalone/Src/main.c:498:13:USBH_UserProcess	16	static
/home/marcello/STM32CubeIDE/workspace_1.13.1/STM32CubeL4/Projects/B-L475E-IOT01A/Applications/USB_Host/MSC_Standalone/Src/main.c:523:6:initRxBuffer	8	static
/home/marcello/STM32CubeIDE/workspace_1.13.1/STM32CubeL4/Projects/B-L475E-IOT01A/Applications/USB_Host/MSC_Standalone/Src/main.c:533:6:deinitRxBuffer	8	static
/home/marcello/STM32CubeIDE/workspace_1.13.1/STM32CubeL4/Projects/B-L475E-IOT01A/Applications/USB_Host/MSC_Standalone/Src/main.c:540:6:processReceivedData	24	static
/home/marcello/STM32CubeIDE/workspace_1.13.1/STM32CubeL4/Projects/B-L475E-IOT01A/Applications/USB_Host/MSC_Standalone/Src/main.c:589:1:__io_putchar	16	static
/home/marcello/STM32CubeIDE/workspace_1.13.1/STM32CubeL4/Projects/B-L475E-IOT01A/Applications/USB_Host/MSC_Standalone/Src/main.c:617:13:SystemClock_Config	232	static
/home/marcello/STM32CubeIDE/workspace_1.13.1/STM32CubeL4/Projects/B-L475E-IOT01A/Applications/USB_Host/MSC_Standalone/Src/main.c:672:6:HAL_UART_RxCpltCallback	16	static
/home/marcello/STM32CubeIDE/workspace_1.13.1/STM32CubeL4/Projects/B-L475E-IOT01A/Applications/USB_Host/MSC_Standalone/Src/main.c:689:13:Error_Handler	16	static
