/home/marcello/STM32CubeIDE/workspace_1.13.1/STM32CubeL4/Projects/B-L475E-IOT01A/Applications/USB_Host/MSC_Standalone/Src/main.c:91:5:main	17
/home/marcello/STM32CubeIDE/workspace_1.13.1/STM32CubeL4/Projects/B-L475E-IOT01A/Applications/USB_Host/MSC_Standalone/Src/main.c:311:6:MSC_Application	8
/home/marcello/STM32CubeIDE/workspace_1.13.1/STM32CubeL4/Projects/B-L475E-IOT01A/Applications/USB_Host/MSC_Standalone/Src/main.c:399:13:USBH_UserProcess	5
/home/marcello/STM32CubeIDE/workspace_1.13.1/STM32CubeL4/Projects/B-L475E-IOT01A/Applications/USB_Host/MSC_Standalone/Src/main.c:424:6:initRxBuffer	2
/home/marcello/STM32CubeIDE/workspace_1.13.1/STM32CubeL4/Projects/B-L475E-IOT01A/Applications/USB_Host/MSC_Standalone/Src/main.c:434:6:deinitRxBuffer	1
/home/marcello/STM32CubeIDE/workspace_1.13.1/STM32CubeL4/Projects/B-L475E-IOT01A/Applications/USB_Host/MSC_Standalone/Src/main.c:441:6:processReceivedData	6
/home/marcello/STM32CubeIDE/workspace_1.13.1/STM32CubeL4/Projects/B-L475E-IOT01A/Applications/USB_Host/MSC_Standalone/Src/main.c:490:1:__io_putchar	1
/home/marcello/STM32CubeIDE/workspace_1.13.1/STM32CubeL4/Projects/B-L475E-IOT01A/Applications/USB_Host/MSC_Standalone/Src/main.c:518:13:SystemClock_Config	4
/home/marcello/STM32CubeIDE/workspace_1.13.1/STM32CubeL4/Projects/B-L475E-IOT01A/Applications/USB_Host/MSC_Standalone/Src/main.c:573:6:HAL_UART_RxCpltCallback	1
/home/marcello/STM32CubeIDE/workspace_1.13.1/STM32CubeL4/Projects/B-L475E-IOT01A/Applications/USB_Host/MSC_Standalone/Src/main.c:581:13:MX_RTC_Init	3
/home/marcello/STM32CubeIDE/workspace_1.13.1/STM32CubeL4/Projects/B-L475E-IOT01A/Applications/USB_Host/MSC_Standalone/Src/main.c:639:13:Error_Handler	1
