/home/marcello/STM32CubeIDE/workspace_1.13.1/STM32CubeL4/Projects/B-L475E-IOT01A/Applications/USB_Host/MSC_Standalone/Src/main.c:84:5:main	16
/home/marcello/STM32CubeIDE/workspace_1.13.1/STM32CubeL4/Projects/B-L475E-IOT01A/Applications/USB_Host/MSC_Standalone/Src/main.c:411:6:MSC_Application	9
/home/marcello/STM32CubeIDE/workspace_1.13.1/STM32CubeL4/Projects/B-L475E-IOT01A/Applications/USB_Host/MSC_Standalone/Src/main.c:498:13:USBH_UserProcess	5
/home/marcello/STM32CubeIDE/workspace_1.13.1/STM32CubeL4/Projects/B-L475E-IOT01A/Applications/USB_Host/MSC_Standalone/Src/main.c:523:6:initRxBuffer	2
/home/marcello/STM32CubeIDE/workspace_1.13.1/STM32CubeL4/Projects/B-L475E-IOT01A/Applications/USB_Host/MSC_Standalone/Src/main.c:533:6:deinitRxBuffer	1
/home/marcello/STM32CubeIDE/workspace_1.13.1/STM32CubeL4/Projects/B-L475E-IOT01A/Applications/USB_Host/MSC_Standalone/Src/main.c:540:6:processReceivedData	6
/home/marcello/STM32CubeIDE/workspace_1.13.1/STM32CubeL4/Projects/B-L475E-IOT01A/Applications/USB_Host/MSC_Standalone/Src/main.c:589:1:__io_putchar	1
/home/marcello/STM32CubeIDE/workspace_1.13.1/STM32CubeL4/Projects/B-L475E-IOT01A/Applications/USB_Host/MSC_Standalone/Src/main.c:617:13:SystemClock_Config	4
/home/marcello/STM32CubeIDE/workspace_1.13.1/STM32CubeL4/Projects/B-L475E-IOT01A/Applications/USB_Host/MSC_Standalone/Src/main.c:672:6:HAL_UART_RxCpltCallback	2
/home/marcello/STM32CubeIDE/workspace_1.13.1/STM32CubeL4/Projects/B-L475E-IOT01A/Applications/USB_Host/MSC_Standalone/Src/main.c:689:13:Error_Handler	1
