/home/marcello/STM32CubeIDE/workspace_1.13.1/STM32CubeL4/Drivers/STM32L4xx_HAL_Driver/Src/stm32l4xx_hal_uart.c:3771:13:UART_EndRxTransfer	0	static,ignoring_inline_asm
/home/marcello/STM32CubeIDE/workspace_1.13.1/STM32CubeL4/Drivers/STM32L4xx_HAL_Driver/Src/stm32l4xx_hal_uart.c:4193:13:UART_TxISR_8BIT.part.0	0	static,ignoring_inline_asm
/home/marcello/STM32CubeIDE/workspace_1.13.1/STM32CubeL4/Drivers/STM32L4xx_HAL_Driver/Src/stm32l4xx_hal_uart.c:4193:13:UART_TxISR_8BIT	0	static
/home/marcello/STM32CubeIDE/workspace_1.13.1/STM32CubeL4/Drivers/STM32L4xx_HAL_Driver/Src/stm32l4xx_hal_uart.c:4226:13:UART_TxISR_16BIT	0	static
/home/marcello/STM32CubeIDE/workspace_1.13.1/STM32CubeL4/Drivers/STM32L4xx_HAL_Driver/Src/stm32l4xx_hal_uart.c:699:13:HAL_UART_MspInit	0	static
/home/marcello/STM32CubeIDE/workspace_1.13.1/STM32CubeL4/Drivers/STM32L4xx_HAL_Driver/Src/stm32l4xx_hal_uart.c:714:13:HAL_UART_MspDeInit	0	static
/home/marcello/STM32CubeIDE/workspace_1.13.1/STM32CubeL4/Drivers/STM32L4xx_HAL_Driver/Src/stm32l4xx_hal_uart.c:652:19:HAL_UART_DeInit	16	static
/home/marcello/STM32CubeIDE/workspace_1.13.1/STM32CubeL4/Drivers/STM32L4xx_HAL_Driver/Src/stm32l4xx_hal_uart.c:1319:19:HAL_UART_Transmit_IT	0	static,ignoring_inline_asm
/home/marcello/STM32CubeIDE/workspace_1.13.1/STM32CubeL4/Drivers/STM32L4xx_HAL_Driver/Src/stm32l4xx_hal_uart.c:1443:19:HAL_UART_Transmit_DMA	24	static,ignoring_inline_asm
/home/marcello/STM32CubeIDE/workspace_1.13.1/STM32CubeL4/Drivers/STM32L4xx_HAL_Driver/Src/stm32l4xx_hal_uart.c:1549:19:HAL_UART_DMAPause	0	static,ignoring_inline_asm
/home/marcello/STM32CubeIDE/workspace_1.13.1/STM32CubeL4/Drivers/STM32L4xx_HAL_Driver/Src/stm32l4xx_hal_uart.c:1579:19:HAL_UART_DMAResume	0	static,ignoring_inline_asm
/home/marcello/STM32CubeIDE/workspace_1.13.1/STM32CubeL4/Drivers/STM32L4xx_HAL_Driver/Src/stm32l4xx_hal_uart.c:1610:19:HAL_UART_DMAStop	16	static,ignoring_inline_asm
/home/marcello/STM32CubeIDE/workspace_1.13.1/STM32CubeL4/Drivers/STM32L4xx_HAL_Driver/Src/stm32l4xx_hal_uart.c:1685:19:HAL_UART_Abort	8	static,ignoring_inline_asm
/home/marcello/STM32CubeIDE/workspace_1.13.1/STM32CubeL4/Drivers/STM32L4xx_HAL_Driver/Src/stm32l4xx_hal_uart.c:1796:19:HAL_UART_AbortTransmit	8	static,ignoring_inline_asm
/home/marcello/STM32CubeIDE/workspace_1.13.1/STM32CubeL4/Drivers/STM32L4xx_HAL_Driver/Src/stm32l4xx_hal_uart.c:1862:19:HAL_UART_AbortReceive	8	static,ignoring_inline_asm
/home/marcello/STM32CubeIDE/workspace_1.13.1/STM32CubeL4/Drivers/STM32L4xx_HAL_Driver/Src/stm32l4xx_hal_uart.c:2658:13:HAL_UART_TxCpltCallback	0	static
/home/marcello/STM32CubeIDE/workspace_1.13.1/STM32CubeL4/Drivers/STM32L4xx_HAL_Driver/Src/stm32l4xx_hal_uart.c:3802:13:UART_DMATransmitCplt	8	static,ignoring_inline_asm
/home/marcello/STM32CubeIDE/workspace_1.13.1/STM32CubeL4/Drivers/STM32L4xx_HAL_Driver/Src/stm32l4xx_hal_uart.c:2673:13:HAL_UART_TxHalfCpltCallback	0	static
/home/marcello/STM32CubeIDE/workspace_1.13.1/STM32CubeL4/Drivers/STM32L4xx_HAL_Driver/Src/stm32l4xx_hal_uart.c:3836:13:UART_DMATxHalfCplt	8	static
/home/marcello/STM32CubeIDE/workspace_1.13.1/STM32CubeL4/Drivers/STM32L4xx_HAL_Driver/Src/stm32l4xx_hal_uart.c:2688:13:HAL_UART_RxCpltCallback	0	static
/home/marcello/STM32CubeIDE/workspace_1.13.1/STM32CubeL4/Drivers/STM32L4xx_HAL_Driver/Src/stm32l4xx_hal_uart.c:2703:13:HAL_UART_RxHalfCpltCallback	0	static
/home/marcello/STM32CubeIDE/workspace_1.13.1/STM32CubeL4/Drivers/STM32L4xx_HAL_Driver/Src/stm32l4xx_hal_uart.c:2718:13:HAL_UART_ErrorCallback	0	static
/home/marcello/STM32CubeIDE/workspace_1.13.1/STM32CubeL4/Drivers/STM32L4xx_HAL_Driver/Src/stm32l4xx_hal_uart.c:3953:13:UART_DMAError	8	static,ignoring_inline_asm
/home/marcello/STM32CubeIDE/workspace_1.13.1/STM32CubeL4/Drivers/STM32L4xx_HAL_Driver/Src/stm32l4xx_hal_uart.c:3993:13:UART_DMAAbortOnError	8	static
/home/marcello/STM32CubeIDE/workspace_1.13.1/STM32CubeL4/Drivers/STM32L4xx_HAL_Driver/Src/stm32l4xx_hal_uart.c:2733:13:HAL_UART_AbortCpltCallback	0	static
/home/marcello/STM32CubeIDE/workspace_1.13.1/STM32CubeL4/Drivers/STM32L4xx_HAL_Driver/Src/stm32l4xx_hal_uart.c:1936:19:HAL_UART_Abort_IT	16	static,ignoring_inline_asm
/home/marcello/STM32CubeIDE/workspace_1.13.1/STM32CubeL4/Drivers/STM32L4xx_HAL_Driver/Src/stm32l4xx_hal_uart.c:4073:13:UART_DMARxAbortCallback	8	static
/home/marcello/STM32CubeIDE/workspace_1.13.1/STM32CubeL4/Drivers/STM32L4xx_HAL_Driver/Src/stm32l4xx_hal_uart.c:4016:13:UART_DMATxAbortCallback	8	static
/home/marcello/STM32CubeIDE/workspace_1.13.1/STM32CubeL4/Drivers/STM32L4xx_HAL_Driver/Src/stm32l4xx_hal_uart.c:2748:13:HAL_UART_AbortTransmitCpltCallback	0	static
/home/marcello/STM32CubeIDE/workspace_1.13.1/STM32CubeL4/Drivers/STM32L4xx_HAL_Driver/Src/stm32l4xx_hal_uart.c:2096:19:HAL_UART_AbortTransmit_IT	8	static,ignoring_inline_asm
/home/marcello/STM32CubeIDE/workspace_1.13.1/STM32CubeL4/Drivers/STM32L4xx_HAL_Driver/Src/stm32l4xx_hal_uart.c:4125:13:UART_DMATxOnlyAbortCallback	8	static
/home/marcello/STM32CubeIDE/workspace_1.13.1/STM32CubeL4/Drivers/STM32L4xx_HAL_Driver/Src/stm32l4xx_hal_uart.c:2763:13:HAL_UART_AbortReceiveCpltCallback	0	static
/home/marcello/STM32CubeIDE/workspace_1.13.1/STM32CubeL4/Drivers/STM32L4xx_HAL_Driver/Src/stm32l4xx_hal_uart.c:2193:19:HAL_UART_AbortReceive_IT	8	static,ignoring_inline_asm
/home/marcello/STM32CubeIDE/workspace_1.13.1/STM32CubeL4/Drivers/STM32L4xx_HAL_Driver/Src/stm32l4xx_hal_uart.c:4160:13:UART_DMARxOnlyAbortCallback	8	static
/home/marcello/STM32CubeIDE/workspace_1.13.1/STM32CubeL4/Drivers/STM32L4xx_HAL_Driver/Src/stm32l4xx_hal_uart.c:2780:13:HAL_UARTEx_RxEventCallback	0	static
/home/marcello/STM32CubeIDE/workspace_1.13.1/STM32CubeL4/Drivers/STM32L4xx_HAL_Driver/Src/stm32l4xx_hal_uart.c:2291:6:HAL_UART_IRQHandler	16	static,ignoring_inline_asm
/home/marcello/STM32CubeIDE/workspace_1.13.1/STM32CubeL4/Drivers/STM32L4xx_HAL_Driver/Src/stm32l4xx_hal_uart.c:4370:13:UART_RxISR_8BIT	8	static,ignoring_inline_asm
/home/marcello/STM32CubeIDE/workspace_1.13.1/STM32CubeL4/Drivers/STM32L4xx_HAL_Driver/Src/stm32l4xx_hal_uart.c:4465:13:UART_RxISR_16BIT	8	static,ignoring_inline_asm
/home/marcello/STM32CubeIDE/workspace_1.13.1/STM32CubeL4/Drivers/STM32L4xx_HAL_Driver/Src/stm32l4xx_hal_uart.c:3915:13:UART_DMARxHalfCplt	8	static
/home/marcello/STM32CubeIDE/workspace_1.13.1/STM32CubeL4/Drivers/STM32L4xx_HAL_Driver/Src/stm32l4xx_hal_uart.c:3854:13:UART_DMAReceiveCplt	8	static,ignoring_inline_asm
/home/marcello/STM32CubeIDE/workspace_1.13.1/STM32CubeL4/Drivers/STM32L4xx_HAL_Driver/Src/stm32l4xx_hal_uart.c:2828:6:HAL_UART_ReceiverTimeout_Config	0	static
/home/marcello/STM32CubeIDE/workspace_1.13.1/STM32CubeL4/Drivers/STM32L4xx_HAL_Driver/Src/stm32l4xx_hal_uart.c:2843:19:HAL_UART_EnableReceiverTimeout	0	static
/home/marcello/STM32CubeIDE/workspace_1.13.1/STM32CubeL4/Drivers/STM32L4xx_HAL_Driver/Src/stm32l4xx_hal_uart.c:2881:19:HAL_UART_DisableReceiverTimeout	0	static
/home/marcello/STM32CubeIDE/workspace_1.13.1/STM32CubeL4/Drivers/STM32L4xx_HAL_Driver/Src/stm32l4xx_hal_uart.c:2959:6:HAL_MultiProcessor_EnterMuteMode	0	static
/home/marcello/STM32CubeIDE/workspace_1.13.1/STM32CubeL4/Drivers/STM32L4xx_HAL_Driver/Src/stm32l4xx_hal_uart.c:2969:19:HAL_HalfDuplex_EnableTransmitter	8	static,ignoring_inline_asm
/home/marcello/STM32CubeIDE/workspace_1.13.1/STM32CubeL4/Drivers/STM32L4xx_HAL_Driver/Src/stm32l4xx_hal_uart.c:2992:19:HAL_HalfDuplex_EnableReceiver	8	static,ignoring_inline_asm
/home/marcello/STM32CubeIDE/workspace_1.13.1/STM32CubeL4/Drivers/STM32L4xx_HAL_Driver/Src/stm32l4xx_hal_uart.c:3016:19:HAL_LIN_SendBreak	0	static
/home/marcello/STM32CubeIDE/workspace_1.13.1/STM32CubeL4/Drivers/STM32L4xx_HAL_Driver/Src/stm32l4xx_hal_uart.c:3061:23:HAL_UART_GetState	0	static
/home/marcello/STM32CubeIDE/workspace_1.13.1/STM32CubeL4/Drivers/STM32L4xx_HAL_Driver/Src/stm32l4xx_hal_uart.c:3077:10:HAL_UART_GetError	0	static
/home/marcello/STM32CubeIDE/workspace_1.13.1/STM32CubeL4/Drivers/STM32L4xx_HAL_Driver/Src/stm32l4xx_hal_uart.c:3125:19:UART_SetConfig	16	static
/home/marcello/STM32CubeIDE/workspace_1.13.1/STM32CubeL4/Drivers/STM32L4xx_HAL_Driver/Src/stm32l4xx_hal_uart.c:3380:6:UART_AdvFeatureConfig	8	static
/home/marcello/STM32CubeIDE/workspace_1.13.1/STM32CubeL4/Drivers/STM32L4xx_HAL_Driver/Src/stm32l4xx_hal_uart.c:3531:19:UART_WaitOnFlagUntilTimeout	32	static
/home/marcello/STM32CubeIDE/workspace_1.13.1/STM32CubeL4/Drivers/STM32L4xx_HAL_Driver/Src/stm32l4xx_hal_uart.c:1145:19:HAL_UART_Transmit	40	static
/home/marcello/STM32CubeIDE/workspace_1.13.1/STM32CubeL4/Drivers/STM32L4xx_HAL_Driver/Src/stm32l4xx_hal_uart.c:1235:19:HAL_UART_Receive	40	static
/home/marcello/STM32CubeIDE/workspace_1.13.1/STM32CubeL4/Drivers/STM32L4xx_HAL_Driver/Src/stm32l4xx_hal_uart.c:3454:19:UART_CheckIdleState	32	static,ignoring_inline_asm
/home/marcello/STM32CubeIDE/workspace_1.13.1/STM32CubeL4/Drivers/STM32L4xx_HAL_Driver/Src/stm32l4xx_hal_uart.c:327:19:HAL_UART_Init	8	static
/home/marcello/STM32CubeIDE/workspace_1.13.1/STM32CubeL4/Drivers/STM32L4xx_HAL_Driver/Src/stm32l4xx_hal_uart.c:402:19:HAL_HalfDuplex_Init	8	static
/home/marcello/STM32CubeIDE/workspace_1.13.1/STM32CubeL4/Drivers/STM32L4xx_HAL_Driver/Src/stm32l4xx_hal_uart.c:477:19:HAL_LIN_Init	16	static
/home/marcello/STM32CubeIDE/workspace_1.13.1/STM32CubeL4/Drivers/STM32L4xx_HAL_Driver/Src/stm32l4xx_hal_uart.c:576:19:HAL_MultiProcessor_Init	16	static
/home/marcello/STM32CubeIDE/workspace_1.13.1/STM32CubeL4/Drivers/STM32L4xx_HAL_Driver/Src/stm32l4xx_hal_uart.c:2919:19:HAL_MultiProcessor_EnableMuteMode	0	static,ignoring_inline_asm
/home/marcello/STM32CubeIDE/workspace_1.13.1/STM32CubeL4/Drivers/STM32L4xx_HAL_Driver/Src/stm32l4xx_hal_uart.c:2939:19:HAL_MultiProcessor_DisableMuteMode	0	static,ignoring_inline_asm
/home/marcello/STM32CubeIDE/workspace_1.13.1/STM32CubeL4/Drivers/STM32L4xx_HAL_Driver/Src/stm32l4xx_hal_uart.c:3599:19:UART_Start_Receive_IT	8	static,ignoring_inline_asm
/home/marcello/STM32CubeIDE/workspace_1.13.1/STM32CubeL4/Drivers/STM32L4xx_HAL_Driver/Src/stm32l4xx_hal_uart.c:1402:19:HAL_UART_Receive_IT	8	static,ignoring_inline_asm
/home/marcello/STM32CubeIDE/workspace_1.13.1/STM32CubeL4/Drivers/STM32L4xx_HAL_Driver/Src/stm32l4xx_hal_uart.c:3693:19:UART_Start_Receive_DMA	16	static,ignoring_inline_asm
/home/marcello/STM32CubeIDE/workspace_1.13.1/STM32CubeL4/Drivers/STM32L4xx_HAL_Driver/Src/stm32l4xx_hal_uart.c:1513:19:HAL_UART_Receive_DMA	8	static,ignoring_inline_asm
