/home/marcello/STM32CubeIDE/workspace_1.13.1/STM32CubeL4/Drivers/STM32L4xx_HAL_Driver/Src/stm32l4xx_hal_hcd.c:214:19:HAL_HCD_HC_Init	40	static
/home/marcello/STM32CubeIDE/workspace_1.13.1/STM32CubeL4/Drivers/STM32L4xx_HAL_Driver/Src/stm32l4xx_hal_hcd.c:256:19:HAL_HCD_HC_Halt	8	static
/home/marcello/STM32CubeIDE/workspace_1.13.1/STM32CubeL4/Drivers/STM32L4xx_HAL_Driver/Src/stm32l4xx_hal_hcd.c:307:14:HAL_HCD_MspInit	0	static
/home/marcello/STM32CubeIDE/workspace_1.13.1/STM32CubeL4/Drivers/STM32L4xx_HAL_Driver/Src/stm32l4xx_hal_hcd.c:107:19:HAL_HCD_Init	64	static
/home/marcello/STM32CubeIDE/workspace_1.13.1/STM32CubeL4/Drivers/STM32L4xx_HAL_Driver/Src/stm32l4xx_hal_hcd.c:322:14:HAL_HCD_MspDeInit	0	static
/home/marcello/STM32CubeIDE/workspace_1.13.1/STM32CubeL4/Drivers/STM32L4xx_HAL_Driver/Src/stm32l4xx_hal_hcd.c:272:19:HAL_HCD_DeInit	8	static
/home/marcello/STM32CubeIDE/workspace_1.13.1/STM32CubeL4/Drivers/STM32L4xx_HAL_Driver/Src/stm32l4xx_hal_hcd.c:374:19:HAL_HCD_HC_SubmitRequest	16	static
/home/marcello/STM32CubeIDE/workspace_1.13.1/STM32CubeL4/Drivers/STM32L4xx_HAL_Driver/Src/stm32l4xx_hal_hcd.c:627:13:HAL_HCD_SOF_Callback	0	static
/home/marcello/STM32CubeIDE/workspace_1.13.1/STM32CubeL4/Drivers/STM32L4xx_HAL_Driver/Src/stm32l4xx_hal_hcd.c:642:13:HAL_HCD_Connect_Callback	0	static
/home/marcello/STM32CubeIDE/workspace_1.13.1/STM32CubeL4/Drivers/STM32L4xx_HAL_Driver/Src/stm32l4xx_hal_hcd.c:657:13:HAL_HCD_Disconnect_Callback	0	static
/home/marcello/STM32CubeIDE/workspace_1.13.1/STM32CubeL4/Drivers/STM32L4xx_HAL_Driver/Src/stm32l4xx_hal_hcd.c:672:13:HAL_HCD_PortEnabled_Callback	0	static
/home/marcello/STM32CubeIDE/workspace_1.13.1/STM32CubeL4/Drivers/STM32L4xx_HAL_Driver/Src/stm32l4xx_hal_hcd.c:687:13:HAL_HCD_PortDisabled_Callback	0	static
/home/marcello/STM32CubeIDE/workspace_1.13.1/STM32CubeL4/Drivers/STM32L4xx_HAL_Driver/Src/stm32l4xx_hal_hcd.c:712:13:HAL_HCD_HC_NotifyURBChange_Callback	0	static
/home/marcello/STM32CubeIDE/workspace_1.13.1/STM32CubeL4/Drivers/STM32L4xx_HAL_Driver/Src/stm32l4xx_hal_hcd.c:504:6:HAL_HCD_IRQHandler	56	static
/home/marcello/STM32CubeIDE/workspace_1.13.1/STM32CubeL4/Drivers/STM32L4xx_HAL_Driver/Src/stm32l4xx_hal_hcd.c:1028:19:HAL_HCD_Start	8	static
/home/marcello/STM32CubeIDE/workspace_1.13.1/STM32CubeL4/Drivers/STM32L4xx_HAL_Driver/Src/stm32l4xx_hal_hcd.c:1047:19:HAL_HCD_Stop	8	static
/home/marcello/STM32CubeIDE/workspace_1.13.1/STM32CubeL4/Drivers/STM32L4xx_HAL_Driver/Src/stm32l4xx_hal_hcd.c:1061:19:HAL_HCD_ResetPort	0	static
/home/marcello/STM32CubeIDE/workspace_1.13.1/STM32CubeL4/Drivers/STM32L4xx_HAL_Driver/Src/stm32l4xx_hal_hcd.c:1090:18:HAL_HCD_GetState	0	static
/home/marcello/STM32CubeIDE/workspace_1.13.1/STM32CubeL4/Drivers/STM32L4xx_HAL_Driver/Src/stm32l4xx_hal_hcd.c:1109:21:HAL_HCD_HC_GetURBState	0	static
/home/marcello/STM32CubeIDE/workspace_1.13.1/STM32CubeL4/Drivers/STM32L4xx_HAL_Driver/Src/stm32l4xx_hal_hcd.c:1122:10:HAL_HCD_HC_GetXferCount	0	static
/home/marcello/STM32CubeIDE/workspace_1.13.1/STM32CubeL4/Drivers/STM32L4xx_HAL_Driver/Src/stm32l4xx_hal_hcd.c:1144:21:HAL_HCD_HC_GetState	0	static
/home/marcello/STM32CubeIDE/workspace_1.13.1/STM32CubeL4/Drivers/STM32L4xx_HAL_Driver/Src/stm32l4xx_hal_hcd.c:1154:10:HAL_HCD_GetCurrentFrame	0	static
/home/marcello/STM32CubeIDE/workspace_1.13.1/STM32CubeL4/Drivers/STM32L4xx_HAL_Driver/Src/stm32l4xx_hal_hcd.c:1164:10:HAL_HCD_GetCurrentSpeed	0	static
/home/marcello/STM32CubeIDE/workspace_1.13.1/STM32CubeL4/Drivers/STM32L4xx_HAL_Driver/Src/stm32l4xx_hal_hcd.c:1178:19:HAL_HCD_HC_SetHubInfo	8	static
/home/marcello/STM32CubeIDE/workspace_1.13.1/STM32CubeL4/Drivers/STM32L4xx_HAL_Driver/Src/stm32l4xx_hal_hcd.c:1195:19:HAL_HCD_HC_ClearHubInfo	0	static
