/home/marcello/STM32CubeIDE/workspace_1.13.1/STM32CubeL4/Middlewares/ST/STM32_USB_Host_Library/Class/MSC/Src/usbh_msc.c:549:27:USBH_MSC_SOFProcess	0	static
/home/marcello/STM32CubeIDE/workspace_1.13.1/STM32CubeL4/Middlewares/ST/STM32_USB_Host_Library/Class/MSC/Src/usbh_msc.c:338:27:USBH_MSC_Process	24	static
/home/marcello/STM32CubeIDE/workspace_1.13.1/STM32CubeL4/Middlewares/ST/STM32_USB_Host_Library/Class/MSC/Src/usbh_msc.c:282:27:USBH_MSC_ClassRequest	8	static
/home/marcello/STM32CubeIDE/workspace_1.13.1/STM32CubeL4/Middlewares/ST/STM32_USB_Host_Library/Class/MSC/Src/usbh_msc.c:248:27:USBH_MSC_InterfaceDeInit	16	static
/home/marcello/STM32CubeIDE/workspace_1.13.1/STM32CubeL4/Middlewares/ST/STM32_USB_Host_Library/Class/MSC/Src/usbh_msc.c:150:27:USBH_MSC_InterfaceInit	40	static
/home/marcello/STM32CubeIDE/workspace_1.13.1/STM32CubeL4/Middlewares/ST/STM32_USB_Host_Library/Class/MSC/Src/usbh_msc.c:563:27:USBH_MSC_RdWrProcess	24	static
/home/marcello/STM32CubeIDE/workspace_1.13.1/STM32CubeL4/Middlewares/ST/STM32_USB_Host_Library/Class/MSC/Src/usbh_msc.c:684:9:USBH_MSC_IsReady	0	static
/home/marcello/STM32CubeIDE/workspace_1.13.1/STM32CubeL4/Middlewares/ST/STM32_USB_Host_Library/Class/MSC/Src/usbh_msc.c:707:9:USBH_MSC_GetMaxLUN	0	static
/home/marcello/STM32CubeIDE/workspace_1.13.1/STM32CubeL4/Middlewares/ST/STM32_USB_Host_Library/Class/MSC/Src/usbh_msc.c:726:9:USBH_MSC_UnitIsReady	0	static
/home/marcello/STM32CubeIDE/workspace_1.13.1/STM32CubeL4/Middlewares/ST/STM32_USB_Host_Library/Class/MSC/Src/usbh_msc.c:750:20:USBH_MSC_GetLUNInfo	8	static
/home/marcello/STM32CubeIDE/workspace_1.13.1/STM32CubeL4/Middlewares/ST/STM32_USB_Host_Library/Class/MSC/Src/usbh_msc.c:774:20:USBH_MSC_Read	32	static
/home/marcello/STM32CubeIDE/workspace_1.13.1/STM32CubeL4/Middlewares/ST/STM32_USB_Host_Library/Class/MSC/Src/usbh_msc.c:821:20:USBH_MSC_Write	32	static
